wssfm1xrx.c:83:20:WSSFM1XRX_Init	24	static
wssfm1xrx.c:116:20:WSSFM1XRX_Wait_NonBlock	16	static
wssfm1xrx.c:144:20:WSSFM1XRX_Wait_Block	16	static
wssfm1xrx.c:160:20:WSSFM1XRX_Sleep	24	static
wssfm1xrx.c:174:20:WSSFM1XRX_WakeUP	16	static
wssfm1xrx.c:201:20:WSSFM1XRX_ResetModule	16	static
wssfm1xrx.c:231:20:WSSFM1XRX_CheckModule	24	static
wssfm1xrx.c:247:20:WSSFM1XRX_GetID	24	static
wssfm1xrx.c:265:20:WSSFM1XRX_GetPAC	24	static
wssfm1xrx.c:282:20:WSSFM1XRX_GetVoltage	40	static
wssfm1xrx.c:302:20:WSSFM1XRX_AskChannels	40	static
wssfm1xrx.c:327:20:WSSFM1XRX_CheckChannels	24	static
wssfm1xrx.c:348:20:WSSFM1XRX_ResetChannels	24	static
wssfm1xrx.c:362:20:WSSFM1XRX_ChangeFrequencyUL	32	static
wssfm1xrx.c:374:20:WSSFM1XRX_AskFrequencyUL	40	static
wssfm1xrx.c:397:20:WSSFM1XRX_SaveParameters	24	static
wssfm1xrx.c:418:20:WSSFM1XRX_SendMessage	96	static
wssfm1xrx.c:455:20:WSSFM1XRX_SendRawMessage	32	static
wssfm1xrx.c:502:6:WSSFM1XRX_ISRRX	16	static
wssfm1xrx.c:531:20:WSSFM1XRX_MatchResponse	24	static
wssfm1xrx.c:548:23:DL_DiscriminateDownLink	32	static
wssfm1xrx.c:585:13:WSSFM1XRX_StringTX	16	static
wssfm1xrx.c:590:13:WSSFM1XRX_ResetObject	16	static
wssfm1xrx.c:604:13:WSSFM1XRX_BuildFrame	48	static
wssfm1xrx.c:622:27:WSSFM1XRX_WaitForResponse	32	static
wssfm1xrx.c:632:6:NibbletoX	24	static
wssfm1xrx.c:651:20:WSSFM1XRX_GetRespNoexpected	32	static
