Globals.c:66:6:RSTCtrl_Sigfox	16	static
Globals.c:70:6:RST2Ctrl_Sigfox	16	static
Globals.c:77:6:UART_SIGFOX_TX_STM	16	static
Globals.c:83:6:PutCharWrapperUart_1	16	static
Globals.c:88:6:PutCharWrapperUart_2	16	static
Globals.c:93:6:PutStringWrapperUart_2	16	static
Globals.c:109:6:PrintStringVar	48	dynamic
Globals.c:119:6:PrintString	16	static
Globals.c:128:23:DiscrimateFrameType	24	static
Globals.c:157:6:IndicatorBlink	16	static
Globals.c:169:15:LedColor	16	static
Globals.c:172:6:get_system_reset_cause	16	static
Globals.c:207:6:HAL_UART_RxCpltCallback	16	static
Globals.c:217:6:ProjectInformation	8	static
