Globals.c:69:6:RSTCtrl_Sigfox	16	static
Globals.c:73:6:RST2Ctrl_Sigfox	16	static
Globals.c:80:6:UART_SIGFOX_TX_STM	16	static
Globals.c:84:6:PutCharWrapperUart_3	16	static
Globals.c:89:6:PutStringWrapperUart_3	16	static
Globals.c:98:6:PutCharWrapperUart_1	16	static
Globals.c:103:6:PutCharWrapperUart_2	16	static
Globals.c:109:6:PutStringWrapperUart_2	16	static
Globals.c:125:6:PrintStringVar	48	dynamic
Globals.c:135:6:PrintString	16	static
Globals.c:144:23:DiscrimateFrameType	24	static
Globals.c:173:6:IndicatorBlink	16	static
Globals.c:185:15:LedColor	16	static
Globals.c:188:6:get_system_reset_cause	24	static
Globals.c:231:6:HAL_UART_RxCpltCallback	16	static
Globals.c:250:6:ProjectInformation	8	static
