Archive member included to satisfy reference by file (symbol)

c:/st/stm32cubeide_1.0.1/stm32cubeide/plugins/com.st.stm32cube.ide.mcu.externaltools.gnu-tools-for-stm32.7-2018-q2-update.win32_1.0.0.201904181610/tools/bin/../lib/gcc/arm-none-eabi/7.3.1/../../../../arm-none-eabi/lib/thumb/v7e-m/fpv4-sp/hard\libc_nano.a(lib_a-errno.o)
                              Src/syscalls.o (__errno)
c:/st/stm32cubeide_1.0.1/stm32cubeide/plugins/com.st.stm32cube.ide.mcu.externaltools.gnu-tools-for-stm32.7-2018-q2-update.win32_1.0.0.201904181610/tools/bin/../lib/gcc/arm-none-eabi/7.3.1/../../../../arm-none-eabi/lib/thumb/v7e-m/fpv4-sp/hard\libc_nano.a(lib_a-exit.o)
                              c:/st/stm32cubeide_1.0.1/stm32cubeide/plugins/com.st.stm32cube.ide.mcu.externaltools.gnu-tools-for-stm32.7-2018-q2-update.win32_1.0.0.201904181610/tools/bin/../lib/gcc/arm-none-eabi/7.3.1/../../../../arm-none-eabi/lib/thumb/v7e-m/fpv4-sp/hard/crt0.o (exit)
c:/st/stm32cubeide_1.0.1/stm32cubeide/plugins/com.st.stm32cube.ide.mcu.externaltools.gnu-tools-for-stm32.7-2018-q2-update.win32_1.0.0.201904181610/tools/bin/../lib/gcc/arm-none-eabi/7.3.1/../../../../arm-none-eabi/lib/thumb/v7e-m/fpv4-sp/hard\libc_nano.a(lib_a-impure.o)
                              c:/st/stm32cubeide_1.0.1/stm32cubeide/plugins/com.st.stm32cube.ide.mcu.externaltools.gnu-tools-for-stm32.7-2018-q2-update.win32_1.0.0.201904181610/tools/bin/../lib/gcc/arm-none-eabi/7.3.1/../../../../arm-none-eabi/lib/thumb/v7e-m/fpv4-sp/hard\libc_nano.a(lib_a-exit.o) (_global_impure_ptr)
c:/st/stm32cubeide_1.0.1/stm32cubeide/plugins/com.st.stm32cube.ide.mcu.externaltools.gnu-tools-for-stm32.7-2018-q2-update.win32_1.0.0.201904181610/tools/bin/../lib/gcc/arm-none-eabi/7.3.1/../../../../arm-none-eabi/lib/thumb/v7e-m/fpv4-sp/hard\libc_nano.a(lib_a-init.o)
                              c:/st/stm32cubeide_1.0.1/stm32cubeide/plugins/com.st.stm32cube.ide.mcu.externaltools.gnu-tools-for-stm32.7-2018-q2-update.win32_1.0.0.201904181610/tools/bin/../lib/gcc/arm-none-eabi/7.3.1/../../../../arm-none-eabi/lib/thumb/v7e-m/fpv4-sp/hard/crt0.o (__libc_init_array)
c:/st/stm32cubeide_1.0.1/stm32cubeide/plugins/com.st.stm32cube.ide.mcu.externaltools.gnu-tools-for-stm32.7-2018-q2-update.win32_1.0.0.201904181610/tools/bin/../lib/gcc/arm-none-eabi/7.3.1/../../../../arm-none-eabi/lib/thumb/v7e-m/fpv4-sp/hard\libc_nano.a(lib_a-locale.o)
                              Src/Kernel/QuarkTS.o (__locale_ctype_ptr)
c:/st/stm32cubeide_1.0.1/stm32cubeide/plugins/com.st.stm32cube.ide.mcu.externaltools.gnu-tools-for-stm32.7-2018-q2-update.win32_1.0.0.201904181610/tools/bin/../lib/gcc/arm-none-eabi/7.3.1/../../../../arm-none-eabi/lib/thumb/v7e-m/fpv4-sp/hard\libc_nano.a(lib_a-mbtowc_r.o)
                              c:/st/stm32cubeide_1.0.1/stm32cubeide/plugins/com.st.stm32cube.ide.mcu.externaltools.gnu-tools-for-stm32.7-2018-q2-update.win32_1.0.0.201904181610/tools/bin/../lib/gcc/arm-none-eabi/7.3.1/../../../../arm-none-eabi/lib/thumb/v7e-m/fpv4-sp/hard\libc_nano.a(lib_a-locale.o) (__ascii_mbtowc)
c:/st/stm32cubeide_1.0.1/stm32cubeide/plugins/com.st.stm32cube.ide.mcu.externaltools.gnu-tools-for-stm32.7-2018-q2-update.win32_1.0.0.201904181610/tools/bin/../lib/gcc/arm-none-eabi/7.3.1/../../../../arm-none-eabi/lib/thumb/v7e-m/fpv4-sp/hard\libc_nano.a(lib_a-memcpy-stub.o)
                              Src/Kernel/QuarkTS.o (memcpy)
c:/st/stm32cubeide_1.0.1/stm32cubeide/plugins/com.st.stm32cube.ide.mcu.externaltools.gnu-tools-for-stm32.7-2018-q2-update.win32_1.0.0.201904181610/tools/bin/../lib/gcc/arm-none-eabi/7.3.1/../../../../arm-none-eabi/lib/thumb/v7e-m/fpv4-sp/hard\libc_nano.a(lib_a-memset.o)
                              c:/st/stm32cubeide_1.0.1/stm32cubeide/plugins/com.st.stm32cube.ide.mcu.externaltools.gnu-tools-for-stm32.7-2018-q2-update.win32_1.0.0.201904181610/tools/bin/../lib/gcc/arm-none-eabi/7.3.1/../../../../arm-none-eabi/lib/thumb/v7e-m/fpv4-sp/hard/crt0.o (memset)
c:/st/stm32cubeide_1.0.1/stm32cubeide/plugins/com.st.stm32cube.ide.mcu.externaltools.gnu-tools-for-stm32.7-2018-q2-update.win32_1.0.0.201904181610/tools/bin/../lib/gcc/arm-none-eabi/7.3.1/../../../../arm-none-eabi/lib/thumb/v7e-m/fpv4-sp/hard\libc_nano.a(lib_a-sprintf.o)
                              Src/Common/Globals.o (sprintf)
c:/st/stm32cubeide_1.0.1/stm32cubeide/plugins/com.st.stm32cube.ide.mcu.externaltools.gnu-tools-for-stm32.7-2018-q2-update.win32_1.0.0.201904181610/tools/bin/../lib/gcc/arm-none-eabi/7.3.1/../../../../arm-none-eabi/lib/thumb/v7e-m/fpv4-sp/hard\libc_nano.a(lib_a-strchr.o)
                              Src/Drivers_Hd/wssfm1xrx.o (strchr)
c:/st/stm32cubeide_1.0.1/stm32cubeide/plugins/com.st.stm32cube.ide.mcu.externaltools.gnu-tools-for-stm32.7-2018-q2-update.win32_1.0.0.201904181610/tools/bin/../lib/gcc/arm-none-eabi/7.3.1/../../../../arm-none-eabi/lib/thumb/v7e-m/fpv4-sp/hard\libc_nano.a(lib_a-strcmp.o)
                              Src/Kernel/QuarkTS.o (strcmp)
[...]
Memory Configuration

Name             Origin             Length             Attributes
FLASH            0x0000000008000000 0x0000000000100000 xr
RAM2             0x0000000010000000 0x0000000000008000 xrw
RAM              0x0000000020000000 0x0000000000018000 xrw
*default*        0x0000000000000000 0xffffffffffffffff

Linker script and memory map

LOAD c:/st/stm32cubeide_1.0.1/stm32cubeide/plugins/com.st.stm32cube.ide.mcu.externaltools.gnu-tools-for-stm32.7-2018-q2-update.win32_1.0.0.201904181610/tools/bin/../lib/gcc/arm-none-eabi/7.3.1/thumb/v7e-m/fpv4-sp/hard/crti.o
LOAD c:/st/stm32cubeide_1.0.1/stm32cubeide/plugins/com.st.stm32cube.ide.mcu.externaltools.gnu-tools-for-stm32.7-2018-q2-update.win32_1.0.0.201904181610/tools/bin/../lib/gcc/arm-none-eabi/7.3.1/thumb/v7e-m/fpv4-sp/hard/crtbegin.o
LOAD c:/st/stm32cubeide_1.0.1/stm32cubeide/plugins/com.st.stm32cube.ide.mcu.externaltools.gnu-tools-for-stm32.7-2018-q2-update.win32_1.0.0.201904181610/tools/bin/../lib/gcc/arm-none-eabi/7.3.1/../../../../arm-none-eabi/lib/thumb/v7e-m/fpv4-sp/hard/crt0.o
LOAD Drivers/STM32L4xx_HAL_Driver/Src/stm32l4xx_hal.o
LOAD Drivers/STM32L4xx_HAL_Driver/Src/stm32l4xx_hal_adc.o
LOAD Drivers/STM32L4xx_HAL_Driver/Src/stm32l4xx_hal_adc_ex.o
LOAD Drivers/STM32L4xx_HAL_Driver/Src/stm32l4xx_hal_cortex.o
LOAD Drivers/STM32L4xx_HAL_Driver/Src/stm32l4xx_hal_dma.o
LOAD Drivers/STM32L4xx_HAL_Driver/Src/stm32l4xx_hal_dma_ex.o
LOAD Drivers/STM32L4xx_HAL_Driver/Src/stm32l4xx_hal_exti.o
LOAD Drivers/STM32L4xx_HAL_Driver/Src/stm32l4xx_hal_flash.o
LOAD Drivers/STM32L4xx_HAL_Driver/Src/stm32l4xx_hal_flash_ex.o
LOAD Drivers/STM32L4xx_HAL_Driver/Src/stm32l4xx_hal_flash_ramfunc.o
LOAD Drivers/STM32L4xx_HAL_Driver/Src/stm32l4xx_hal_gpio.o
LOAD Drivers/STM32L4xx_HAL_Driver/Src/stm32l4xx_hal_i2c.o
LOAD Drivers/STM32L4xx_HAL_Driver/Src/stm32l4xx_hal_i2c_ex.o
LOAD Drivers/STM32L4xx_HAL_Driver/Src/stm32l4xx_hal_pwr.o
LOAD Drivers/STM32L4xx_HAL_Driver/Src/stm32l4xx_hal_pwr_ex.o
LOAD Drivers/STM32L4xx_HAL_Driver/Src/stm32l4xx_hal_rcc.o
LOAD Drivers/STM32L4xx_HAL_Driver/Src/stm32l4xx_hal_rcc_ex.o
LOAD Drivers/STM32L4xx_HAL_Driver/Src/stm32l4xx_hal_rtc.o
LOAD Drivers/STM32L4xx_HAL_Driver/Src/stm32l4xx_hal_rtc_ex.o
LOAD Drivers/STM32L4xx_HAL_Driver/Src/stm32l4xx_hal_tim.o
LOAD Drivers/STM32L4xx_HAL_Driver/Src/stm32l4xx_hal_tim_ex.o
LOAD Drivers/STM32L4xx_HAL_Driver/Src/stm32l4xx_hal_uart.o
LOAD Drivers/STM32L4xx_HAL_Driver/Src/stm32l4xx_hal_uart_ex.o
LOAD Src/Common/Event.o
LOAD Src/Common/Globals.o
LOAD Src/Drivers_Hd/Debounce.o
LOAD Src/Drivers_Hd/wssfm1xrx.o
LOAD Src/Kernel/QuarkTS.o
LOAD Src/State/State.o
LOAD Src/Task/Task.o
LOAD Src/main.o
LOAD Src/stm32l4xx_hal_msp.o
LOAD Src/stm32l4xx_it.o
LOAD Src/syscalls.o
LOAD Src/sysmem.o
LOAD Src/system_stm32l4xx.o
LOAD Startup/startup_stm32l471rgtx.o
START GROUP
LOAD c:/st/stm32cubeide_1.0.1/stm32cubeide/plugins/com.st.stm32cube.ide.mcu.externaltools.gnu-tools-for-stm32.7-2018-q2-update.win32_1.0.0.201904181610/tools/bin/../lib/gcc/arm-none-eabi/7.3.1/../../../../arm-none-eabi/lib/thumb/v7e-m/fpv4-sp/hard\libc_nano.a
LOAD c:/st/stm32cubeide_1.0.1/stm32cubeide/plugins/com.st.stm32cube.ide.mcu.externaltools.gnu-tools-for-stm32.7-2018-q2-update.win32_1.0.0.201904181610/tools/bin/../lib/gcc/arm-none-eabi/7.3.1/../../../../arm-none-eabi/lib/thumb/v7e-m/fpv4-sp/hard\libm.a
END GROUP
START GROUP
LOAD c:/st/stm32cubeide_1.0.1/stm32cubeide/plugins/com.st.stm32cube.ide.mcu.externaltools.gnu-tools-for-stm32.7-2018-q2-update.win32_1.0.0.201904181610/tools/bin/../lib/gcc/arm-none-eabi/7.3.1/thumb/v7e-m/fpv4-sp/hard\libgcc.a
LOAD c:/st/stm32cubeide_1.0.1/stm32cubeide/plugins/com.st.stm32cube.ide.mcu.externaltools.gnu-tools-for-stm32.7-2018-q2-update.win32_1.0.0.201904181610/tools/bin/../lib/gcc/arm-none-eabi/7.3.1/../../../../arm-none-eabi/lib/thumb/v7e-m/fpv4-sp/hard\libc_nano.a
END GROUP
START GROUP
LOAD c:/st/stm32cubeide_1.0.1/stm32cubeide/plugins/com.st.stm32cube.ide.mcu.externaltools.gnu-tools-for-stm32.7-2018-q2-update.win32_1.0.0.201904181610/tools/bin/../lib/gcc/arm-none-eabi/7.3.1/thumb/v7e-m/fpv4-sp/hard\libgcc.a
LOAD c:/st/stm32cubeide_1.0.1/stm32cubeide/plugins/com.st.stm32cube.ide.mcu.externaltools.gnu-tools-for-stm32.7-2018-q2-update.win32_1.0.0.201904181610/tools/bin/../lib/gcc/arm-none-eabi/7.3.1/../../../../arm-none-eabi/lib/thumb/v7e-m/fpv4-sp/hard\libc_nano.a
LOAD c:/st/stm32cubeide_1.0.1/stm32cubeide/plugins/com.st.stm32cube.ide.mcu.externaltools.gnu-tools-for-stm32.7-2018-q2-update.win32_1.0.0.201904181610/tools/bin/../lib/gcc/arm-none-eabi/7.3.1/../../../../arm-none-eabi/lib/thumb/v7e-m/fpv4-sp/hard\libnosys.a
END GROUP
START GROUP
LOAD c:/st/stm32cubeide_1.0.1/stm32cubeide/plugins/com.st.stm32cube.ide.mcu.externaltools.gnu-tools-for-stm32.7-2018-q2-update.win32_1.0.0.201904181610/tools/bin/../lib/gcc/arm-none-eabi/7.3.1/thumb/v7e-m/fpv4-sp/hard\libgcc.a
LOAD c:/st/stm32cubeide_1.0.1/stm32cubeide/plugins/com.st.stm32cube.ide.mcu.externaltools.gnu-tools-for-stm32.7-2018-q2-update.win32_1.0.0.201904181610/tools/bin/../lib/gcc/arm-none-eabi/7.3.1/../../../../arm-none-eabi/lib/thumb/v7e-m/fpv4-sp/hard\libc_nano.a
LOAD c:/st/stm32cubeide_1.0.1/stm32cubeide/plugins/com.st.stm32cube.ide.mcu.externaltools.gnu-tools-for-stm32.7-2018-q2-update.win32_1.0.0.201904181610/tools/bin/../lib/gcc/arm-none-eabi/7.3.1/../../../../arm-none-eabi/lib/thumb/v7e-m/fpv4-sp/hard\libnosys.a
END GROUP
LOAD c:/st/stm32cubeide_1.0.1/stm32cubeide/plugins/com.st.stm32cube.ide.mcu.externaltools.gnu-tools-for-stm32.7-2018-q2-update.win32_1.0.0.201904181610/tools/bin/../lib/gcc/arm-none-eabi/7.3.1/thumb/v7e-m/fpv4-sp/hard/crtend.o
LOAD c:/st/stm32cubeide_1.0.1/stm32cubeide/plugins/com.st.stm32cube.ide.mcu.externaltools.gnu-tools-for-stm32.7-2018-q2-update.win32_1.0.0.201904181610/tools/bin/../lib/gcc/arm-none-eabi/7.3.1/thumb/v7e-m/fpv4-sp/hard/crtn.o
                0x0000000020018000                _estack = 0x20018000
                0x0000000000000200                _Min_Heap_Size = 0x200
                0x0000000000000400                _Min_Stack_Size = 0x400

.isr_vector     0x0000000008000000      0x188
                0x0000000008000000                . = ALIGN (0x4)
 *(.isr_vector)
 .isr_vector    0x0000000008000000      0x188 Startup/startup_stm32l471rgtx.o
                0x0000000008000000                g_pfnVectors
                0x0000000008000188                . = ALIGN (0x4)

.text           0x0000000008000190     0x9300
                0x0000000008000190                . = ALIGN (0x4)
 *(.text)
 .text          0x0000000008000190       0x40 c:/st/stm32cubeide_1.0.1/stm32cubeide/plugins/com.st.stm32cube.ide.mcu.externaltools.gnu-tools-for-stm32.7-2018-q2-update.win32_1.0.0.201904181610/tools/bin/../lib/gcc/arm-none-eabi/7.3.1/thumb/v7e-m/fpv4-sp/hard/crtbegin.o
 .text          0x00000000080001d0       0x10 c:/st/stm32cubeide_1.0.1/stm32cubeide/plugins/com.st.stm32cube.ide.mcu.externaltools.gnu-tools-for-stm32.7-2018-q2-update.win32_1.0.0.201904181610/tools/bin/../lib/gcc/arm-none-eabi/7.3.1/../../../../arm-none-eabi/lib/thumb/v7e-m/fpv4-sp/hard\libc_nano.a(lib_a-strlen.o)
                0x00000000080001d0                strlen
 .text          0x00000000080001e0       0xa0 c:/st/stm32cubeide_1.0.1/stm32cubeide/plugins/com.st.stm32cube.ide.mcu.externaltools.gnu-tools-for-stm32.7-2018-q2-update.win32_1.0.0.201904181610/tools/bin/../lib/gcc/arm-none-eabi/7.3.1/../../../../arm-none-eabi/lib/thumb/v7e-m/fpv4-sp/hard\libc_nano.a(lib_a-memchr.o)
                0x00000000080001e0                memchr
 .text          0x0000000008000280      0x378 c:/st/stm32cubeide_1.0.1/stm32cubeide/plugins/com.st.stm32cube.ide.mcu.externaltools.gnu-tools-for-stm32.7-2018-q2-update.win32_1.0.0.201904181610/tools/bin/../lib/gcc/arm-none-eabi/7.3.1/thumb/v7e-m/fpv4-sp/hard\libgcc.a(_arm_addsubdf3.o)
                0x0000000008000280                __aeabi_drsub
                0x0000000008000288                __aeabi_dsub
                0x0000000008000288                __subdf3
                0x000000000800028c                __aeabi_dadd
                0x000000000800028c                __adddf3
                0x0000000008000504                __floatunsidf
                0x0000000008000504                __aeabi_ui2d
                0x0000000008000524                __floatsidf
                0x0000000008000524                __aeabi_i2d
                0x0000000008000548                __aeabi_f2d
                0x0000000008000548                __extendsfdf2
                0x000000000800058c                __floatundidf
                0x000000000800058c                __aeabi_ul2d
                0x000000000800059c                __floatdidf
                0x000000000800059c                __aeabi_l2d
 .text          0x00000000080005f8      0x424 c:/st/stm32cubeide_1.0.1/stm32cubeide/plugins/com.st.stm32cube.ide.mcu.externaltools.gnu-tools-for-stm32.7-2018-q2-update.win32_1.0.0.201904181610/tools/bin/../lib/gcc/arm-none-eabi/7.3.1/thumb/v7e-m/fpv4-sp/hard\libgcc.a(_arm_muldivdf3.o)
                0x00000000080005f8                __aeabi_dmul
                0x00000000080005f8                __muldf3
                0x000000000800084c                __divdf3
                0x000000000800084c                __aeabi_ddiv
 .text          0x0000000008000a1c       0x40 c:/st/stm32cubeide_1.0.1/stm32cubeide/plugins/com.st.stm32cube.ide.mcu.externaltools.gnu-tools-for-stm32.7-2018-q2-update.win32_1.0.0.201904181610/tools/bin/../lib/gcc/arm-none-eabi/7.3.1/thumb/v7e-m/fpv4-sp/hard\libgcc.a(_arm_fixunsdfsi.o)
                0x0000000008000a1c                __aeabi_d2uiz
                0x0000000008000a1c                __fixunsdfsi
 .text          0x0000000008000a5c       0xa0 c:/st/stm32cubeide_1.0.1/stm32cubeide/plugins/com.st.stm32cube.ide.mcu.externaltools.gnu-tools-for-stm32.7-2018-q2-update.win32_1.0.0.201904181610/tools/bin/../lib/gcc/arm-none-eabi/7.3.1/thumb/v7e-m/fpv4-sp/hard\libgcc.a(_arm_truncdfsf2.o)
                0x0000000008000a5c                __truncdfsf2
                0x0000000008000a5c                __aeabi_d2f
 .text          0x0000000008000afc       0x30 c:/st/stm32cubeide_1.0.1/stm32cubeide/plugins/com.st.stm32cube.ide.mcu.externaltools.gnu-tools-for-stm32.7-2018-q2-update.win32_1.0.0.201904181610/tools/bin/../lib/gcc/arm-none-eabi/7.3.1/thumb/v7e-m/fpv4-sp/hard\libgcc.a(_aeabi_uldivmod.o)
                0x0000000008000afc                __aeabi_uldivmod
 .text          0x0000000008000b2c      0x2cc c:/st/stm32cubeide_1.0.1/stm32cubeide/plugins/com.st.stm32cube.ide.mcu.externaltools.gnu-tools-for-stm32.7-2018-q2-update.win32_1.0.0.201904181610/tools/bin/../lib/gcc/arm-none-eabi/7.3.1/thumb/v7e-m/fpv4-sp/hard\libgcc.a(_udivmoddi4.o)
                0x0000000008000b2c                __udivmoddi4
 .text          0x0000000008000df8        0x4 c:/st/stm32cubeide_1.0.1/stm32cubeide/plugins/com.st.stm32cube.ide.mcu.externaltools.gnu-tools-for-stm32.7-2018-q2-update.win32_1.0.0.201904181610/tools/bin/../lib/gcc/arm-none-eabi/7.3.1/thumb/v7e-m/fpv4-sp/hard\libgcc.a(_dvmd_tls.o)
                0x0000000008000df8                __aeabi_idiv0
                0x0000000008000df8                __aeabi_ldiv0
 *(.text*)
 .text.HAL_Init
                0x0000000008000dfc       0x30 Drivers/STM32L4xx_HAL_Driver/Src/stm32l4xx_hal.o
                0x0000000008000dfc                HAL_Init
 .text.HAL_InitTick
                0x0000000008000e2c       0x74 Drivers/STM32L4xx_HAL_Driver/Src/stm32l4xx_hal.o
                0x0000000008000e2c                HAL_InitTick
 .text.HAL_IncTick
                0x0000000008000ea0       0x24 Drivers/STM32L4xx_HAL_Driver/Src/stm32l4xx_hal.o
                0x0000000008000ea0                HAL_IncTick
 .text.HAL_GetTick
                0x0000000008000ec4       0x18 Drivers/STM32L4xx_HAL_Driver/Src/stm32l4xx_hal.o
                0x0000000008000ec4                HAL_GetTick
 .text.LL_ADC_SetCommonClock
                0x0000000008000edc       0x26 Drivers/STM32L4xx_HAL_Driver/Src/stm32l4xx_hal_adc.o
 .text.LL_ADC_SetCommonPathInternalCh
                0x0000000008000f02       0x26 Drivers/STM32L4xx_HAL_Driver/Src/stm32l4xx_hal_adc.o
 .text.LL_ADC_GetCommonPathInternalCh
                0x0000000008000f28       0x1c Drivers/STM32L4xx_HAL_Driver/Src/stm32l4xx_hal_adc.o
 .text.LL_ADC_SetOffset
                0x0000000008000f44       0x44 Drivers/STM32L4xx_HAL_Driver/Src/stm32l4xx_hal_adc.o
 .text.LL_ADC_GetOffsetChannel
                0x0000000008000f88       0x28 Drivers/STM32L4xx_HAL_Driver/Src/stm32l4xx_hal_adc.o
 .text.LL_ADC_SetOffsetState
                0x0000000008000fb0       0x30 Drivers/STM32L4xx_HAL_Driver/Src/stm32l4xx_hal_adc.o
 .text.LL_ADC_REG_IsTriggerSourceSWStart
                0x0000000008000fe0       0x26 Drivers/STM32L4xx_HAL_Driver/Src/stm32l4xx_hal_adc.o
 .text.LL_ADC_REG_SetSequencerRanks
                0x0000000008001006       0x52 Drivers/STM32L4xx_HAL_Driver/Src/stm32l4xx_hal_adc.o
 .text.LL_ADC_SetChannelSamplingTime
                0x0000000008001058       0x50 Drivers/STM32L4xx_HAL_Driver/Src/stm32l4xx_hal_adc.o
 .text.LL_ADC_SetChannelSingleDiff
                0x00000000080010a8       0x48 Drivers/STM32L4xx_HAL_Driver/Src/stm32l4xx_hal_adc.o
 .text.LL_ADC_GetMultimode
                0x00000000080010f0       0x1c Drivers/STM32L4xx_HAL_Driver/Src/stm32l4xx_hal_adc.o
 .text.LL_ADC_GetMultiDMATransfer
                0x000000000800110c       0x1c Drivers/STM32L4xx_HAL_Driver/Src/stm32l4xx_hal_adc.o
 .text.LL_ADC_DisableDeepPowerDown
                0x0000000008001128       0x24 Drivers/STM32L4xx_HAL_Driver/Src/stm32l4xx_hal_adc.o
 .text.LL_ADC_IsDeepPowerDownEnabled
                0x000000000800114c       0x28 Drivers/STM32L4xx_HAL_Driver/Src/stm32l4xx_hal_adc.o
 .text.LL_ADC_EnableInternalRegulator
                0x0000000008001174       0x28 Drivers/STM32L4xx_HAL_Driver/Src/stm32l4xx_hal_adc.o
 .text.LL_ADC_IsInternalRegulatorEnabled
                0x000000000800119c       0x28 Drivers/STM32L4xx_HAL_Driver/Src/stm32l4xx_hal_adc.o
 .text.LL_ADC_Enable
                0x00000000080011c4       0x28 Drivers/STM32L4xx_HAL_Driver/Src/stm32l4xx_hal_adc.o
 .text.LL_ADC_Disable
                0x00000000080011ec       0x28 Drivers/STM32L4xx_HAL_Driver/Src/stm32l4xx_hal_adc.o
 .text.LL_ADC_IsEnabled
                0x0000000008001214       0x26 Drivers/STM32L4xx_HAL_Driver/Src/stm32l4xx_hal_adc.o
 .text.LL_ADC_IsDisableOngoing
                0x000000000800123a       0x26 Drivers/STM32L4xx_HAL_Driver/Src/stm32l4xx_hal_adc.o
 .text.LL_ADC_REG_StartConversion
                0x0000000008001260       0x28 Drivers/STM32L4xx_HAL_Driver/Src/stm32l4xx_hal_adc.o
 .text.LL_ADC_REG_StopConversion
                0x0000000008001288       0x28 Drivers/STM32L4xx_HAL_Driver/Src/stm32l4xx_hal_adc.o
 .text.LL_ADC_REG_IsConversionOngoing
                0x00000000080012b0       0x26 Drivers/STM32L4xx_HAL_Driver/Src/stm32l4xx_hal_adc.o
 .text.LL_ADC_INJ_StopConversion
                0x00000000080012d6       0x28 Drivers/STM32L4xx_HAL_Driver/Src/stm32l4xx_hal_adc.o
 .text.LL_ADC_INJ_IsConversionOngoing
                0x00000000080012fe       0x26 Drivers/STM32L4xx_HAL_Driver/Src/stm32l4xx_hal_adc.o
 .text.HAL_ADC_Init
                0x0000000008001324      0x2a8 Drivers/STM32L4xx_HAL_Driver/Src/stm32l4xx_hal_adc.o
                0x0000000008001324                HAL_ADC_Init
 .text.HAL_ADC_Start
                0x00000000080015cc      0x174 Drivers/STM32L4xx_HAL_Driver/Src/stm32l4xx_hal_adc.o
                0x00000000080015cc                HAL_ADC_Start
 .text.HAL_ADC_Stop
                0x0000000008001740       0x66 Drivers/STM32L4xx_HAL_Driver/Src/stm32l4xx_hal_adc.o
                0x0000000008001740                HAL_ADC_Stop
 *fill*         0x00000000080017a6        0x2 
 .text.HAL_ADC_PollForConversion
                0x00000000080017a8      0x1a0 Drivers/STM32L4xx_HAL_Driver/Src/stm32l4xx_hal_adc.o
                0x00000000080017a8                HAL_ADC_PollForConversion
 .text.HAL_ADC_GetValue
                0x0000000008001948       0x1a Drivers/STM32L4xx_HAL_Driver/Src/stm32l4xx_hal_adc.o
                0x0000000008001948                HAL_ADC_GetValue
 *fill*         0x0000000008001962        0x2 
 .text.HAL_ADC_ConfigChannel
                0x0000000008001964      0x6c8 Drivers/STM32L4xx_HAL_Driver/Src/stm32l4xx_hal_adc.o
                0x0000000008001964                HAL_ADC_ConfigChannel
 .text.ADC_ConversionStop
                0x000000000800202c      0x168 Drivers/STM32L4xx_HAL_Driver/Src/stm32l4xx_hal_adc.o
                0x000000000800202c                ADC_ConversionStop
 .text.ADC_Enable
                0x0000000008002194       0xb4 Drivers/STM32L4xx_HAL_Driver/Src/stm32l4xx_hal_adc.o
                0x0000000008002194                ADC_Enable
 .text.ADC_Disable
                0x0000000008002248       0xb0 Drivers/STM32L4xx_HAL_Driver/Src/stm32l4xx_hal_adc.o
                0x0000000008002248                ADC_Disable
 .text.LL_ADC_IsEnabled
                0x00000000080022f8       0x26 Drivers/STM32L4xx_HAL_Driver/Src/stm32l4xx_hal_adc_ex.o
 .text.LL_ADC_REG_IsConversionOngoing
                0x000000000800231e       0x26 Drivers/STM32L4xx_HAL_Driver/Src/stm32l4xx_hal_adc_ex.o
 .text.HAL_ADCEx_MultiModeConfigChannel
                0x0000000008002344      0x158 Drivers/STM32L4xx_HAL_Driver/Src/stm32l4xx_hal_adc_ex.o
                0x0000000008002344                HAL_ADCEx_MultiModeConfigChannel
 .text.__NVIC_SetPriorityGrouping
                0x000000000800249c       0x48 Drivers/STM32L4xx_HAL_Driver/Src/stm32l4xx_hal_cortex.o
 .text.__NVIC_GetPriorityGrouping
                0x00000000080024e4       0x1c Drivers/STM32L4xx_HAL_Driver/Src/stm32l4xx_hal_cortex.o
 .text.__NVIC_EnableIRQ
                0x0000000008002500       0x3c Drivers/STM32L4xx_HAL_Driver/Src/stm32l4xx_hal_cortex.o
 .text.__NVIC_SetPriority
                0x000000000800253c       0x54 Drivers/STM32L4xx_HAL_Driver/Src/stm32l4xx_hal_cortex.o
 .text.NVIC_EncodePriority
                0x0000000008002590       0x66 Drivers/STM32L4xx_HAL_Driver/Src/stm32l4xx_hal_cortex.o
 *fill*         0x00000000080025f6        0x2 
 .text.SysTick_Config
                0x00000000080025f8       0x44 Drivers/STM32L4xx_HAL_Driver/Src/stm32l4xx_hal_cortex.o
 .text.HAL_NVIC_SetPriorityGrouping
                0x000000000800263c       0x16 Drivers/STM32L4xx_HAL_Driver/Src/stm32l4xx_hal_cortex.o
                0x000000000800263c                HAL_NVIC_SetPriorityGrouping
 .text.HAL_NVIC_SetPriority
                0x0000000008002652       0x38 Drivers/STM32L4xx_HAL_Driver/Src/stm32l4xx_hal_cortex.o
                0x0000000008002652                HAL_NVIC_SetPriority
 .text.HAL_NVIC_EnableIRQ
                0x000000000800268a       0x1c Drivers/STM32L4xx_HAL_Driver/Src/stm32l4xx_hal_cortex.o
                0x000000000800268a                HAL_NVIC_EnableIRQ
 .text.HAL_SYSTICK_Config
                0x00000000080026a6       0x18 Drivers/STM32L4xx_HAL_Driver/Src/stm32l4xx_hal_cortex.o
                0x00000000080026a6                HAL_SYSTICK_Config
 .text.HAL_DMA_Abort_IT
                0x00000000080026be       0x82 Drivers/STM32L4xx_HAL_Driver/Src/stm32l4xx_hal_dma.o
                0x00000000080026be                HAL_DMA_Abort_IT
 .text.HAL_GPIO_Init
                0x0000000008002740      0x350 Drivers/STM32L4xx_HAL_Driver/Src/stm32l4xx_hal_gpio.o
                0x0000000008002740                HAL_GPIO_Init
 .text.HAL_GPIO_WritePin
                0x0000000008002a90       0x30 Drivers/STM32L4xx_HAL_Driver/Src/stm32l4xx_hal_gpio.o
                0x0000000008002a90                HAL_GPIO_WritePin
 .text.HAL_PWR_EnterSTANDBYMode
                0x0000000008002ac0       0x34 Drivers/STM32L4xx_HAL_Driver/Src/stm32l4xx_hal_pwr.o
                0x0000000008002ac0                HAL_PWR_EnterSTANDBYMode
 .text.HAL_PWREx_GetVoltageRange
                0x0000000008002af4       0x1c Drivers/STM32L4xx_HAL_Driver/Src/stm32l4xx_hal_pwr_ex.o
                0x0000000008002af4                HAL_PWREx_GetVoltageRange
 .text.HAL_PWREx_ControlVoltageScaling
                0x0000000008002b10       0xac Drivers/STM32L4xx_HAL_Driver/Src/stm32l4xx_hal_pwr_ex.o
                0x0000000008002b10                HAL_PWREx_ControlVoltageScaling
 .text.HAL_RCC_OscConfig
                0x0000000008002bbc      0x760 Drivers/STM32L4xx_HAL_Driver/Src/stm32l4xx_hal_rcc.o
                0x0000000008002bbc                HAL_RCC_OscConfig
 .text.HAL_RCC_ClockConfig
                0x000000000800331c      0x1c4 Drivers/STM32L4xx_HAL_Driver/Src/stm32l4xx_hal_rcc.o
                0x000000000800331c                HAL_RCC_ClockConfig
 .text.HAL_RCC_GetSysClockFreq
                0x00000000080034e0      0x114 Drivers/STM32L4xx_HAL_Driver/Src/stm32l4xx_hal_rcc.o
                0x00000000080034e0                HAL_RCC_GetSysClockFreq
 .text.HAL_RCC_GetHCLKFreq
                0x00000000080035f4       0x18 Drivers/STM32L4xx_HAL_Driver/Src/stm32l4xx_hal_rcc.o
                0x00000000080035f4                HAL_RCC_GetHCLKFreq
 .text.HAL_RCC_GetPCLK1Freq
                0x000000000800360c       0x2c Drivers/STM32L4xx_HAL_Driver/Src/stm32l4xx_hal_rcc.o
                0x000000000800360c                HAL_RCC_GetPCLK1Freq
 .text.HAL_RCC_GetPCLK2Freq
                0x0000000008003638       0x2c Drivers/STM32L4xx_HAL_Driver/Src/stm32l4xx_hal_rcc.o
                0x0000000008003638                HAL_RCC_GetPCLK2Freq
 .text.RCC_SetFlashLatencyFromMSIRange
                0x0000000008003664       0xc0 Drivers/STM32L4xx_HAL_Driver/Src/stm32l4xx_hal_rcc.o
 .text.HAL_RCCEx_PeriphCLKConfig
                0x0000000008003724      0x56c Drivers/STM32L4xx_HAL_Driver/Src/stm32l4xx_hal_rcc_ex.o
                0x0000000008003724                HAL_RCCEx_PeriphCLKConfig
 .text.RCCEx_PLLSAI1_Config
                0x0000000008003c90      0x1e0 Drivers/STM32L4xx_HAL_Driver/Src/stm32l4xx_hal_rcc_ex.o
 .text.RCCEx_PLLSAI2_Config
                0x0000000008003e70      0x1b4 Drivers/STM32L4xx_HAL_Driver/Src/stm32l4xx_hal_rcc_ex.o
 .text.HAL_RTC_Init
                0x0000000008004024       0xfc Drivers/STM32L4xx_HAL_Driver/Src/stm32l4xx_hal_rtc.o
                0x0000000008004024                HAL_RTC_Init
 .text.HAL_RTC_WaitForSynchro
                0x0000000008004120       0x4c Drivers/STM32L4xx_HAL_Driver/Src/stm32l4xx_hal_rtc.o
                0x0000000008004120                HAL_RTC_WaitForSynchro
 .text.RTC_EnterInitMode
                0x000000000800416c       0x66 Drivers/STM32L4xx_HAL_Driver/Src/stm32l4xx_hal_rtc.o
                0x000000000800416c                RTC_EnterInitMode
 *fill*         0x00000000080041d2        0x2 
 .text.RTC_ExitInitMode
                0x00000000080041d4       0x7c Drivers/STM32L4xx_HAL_Driver/Src/stm32l4xx_hal_rtc.o
                0x00000000080041d4                RTC_ExitInitMode
 .text.HAL_RTCEx_SetWakeUpTimer_IT
                0x0000000008004250      0x128 Drivers/STM32L4xx_HAL_Driver/Src/stm32l4xx_hal_rtc_ex.o
                0x0000000008004250                HAL_RTCEx_SetWakeUpTimer_IT
 .text.HAL_RTCEx_WakeUpTimerIRQHandler
                0x0000000008004378       0x4c Drivers/STM32L4xx_HAL_Driver/Src/stm32l4xx_hal_rtc_ex.o
                0x0000000008004378                HAL_RTCEx_WakeUpTimerIRQHandler
 .text.HAL_UART_Init
                0x00000000080043c4       0x9c Drivers/STM32L4xx_HAL_Driver/Src/stm32l4xx_hal_uart.o
                0x00000000080043c4                HAL_UART_Init
 .text.HAL_UART_Receive_IT
                0x0000000008004460      0x144 Drivers/STM32L4xx_HAL_Driver/Src/stm32l4xx_hal_uart.o
                0x0000000008004460                HAL_UART_Receive_IT
 .text.HAL_UART_IRQHandler
                0x00000000080045a4      0x260 Drivers/STM32L4xx_HAL_Driver/Src/stm32l4xx_hal_uart.o
                0x00000000080045a4                HAL_UART_IRQHandler
 .text.HAL_UART_TxCpltCallback
                0x0000000008004804       0x14 Drivers/STM32L4xx_HAL_Driver/Src/stm32l4xx_hal_uart.o
                0x0000000008004804                HAL_UART_TxCpltCallback
 .text.HAL_UART_ErrorCallback
                0x0000000008004818       0x14 Drivers/STM32L4xx_HAL_Driver/Src/stm32l4xx_hal_uart.o
                0x0000000008004818                HAL_UART_ErrorCallback
 .text.UART_SetConfig
                0x000000000800482c      0x690 Drivers/STM32L4xx_HAL_Driver/Src/stm32l4xx_hal_uart.o
                0x000000000800482c                UART_SetConfig
 .text.UART_AdvFeatureConfig
                0x0000000008004ebc      0x144 Drivers/STM32L4xx_HAL_Driver/Src/stm32l4xx_hal_uart.o
                0x0000000008004ebc                UART_AdvFeatureConfig
 .text.UART_CheckIdleState
                0x0000000008005000       0x8a Drivers/STM32L4xx_HAL_Driver/Src/stm32l4xx_hal_uart.o
                0x0000000008005000                UART_CheckIdleState
 .text.UART_WaitOnFlagUntilTimeout
                0x000000000800508a       0x90 Drivers/STM32L4xx_HAL_Driver/Src/stm32l4xx_hal_uart.o
                0x000000000800508a                UART_WaitOnFlagUntilTimeout
 .text.UART_EndRxTransfer
                0x000000000800511a       0x40 Drivers/STM32L4xx_HAL_Driver/Src/stm32l4xx_hal_uart.o
 .text.UART_DMAAbortOnError
                0x000000000800515a       0x2c Drivers/STM32L4xx_HAL_Driver/Src/stm32l4xx_hal_uart.o
 .text.UART_EndTransmit_IT
                0x0000000008005186       0x32 Drivers/STM32L4xx_HAL_Driver/Src/stm32l4xx_hal_uart.o
 .text.UART_RxISR_8BIT
                0x00000000080051b8       0xaa Drivers/STM32L4xx_HAL_Driver/Src/stm32l4xx_hal_uart.o
 .text.UART_RxISR_16BIT
                0x0000000008005262       0xaa Drivers/STM32L4xx_HAL_Driver/Src/stm32l4xx_hal_uart.o
 .text.HAL_UARTEx_WakeupCallback
                0x000000000800530c       0x14 Drivers/STM32L4xx_HAL_Driver/Src/stm32l4xx_hal_uart_ex.o
                0x000000000800530c                HAL_UARTEx_WakeupCallback
 .text.RSTCtrl_Sigfox
                0x0000000008005320       0x34 Src/Common/Globals.o
                0x0000000008005320                RSTCtrl_Sigfox
 .text.RST2Ctrl_Sigfox
                0x0000000008005354       0x38 Src/Common/Globals.o
                0x0000000008005354                RST2Ctrl_Sigfox
 .text.PutCharWrapperUart_1
                0x000000000800538c       0x38 Src/Common/Globals.o
                0x000000000800538c                PutCharWrapperUart_1
 .text.PutCharWrapperUart_2
                0x00000000080053c4       0x38 Src/Common/Globals.o
                0x00000000080053c4                PutCharWrapperUart_2
 .text.PutStringWrapperUart_2
                0x00000000080053fc       0x2c Src/Common/Globals.o
                0x00000000080053fc                PutStringWrapperUart_2
 .text.PrintStringVar
                0x0000000008005428       0x8e Src/Common/Globals.o
                0x0000000008005428                PrintStringVar
 .text.PrintString
                0x00000000080054b6       0x1a Src/Common/Globals.o
                0x00000000080054b6                PrintString
 .text.DiscrimateFrameType
                0x00000000080054d0       0x5c Src/Common/Globals.o
                0x00000000080054d0                DiscrimateFrameType
 .text.get_system_reset_cause
                0x000000000800552c       0xd8 Src/Common/Globals.o
                0x000000000800552c                get_system_reset_cause
 .text.HAL_UART_RxCpltCallback
                0x0000000008005604       0xc8 Src/Common/Globals.o
                0x0000000008005604                HAL_UART_RxCpltCallback
 .text.ProjectInformation
                0x00000000080056cc       0x5c Src/Common/Globals.o
                0x00000000080056cc                ProjectInformation
 .text.App_ADCReadSingleChanne
                0x0000000008005728       0x74 Src/Common/Globals.o
                0x0000000008005728                App_ADCReadSingleChanne
 .text.WSSFM1XRX_Init
                0x000000000800579c       0x80 Src/Drivers_Hd/wssfm1xrx.o
                0x000000000800579c                WSSFM1XRX_Init
 .text.WSSFM1XRX_Wait_NonBlock
                0x000000000800581c       0x7c Src/Drivers_Hd/wssfm1xrx.o
                0x000000000800581c                WSSFM1XRX_Wait_NonBlock
 .text.WSSFM1XRX_Wait_Block
                0x0000000008005898       0x24 Src/Drivers_Hd/wssfm1xrx.o
                0x0000000008005898                WSSFM1XRX_Wait_Block
 .text.WSSFM1XRX_Sleep
                0x00000000080058bc       0x44 Src/Drivers_Hd/wssfm1xrx.o
                0x00000000080058bc                WSSFM1XRX_Sleep
 .text.WSSFM1XRX_WakeUP
                0x0000000008005900       0x64 Src/Drivers_Hd/wssfm1xrx.o
                0x0000000008005900                WSSFM1XRX_WakeUP
 .text.WSSFM1XRX_ResetModule
                0x0000000008005964       0x6c Src/Drivers_Hd/wssfm1xrx.o
                0x0000000008005964                WSSFM1XRX_ResetModule
 .text.WSSFM1XRX_CheckModule
                0x00000000080059d0       0x34 Src/Drivers_Hd/wssfm1xrx.o
                0x00000000080059d0                WSSFM1XRX_CheckModule
 .text.WSSFM1XRX_GetID
                0x0000000008005a04       0x28 Src/Drivers_Hd/wssfm1xrx.o
                0x0000000008005a04                WSSFM1XRX_GetID
 .text.WSSFM1XRX_GetPAC
                0x0000000008005a2c       0x28 Src/Drivers_Hd/wssfm1xrx.o
                0x0000000008005a2c                WSSFM1XRX_GetPAC
 .text.WSSFM1XRX_GetVoltage
                0x0000000008005a54       0x48 Src/Drivers_Hd/wssfm1xrx.o
                0x0000000008005a54                WSSFM1XRX_GetVoltage
 .text.WSSFM1XRX_AskChannels
                0x0000000008005a9c       0x6c Src/Drivers_Hd/wssfm1xrx.o
                0x0000000008005a9c                WSSFM1XRX_AskChannels
 .text.WSSFM1XRX_CheckChannels
                0x0000000008005b08       0x48 Src/Drivers_Hd/wssfm1xrx.o
                0x0000000008005b08                WSSFM1XRX_CheckChannels
 .text.WSSFM1XRX_ResetChannels
                0x0000000008005b50       0x34 Src/Drivers_Hd/wssfm1xrx.o
                0x0000000008005b50                WSSFM1XRX_ResetChannels
 .text.WSSFM1XRX_ChangeFrequencyUL
                0x0000000008005b84       0x3c Src/Drivers_Hd/wssfm1xrx.o
                0x0000000008005b84                WSSFM1XRX_ChangeFrequencyUL
 .text.WSSFM1XRX_SaveParameters
                0x0000000008005bc0       0x34 Src/Drivers_Hd/wssfm1xrx.o
                0x0000000008005bc0                WSSFM1XRX_SaveParameters
 .text.WSSFM1XRX_SendMessage
                0x0000000008005bf4      0x140 Src/Drivers_Hd/wssfm1xrx.o
                0x0000000008005bf4                WSSFM1XRX_SendMessage
 .text.WSSFM1XRX_SendRawMessage
                0x0000000008005d34       0xb0 Src/Drivers_Hd/wssfm1xrx.o
                0x0000000008005d34                WSSFM1XRX_SendRawMessage
 .text.WSSFM1XRX_ISRRX
                0x0000000008005de4       0x96 Src/Drivers_Hd/wssfm1xrx.o
                0x0000000008005de4                WSSFM1XRX_ISRRX
 .text.WSSFM1XRX_MatchResponse
                0x0000000008005e7a       0x4a Src/Drivers_Hd/wssfm1xrx.o
                0x0000000008005e7a                WSSFM1XRX_MatchResponse
 .text.WSSFM1XRX_StringTX
                0x0000000008005ec4       0x2e Src/Drivers_Hd/wssfm1xrx.o
 .text.WSSFM1XRX_ResetObject
                0x0000000008005ef2       0x3a Src/Drivers_Hd/wssfm1xrx.o
 .text.WSSFM1XRX_BuildFrame
                0x0000000008005f2c       0x9e Src/Drivers_Hd/wssfm1xrx.o
 .text.WSSFM1XRX_WaitForResponse
                0x0000000008005fca       0x42 Src/Drivers_Hd/wssfm1xrx.o
 .text.NibbletoX
                0x000000000800600c       0x32 Src/Drivers_Hd/wssfm1xrx.o
                0x000000000800600c                NibbletoX
 .text.WSSFM1XRX_GetRespNoexpected
                0x000000000800603e       0x8a Src/Drivers_Hd/wssfm1xrx.o
                0x000000000800603e                WSSFM1XRX_GetRespNoexpected
 .text._qScheduler_TimeDeadlineCheck
                0x00000000080060c8       0x28 Src/Kernel/QuarkTS.o
                0x00000000080060c8                _qScheduler_TimeDeadlineCheck
 .text.qEnterCritical
                0x00000000080060f0       0x20 Src/Kernel/QuarkTS.o
                0x00000000080060f0                qEnterCritical
 .text.qExitCritical
                0x0000000008006110       0x20 Src/Kernel/QuarkTS.o
                0x0000000008006110                qExitCritical
 .text.qTime2Clock
                0x0000000008006130       0x30 Src/Kernel/QuarkTS.o
                0x0000000008006130                qTime2Clock
 .text.qTaskSetState
                0x0000000008006160       0x44 Src/Kernel/QuarkTS.o
                0x0000000008006160                qTaskSetState
 .text._qScheduler_PriorityQueueGet
                0x00000000080061a4      0x118 Src/Kernel/QuarkTS.o
 .text._qInitScheduler
                0x00000000080062bc       0xb4 Src/Kernel/QuarkTS.o
                0x00000000080062bc                _qInitScheduler
 .text.qSchedulerAdd_Task
                0x0000000008006370      0x100 Src/Kernel/QuarkTS.o
                0x0000000008006370                qSchedulerAdd_Task
 .text.qSchedulerAdd_EventTask
                0x0000000008006470       0x38 Src/Kernel/QuarkTS.o
                0x0000000008006470                qSchedulerAdd_EventTask
 .text.qSchedulerAdd_StateMachineTask
                0x00000000080064a8       0x70 Src/Kernel/QuarkTS.o
                0x00000000080064a8                qSchedulerAdd_StateMachineTask
 .text.qSchedulerRemoveTask
                0x0000000008006518       0x74 Src/Kernel/QuarkTS.o
                0x0000000008006518                qSchedulerRemoveTask
 .text._qScheduler_PriorizedInsert
                0x000000000800658c       0x40 Src/Kernel/QuarkTS.o
 .text._qScheduler_FindPlace
                0x00000000080065cc       0x54 Src/Kernel/QuarkTS.o
 .text._qScheduler_RearrangeChain
                0x0000000008006620       0x50 Src/Kernel/QuarkTS.o
 .text.qTaskAttachQueue
                0x0000000008006670       0x80 Src/Kernel/QuarkTS.o
                0x0000000008006670                qTaskAttachQueue
 .text._qCheckQueueEvents
                0x00000000080066f0       0xb4 Src/Kernel/QuarkTS.o
 .text._qTriggerReleaseSchedEvent
                0x00000000080067a4       0x60 Src/Kernel/QuarkTS.o
 .text.qSchedulerGetTick
                0x0000000008006804       0x28 Src/Kernel/QuarkTS.o
                0x0000000008006804                qSchedulerGetTick
 .text.qSchedulerRun
                0x000000000800682c       0xc4 Src/Kernel/QuarkTS.o
                0x000000000800682c                qSchedulerRun
 .text._qScheduler_GetNodeFromChain
                0x00000000080068f0       0x50 Src/Kernel/QuarkTS.o
 .text._qScheduler_Dispatch
                0x0000000008006940      0x200 Src/Kernel/QuarkTS.o
 .text._qScheduler_ReadyTasksAvailable
                0x0000000008006b40      0x118 Src/Kernel/QuarkTS.o
 .text.qStateMachine_Init
                0x0000000008006c58       0x74 Src/Kernel/QuarkTS.o
                0x0000000008006c58                qStateMachine_Init
 .text.qStatemachine_ExecSubStateIfAvailable
                0x0000000008006ccc       0x1e Src/Kernel/QuarkTS.o
 *fill*         0x0000000008006cea        0x2 
 .text.qStateMachine_Run
                0x0000000008006cec       0xd0 Src/Kernel/QuarkTS.o
                0x0000000008006cec                qStateMachine_Run
 .text.qSTimerSet
                0x0000000008006dbc       0x42 Src/Kernel/QuarkTS.o
                0x0000000008006dbc                qSTimerSet
 .text.qSTimerExpired
                0x0000000008006dfe       0x3c Src/Kernel/QuarkTS.o
                0x0000000008006dfe                qSTimerExpired
 .text.qSTimerElapsed
                0x0000000008006e3a       0x32 Src/Kernel/QuarkTS.o
                0x0000000008006e3a                qSTimerElapsed
 .text.qQueueCreate
                0x0000000008006e6c       0x6c Src/Kernel/QuarkTS.o
                0x0000000008006e6c                qQueueCreate
 .text.qQueueReset
                0x0000000008006ed8       0x46 Src/Kernel/QuarkTS.o
                0x0000000008006ed8                qQueueReset
 .text.qQueueIsEmpty
                0x0000000008006f1e       0x30 Src/Kernel/QuarkTS.o
                0x0000000008006f1e                qQueueIsEmpty
 .text.qQueueCount
                0x0000000008006f4e       0x28 Src/Kernel/QuarkTS.o
                0x0000000008006f4e                qQueueCount
 .text.qQueueIsFull
                0x0000000008006f76       0x34 Src/Kernel/QuarkTS.o
                0x0000000008006f76                qQueueIsFull
 .text.qQueuePeek
                0x0000000008006faa       0x4e Src/Kernel/QuarkTS.o
                0x0000000008006faa                qQueuePeek
 .text.qQueueRemoveFront
                0x0000000008006ff8       0x46 Src/Kernel/QuarkTS.o
                0x0000000008006ff8                qQueueRemoveFront
 .text.qQueueCopyDataToQueue
                0x000000000800703e       0x9a Src/Kernel/QuarkTS.o
 .text.qQueueMoveReader
                0x00000000080070d8       0x36 Src/Kernel/QuarkTS.o
 .text.qQueueGenericSend
                0x000000000800710e       0x4e Src/Kernel/QuarkTS.o
                0x000000000800710e                qQueueGenericSend
 .text.qSwapBytes
                0x000000000800715c       0x60 Src/Kernel/QuarkTS.o
                0x000000000800715c                qSwapBytes
 .text.qOutputString
                0x00000000080071bc       0x46 Src/Kernel/QuarkTS.o
                0x00000000080071bc                qOutputString
 .text.qNibbleToX
                0x0000000008007202       0x32 Src/Kernel/QuarkTS.o
 .text.qPrintXData
                0x0000000008007234       0x84 Src/Kernel/QuarkTS.o
                0x0000000008007234                qPrintXData
 .text.__q_revuta
                0x00000000080072b8       0x88 Src/Kernel/QuarkTS.o
 .text.qIsNan   0x0000000008007340       0x3e Src/Kernel/QuarkTS.o
                0x0000000008007340                qIsNan
 .text.qIsInf   0x000000000800737e       0x3a Src/Kernel/QuarkTS.o
                0x000000000800737e                qIsInf
 .text.qFtoA    0x00000000080073b8      0x1b6 Src/Kernel/QuarkTS.o
                0x00000000080073b8                qFtoA
 .text.qResponseInitialize
                0x000000000800756e       0x2c Src/Kernel/QuarkTS.o
                0x000000000800756e                qResponseInitialize
 .text.qResponseISRHandler
                0x000000000800759a       0x6a Src/Kernel/QuarkTS.o
                0x000000000800759a                qResponseISRHandler
 .text.__qtrace_func
                0x0000000008007604       0xa0 Src/Kernel/QuarkTS.o
                0x0000000008007604                __qtrace_func
 .text.__qReg_32Bits
                0x00000000080076a4       0x3a Src/Kernel/QuarkTS.o
                0x00000000080076a4                __qReg_32Bits
 *fill*         0x00000000080076de        0x2 
 .text.qEdgeCheck_Initialize
                0x00000000080076e0       0x50 Src/Kernel/QuarkTS.o
                0x00000000080076e0                qEdgeCheck_Initialize
 .text.qEdgeCheck_InsertNode
                0x0000000008007730       0x5a Src/Kernel/QuarkTS.o
                0x0000000008007730                qEdgeCheck_InsertNode
 .text.State_Failure
                0x000000000800778a       0x14 Src/State/State.o
                0x000000000800778a                State_Failure
 *fill*         0x000000000800779e        0x2 
 .text.State_Sleep
                0x00000000080077a0       0xe0 Src/State/State.o
                0x00000000080077a0                State_Sleep
 .text.State_Init
                0x0000000008007880      0x2b8 Src/State/State.o
                0x0000000008007880                State_Init
 .text.IdleTask_Callback
                0x0000000008007b38       0x14 Src/Task/Task.o
                0x0000000008007b38                IdleTask_Callback
 .text.UplinkDispatcher_Callback
                0x0000000008007b4c      0x15c Src/Task/Task.o
                0x0000000008007b4c                UplinkDispatcher_Callback
 .text.WisolService_Callback
                0x0000000008007ca8      0x2b8 Src/Task/Task.o
                0x0000000008007ca8                WisolService_Callback
 .text.main     0x0000000008007f60      0x1b4 Src/main.o
                0x0000000008007f60                main
 .text.SystemClock_Config
                0x0000000008008114      0x104 Src/main.o
                0x0000000008008114                SystemClock_Config
 .text.MX_ADC1_Init
                0x0000000008008218       0xec Src/main.o
 .text.MX_LPUART1_UART_Init
                0x0000000008008304       0x58 Src/main.o
 .text.MX_USART2_UART_Init
                0x000000000800835c       0x60 Src/main.o
 .text.MX_USART3_UART_Init
                0x00000000080083bc       0x60 Src/main.o
 .text.MX_RTC_Init
                0x000000000800841c       0x64 Src/main.o
 .text.MX_GPIO_Init
                0x0000000008008480       0xc8 Src/main.o
 .text.HAL_RTCEx_WakeUpTimerEventCallback
                0x0000000008008548       0x30 Src/main.o
                0x0000000008008548                HAL_RTCEx_WakeUpTimerEventCallback
 .text.Error_Handler
                0x0000000008008578        0xe Src/main.o
                0x0000000008008578                Error_Handler
 *fill*         0x0000000008008586        0x2 
 .text.HAL_MspInit
                0x0000000008008588       0x48 Src/stm32l4xx_hal_msp.o
                0x0000000008008588                HAL_MspInit
 .text.HAL_ADC_MspInit
                0x00000000080085d0       0xb0 Src/stm32l4xx_hal_msp.o
                0x00000000080085d0                HAL_ADC_MspInit
 .text.HAL_UART_MspInit
                0x0000000008008680      0x1b8 Src/stm32l4xx_hal_msp.o
                0x0000000008008680                HAL_UART_MspInit
 .text.HAL_RTC_MspInit
                0x0000000008008838       0x44 Src/stm32l4xx_hal_msp.o
                0x0000000008008838                HAL_RTC_MspInit
 .text.NMI_Handler
                0x000000000800887c        0xe Src/stm32l4xx_it.o
                0x000000000800887c                NMI_Handler
 .text.HardFault_Handler
                0x000000000800888a        0x6 Src/stm32l4xx_it.o
                0x000000000800888a                HardFault_Handler
 .text.MemManage_Handler
                0x0000000008008890        0x6 Src/stm32l4xx_it.o
                0x0000000008008890                MemManage_Handler
 .text.BusFault_Handler
                0x0000000008008896        0x6 Src/stm32l4xx_it.o
                0x0000000008008896                BusFault_Handler
 .text.UsageFault_Handler
                0x000000000800889c        0x6 Src/stm32l4xx_it.o
                0x000000000800889c                UsageFault_Handler
 .text.SVC_Handler
                0x00000000080088a2        0xe Src/stm32l4xx_it.o
                0x00000000080088a2                SVC_Handler
 .text.DebugMon_Handler
                0x00000000080088b0        0xe Src/stm32l4xx_it.o
                0x00000000080088b0                DebugMon_Handler
 .text.PendSV_Handler
                0x00000000080088be        0xe Src/stm32l4xx_it.o
                0x00000000080088be                PendSV_Handler
 .text.SysTick_Handler
                0x00000000080088cc        0xc Src/stm32l4xx_it.o
                0x00000000080088cc                SysTick_Handler
 .text.RTC_WKUP_IRQHandler
                0x00000000080088d8       0x14 Src/stm32l4xx_it.o
                0x00000000080088d8                RTC_WKUP_IRQHandler
 .text.USART2_IRQHandler
                0x00000000080088ec       0x14 Src/stm32l4xx_it.o
                0x00000000080088ec                USART2_IRQHandler
 .text.USART3_IRQHandler
                0x0000000008008900       0x14 Src/stm32l4xx_it.o
                0x0000000008008900                USART3_IRQHandler
 .text.LPUART1_IRQHandler
                0x0000000008008914       0x14 Src/stm32l4xx_it.o
                0x0000000008008914                LPUART1_IRQHandler
 .text._sbrk    0x0000000008008928       0x58 Src/sysmem.o
                0x0000000008008928                _sbrk
 .text.SystemInit
                0x0000000008008980       0x6c Src/system_stm32l4xx.o
                0x0000000008008980                SystemInit
 .text.Reset_Handler
                0x00000000080089ec       0x50 Startup/startup_stm32l471rgtx.o
                0x00000000080089ec                Reset_Handler
 .text.Default_Handler
                0x0000000008008a3c        0x2 Startup/startup_stm32l471rgtx.o
                0x0000000008008a3c                RTC_Alarm_IRQHandler
                0x0000000008008a3c                EXTI2_IRQHandler
                0x0000000008008a3c                TIM8_TRG_COM_IRQHandler
                0x0000000008008a3c                TIM8_CC_IRQHandler
                0x0000000008008a3c                TIM1_CC_IRQHandler
                0x0000000008008a3c                TSC_IRQHandler
                0x0000000008008a3c                TAMP_STAMP_IRQHandler
                0x0000000008008a3c                EXTI3_IRQHandler
                0x0000000008008a3c                LPTIM2_IRQHandler
                0x0000000008008a3c                DFSDM1_FLT1_IRQHandler
                0x0000000008008a3c                I2C3_ER_IRQHandler
                0x0000000008008a3c                DFSDM1_FLT2_IRQHandler
                0x0000000008008a3c                EXTI0_IRQHandler
                0x0000000008008a3c                I2C2_EV_IRQHandler
                0x0000000008008a3c                CAN1_RX0_IRQHandler
                0x0000000008008a3c                FPU_IRQHandler
                0x0000000008008a3c                TIM1_UP_TIM16_IRQHandler
                0x0000000008008a3c                ADC1_2_IRQHandler
                0x0000000008008a3c                SPI1_IRQHandler
                0x0000000008008a3c                TIM6_DAC_IRQHandler
                0x0000000008008a3c                TIM8_UP_IRQHandler
                0x0000000008008a3c                DMA2_Channel2_IRQHandler
                0x0000000008008a3c                DMA1_Channel4_IRQHandler
                0x0000000008008a3c                SAI2_IRQHandler
                0x0000000008008a3c                DFSDM1_FLT3_IRQHandler
                0x0000000008008a3c                DMA1_Channel7_IRQHandler
                0x0000000008008a3c                CAN1_RX1_IRQHandler
                0x0000000008008a3c                UART5_IRQHandler
                0x0000000008008a3c                ADC3_IRQHandler
                0x0000000008008a3c                TIM4_IRQHandler
                0x0000000008008a3c                DMA2_Channel1_IRQHandler
                0x0000000008008a3c                QUADSPI_IRQHandler
                0x0000000008008a3c                I2C1_EV_IRQHandler
                0x0000000008008a3c                DMA1_Channel6_IRQHandler
                0x0000000008008a3c                UART4_IRQHandler
                0x0000000008008a3c                DMA2_Channel4_IRQHandler
                0x0000000008008a3c                TIM3_IRQHandler
                0x0000000008008a3c                RCC_IRQHandler
                0x0000000008008a3c                DMA1_Channel1_IRQHandler
                0x0000000008008a3c                Default_Handler
                0x0000000008008a3c                DMA2_Channel7_IRQHandler
                0x0000000008008a3c                EXTI15_10_IRQHandler
                0x0000000008008a3c                TIM7_IRQHandler
                0x0000000008008a3c                SDMMC1_IRQHandler
                0x0000000008008a3c                TIM5_IRQHandler
                0x0000000008008a3c                I2C3_EV_IRQHandler
                0x0000000008008a3c                EXTI9_5_IRQHandler
                0x0000000008008a3c                PVD_PVM_IRQHandler
                0x0000000008008a3c                SPI2_IRQHandler
                0x0000000008008a3c                CAN1_TX_IRQHandler
                0x0000000008008a3c                DMA2_Channel5_IRQHandler
                0x0000000008008a3c                DMA1_Channel5_IRQHandler
                0x0000000008008a3c                EXTI4_IRQHandler
                0x0000000008008a3c                RNG_IRQHandler
                0x0000000008008a3c                TIM1_TRG_COM_TIM17_IRQHandler
                0x0000000008008a3c                DMA1_Channel3_IRQHandler
                0x0000000008008a3c                COMP_IRQHandler
                0x0000000008008a3c                WWDG_IRQHandler
                0x0000000008008a3c                DMA2_Channel6_IRQHandler
                0x0000000008008a3c                TIM2_IRQHandler
                0x0000000008008a3c                EXTI1_IRQHandler
                0x0000000008008a3c                DFSDM1_FLT0_IRQHandler
                0x0000000008008a3c                I2C2_ER_IRQHandler
                0x0000000008008a3c                DMA1_Channel2_IRQHandler
                0x0000000008008a3c                TIM8_BRK_IRQHandler
                0x0000000008008a3c                CAN1_SCE_IRQHandler
                0x0000000008008a3c                FLASH_IRQHandler
                0x0000000008008a3c                USART1_IRQHandler
                0x0000000008008a3c                SPI3_IRQHandler
                0x0000000008008a3c                I2C1_ER_IRQHandler
                0x0000000008008a3c                FMC_IRQHandler
                0x0000000008008a3c                SWPMI1_IRQHandler
                0x0000000008008a3c                LPTIM1_IRQHandler
                0x0000000008008a3c                SAI1_IRQHandler
                0x0000000008008a3c                DMA2_Channel3_IRQHandler
                0x0000000008008a3c                TIM1_BRK_TIM15_IRQHandler
 *fill*         0x0000000008008a3e        0x2 
 .text.__errno  0x0000000008008a40        0xc c:/st/stm32cubeide_1.0.1/stm32cubeide/plugins/com.st.stm32cube.ide.mcu.externaltools.gnu-tools-for-stm32.7-2018-q2-update.win32_1.0.0.201904181610/tools/bin/../lib/gcc/arm-none-eabi/7.3.1/../../../../arm-none-eabi/lib/thumb/v7e-m/fpv4-sp/hard\libc_nano.a(lib_a-errno.o)
                0x0000000008008a40                __errno
 .text.__libc_init_array
                0x0000000008008a4c       0x48 c:/st/stm32cubeide_1.0.1/stm32cubeide/plugins/com.st.stm32cube.ide.mcu.externaltools.gnu-tools-for-stm32.7-2018-q2-update.win32_1.0.0.201904181610/tools/bin/../lib/gcc/arm-none-eabi/7.3.1/../../../../arm-none-eabi/lib/thumb/v7e-m/fpv4-sp/hard\libc_nano.a(lib_a-init.o)
                0x0000000008008a4c                __libc_init_array
 .text.__locale_ctype_ptr_l
                0x0000000008008a94        0x6 c:/st/stm32cubeide_1.0.1/stm32cubeide/plugins/com.st.stm32cube.ide.mcu.externaltools.gnu-tools-for-stm32.7-2018-q2-update.win32_1.0.0.201904181610/tools/bin/../lib/gcc/arm-none-eabi/7.3.1/../../../../arm-none-eabi/lib/thumb/v7e-m/fpv4-sp/hard\libc_nano.a(lib_a-locale.o)
                0x0000000008008a94                __locale_ctype_ptr_l
 .text.__ascii_mbtowc
                0x0000000008008a9a       0x24 c:/st/stm32cubeide_1.0.1/stm32cubeide/plugins/com.st.stm32cube.ide.mcu.externaltools.gnu-tools-for-stm32.7-2018-q2-update.win32_1.0.0.201904181610/tools/bin/../lib/gcc/arm-none-eabi/7.3.1/../../../../arm-none-eabi/lib/thumb/v7e-m/fpv4-sp/hard\libc_nano.a(lib_a-mbtowc_r.o)
                0x0000000008008a9a                __ascii_mbtowc
 .text.memcpy   0x0000000008008abe       0x16 c:/st/stm32cubeide_1.0.1/stm32cubeide/plugins/com.st.stm32cube.ide.mcu.externaltools.gnu-tools-for-stm32.7-2018-q2-update.win32_1.0.0.201904181610/tools/bin/../lib/gcc/arm-none-eabi/7.3.1/../../../../arm-none-eabi/lib/thumb/v7e-m/fpv4-sp/hard\libc_nano.a(lib_a-memcpy-stub.o)
                0x0000000008008abe                memcpy
 .text.memset   0x0000000008008ad4       0x10 c:/st/stm32cubeide_1.0.1/stm32cubeide/plugins/com.st.stm32cube.ide.mcu.externaltools.gnu-tools-for-stm32.7-2018-q2-update.win32_1.0.0.201904181610/tools/bin/../lib/gcc/arm-none-eabi/7.3.1/../../../../arm-none-eabi/lib/thumb/v7e-m/fpv4-sp/hard\libc_nano.a(lib_a-memset.o)
                0x0000000008008ad4                memset
 .text.sprintf  0x0000000008008ae4       0x40 c:/st/stm32cubeide_1.0.1/stm32cubeide/plugins/com.st.stm32cube.ide.mcu.externaltools.gnu-tools-for-stm32.7-2018-q2-update.win32_1.0.0.201904181610/tools/bin/../lib/gcc/arm-none-eabi/7.3.1/../../../../arm-none-eabi/lib/thumb/v7e-m/fpv4-sp/hard\libc_nano.a(lib_a-sprintf.o)
                0x0000000008008ae4                siprintf
                0x0000000008008ae4                sprintf
 .text.strchr   0x0000000008008b24       0x1a c:/st/stm32cubeide_1.0.1/stm32cubeide/plugins/com.st.stm32cube.ide.mcu.externaltools.gnu-tools-for-stm32.7-2018-q2-update.win32_1.0.0.201904181610/tools/bin/../lib/gcc/arm-none-eabi/7.3.1/../../../../arm-none-eabi/lib/thumb/v7e-m/fpv4-sp/hard\libc_nano.a(lib_a-strchr.o)
                0x0000000008008b24                strchr
 .text.strcpy   0x0000000008008b3e       0x10 c:/st/stm32cubeide_1.0.1/stm32cubeide/plugins/com.st.stm32cube.ide.mcu.externaltools.gnu-tools-for-stm32.7-2018-q2-update.win32_1.0.0.201904181610/tools/bin/../lib/gcc/arm-none-eabi/7.3.1/../../../../arm-none-eabi/lib/thumb/v7e-m/fpv4-sp/hard\libc_nano.a(lib_a-strcpy.o)
                0x0000000008008b3e                strcpy
 .text.strstr   0x0000000008008b4e       0x34 c:/st/stm32cubeide_1.0.1/stm32cubeide/plugins/com.st.stm32cube.ide.mcu.externaltools.gnu-tools-for-stm32.7-2018-q2-update.win32_1.0.0.201904181610/tools/bin/../lib/gcc/arm-none-eabi/7.3.1/../../../../arm-none-eabi/lib/thumb/v7e-m/fpv4-sp/hard\libc_nano.a(lib_a-strstr.o)
                0x0000000008008b4e                strstr
 .text._strtol_l.isra.0
                0x0000000008008b82       0xf6 c:/st/stm32cubeide_1.0.1/stm32cubeide/plugins/com.st.stm32cube.ide.mcu.externaltools.gnu-tools-for-stm32.7-2018-q2-update.win32_1.0.0.201904181610/tools/bin/../lib/gcc/arm-none-eabi/7.3.1/../../../../arm-none-eabi/lib/thumb/v7e-m/fpv4-sp/hard\libc_nano.a(lib_a-strtol.o)
 .text.strtol   0x0000000008008c78       0x2c c:/st/stm32cubeide_1.0.1/stm32cubeide/plugins/com.st.stm32cube.ide.mcu.externaltools.gnu-tools-for-stm32.7-2018-q2-update.win32_1.0.0.201904181610/tools/bin/../lib/gcc/arm-none-eabi/7.3.1/../../../../arm-none-eabi/lib/thumb/v7e-m/fpv4-sp/hard\libc_nano.a(lib_a-strtol.o)
                0x0000000008008c78                strtol
 .text.__ascii_wctomb
                0x0000000008008ca4       0x1a c:/st/stm32cubeide_1.0.1/stm32cubeide/plugins/com.st.stm32cube.ide.mcu.externaltools.gnu-tools-for-stm32.7-2018-q2-update.win32_1.0.0.201904181610/tools/bin/../lib/gcc/arm-none-eabi/7.3.1/../../../../arm-none-eabi/lib/thumb/v7e-m/fpv4-sp/hard\libc_nano.a(lib_a-wctomb_r.o)
                0x0000000008008ca4                __ascii_wctomb
 .text.__ssputs_r
                0x0000000008008cbe       0xb4 c:/st/stm32cubeide_1.0.1/stm32cubeide/plugins/com.st.stm32cube.ide.mcu.externaltools.gnu-tools-for-stm32.7-2018-q2-update.win32_1.0.0.201904181610/tools/bin/../lib/gcc/arm-none-eabi/7.3.1/../../../../arm-none-eabi/lib/thumb/v7e-m/fpv4-sp/hard\libc_nano.a(lib_a-nano-svfprintf.o)
                0x0000000008008cbe                __ssputs_r
 *fill*         0x0000000008008d72        0x2 
 .text._svfprintf_r
                0x0000000008008d74      0x1f0 c:/st/stm32cubeide_1.0.1/stm32cubeide/plugins/com.st.stm32cube.ide.mcu.externaltools.gnu-tools-for-stm32.7-2018-q2-update.win32_1.0.0.201904181610/tools/bin/../lib/gcc/arm-none-eabi/7.3.1/../../../../arm-none-eabi/lib/thumb/v7e-m/fpv4-sp/hard\libc_nano.a(lib_a-nano-svfprintf.o)
                0x0000000008008d74                _svfiprintf_r
                0x0000000008008d74                _svfprintf_r
 .text._printf_common
                0x0000000008008f64       0xea c:/st/stm32cubeide_1.0.1/stm32cubeide/plugins/com.st.stm32cube.ide.mcu.externaltools.gnu-tools-for-stm32.7-2018-q2-update.win32_1.0.0.201904181610/tools/bin/../lib/gcc/arm-none-eabi/7.3.1/../../../../arm-none-eabi/lib/thumb/v7e-m/fpv4-sp/hard\libc_nano.a(lib_a-nano-vfprintf_i.o)
                0x0000000008008f64                _printf_common
 *fill*         0x000000000800904e        0x2 
 .text._printf_i
                0x0000000008009050      0x224 c:/st/stm32cubeide_1.0.1/stm32cubeide/plugins/com.st.stm32cube.ide.mcu.externaltools.gnu-tools-for-stm32.7-2018-q2-update.win32_1.0.0.201904181610/tools/bin/../lib/gcc/arm-none-eabi/7.3.1/../../../../arm-none-eabi/lib/thumb/v7e-m/fpv4-sp/hard\libc_nano.a(lib_a-nano-vfprintf_i.o)
                0x0000000008009050                _printf_i
 .text.memmove  0x0000000008009274       0x32 c:/st/stm32cubeide_1.0.1/stm32cubeide/plugins/com.st.stm32cube.ide.mcu.externaltools.gnu-tools-for-stm32.7-2018-q2-update.win32_1.0.0.201904181610/tools/bin/../lib/gcc/arm-none-eabi/7.3.1/../../../../arm-none-eabi/lib/thumb/v7e-m/fpv4-sp/hard\libc_nano.a(lib_a-memmove.o)
                0x0000000008009274                memmove
 *fill*         0x00000000080092a6        0x2 
 .text._free_r  0x00000000080092a8       0x9c c:/st/stm32cubeide_1.0.1/stm32cubeide/plugins/com.st.stm32cube.ide.mcu.externaltools.gnu-tools-for-stm32.7-2018-q2-update.win32_1.0.0.201904181610/tools/bin/../lib/gcc/arm-none-eabi/7.3.1/../../../../arm-none-eabi/lib/thumb/v7e-m/fpv4-sp/hard\libc_nano.a(lib_a-nano-freer.o)
                0x00000000080092a8                _free_r
 .text._malloc_r
                0x0000000008009344       0xb4 c:/st/stm32cubeide_1.0.1/stm32cubeide/plugins/com.st.stm32cube.ide.mcu.externaltools.gnu-tools-for-stm32.7-2018-q2-update.win32_1.0.0.201904181610/tools/bin/../lib/gcc/arm-none-eabi/7.3.1/../../../../arm-none-eabi/lib/thumb/v7e-m/fpv4-sp/hard\libc_nano.a(lib_a-nano-mallocr.o)
                0x0000000008009344                _malloc_r
 .text._realloc_r
                0x00000000080093f8       0x4c c:/st/stm32cubeide_1.0.1/stm32cubeide/plugins/com.st.stm32cube.ide.mcu.externaltools.gnu-tools-for-stm32.7-2018-q2-update.win32_1.0.0.201904181610/tools/bin/../lib/gcc/arm-none-eabi/7.3.1/../../../../arm-none-eabi/lib/thumb/v7e-m/fpv4-sp/hard\libc_nano.a(lib_a-nano-reallocr.o)
                0x00000000080093f8                _realloc_r
 .text._sbrk_r  0x0000000008009444       0x20 c:/st/stm32cubeide_1.0.1/stm32cubeide/plugins/com.st.stm32cube.ide.mcu.externaltools.gnu-tools-for-stm32.7-2018-q2-update.win32_1.0.0.201904181610/tools/bin/../lib/gcc/arm-none-eabi/7.3.1/../../../../arm-none-eabi/lib/thumb/v7e-m/fpv4-sp/hard\libc_nano.a(lib_a-sbrkr.o)
                0x0000000008009444                _sbrk_r
 .text.__malloc_lock
                0x0000000008009464        0x2 c:/st/stm32cubeide_1.0.1/stm32cubeide/plugins/com.st.stm32cube.ide.mcu.externaltools.gnu-tools-for-stm32.7-2018-q2-update.win32_1.0.0.201904181610/tools/bin/../lib/gcc/arm-none-eabi/7.3.1/../../../../arm-none-eabi/lib/thumb/v7e-m/fpv4-sp/hard\libc_nano.a(lib_a-mlock.o)
                0x0000000008009464                __malloc_lock
 .text.__malloc_unlock
                0x0000000008009466        0x2 c:/st/stm32cubeide_1.0.1/stm32cubeide/plugins/com.st.stm32cube.ide.mcu.externaltools.gnu-tools-for-stm32.7-2018-q2-update.win32_1.0.0.201904181610/tools/bin/../lib/gcc/arm-none-eabi/7.3.1/../../../../arm-none-eabi/lib/thumb/v7e-m/fpv4-sp/hard\libc_nano.a(lib_a-mlock.o)
                0x0000000008009466                __malloc_unlock
 .text._malloc_usable_size_r
                0x0000000008009468       0x10 c:/st/stm32cubeide_1.0.1/stm32cubeide/plugins/com.st.stm32cube.ide.mcu.externaltools.gnu-tools-for-stm32.7-2018-q2-update.win32_1.0.0.201904181610/tools/bin/../lib/gcc/arm-none-eabi/7.3.1/../../../../arm-none-eabi/lib/thumb/v7e-m/fpv4-sp/hard\libc_nano.a(lib_a-nano-msizer.o)
                0x0000000008009468                _malloc_usable_size_r
 *(.glue_7)
 .glue_7        0x0000000008009478        0x0 linker stubs
 *(.glue_7t)
 .glue_7t       0x0000000008009478        0x0 linker stubs
 *(.eh_frame)
 .eh_frame      0x0000000008009478        0x0 c:/st/stm32cubeide_1.0.1/stm32cubeide/plugins/com.st.stm32cube.ide.mcu.externaltools.gnu-tools-for-stm32.7-2018-q2-update.win32_1.0.0.201904181610/tools/bin/../lib/gcc/arm-none-eabi/7.3.1/thumb/v7e-m/fpv4-sp/hard/crtbegin.o
 *(.init)
 .init          0x0000000008009478        0x4 c:/st/stm32cubeide_1.0.1/stm32cubeide/plugins/com.st.stm32cube.ide.mcu.externaltools.gnu-tools-for-stm32.7-2018-q2-update.win32_1.0.0.201904181610/tools/bin/../lib/gcc/arm-none-eabi/7.3.1/thumb/v7e-m/fpv4-sp/hard/crti.o
                0x0000000008009478                _init
 .init          0x000000000800947c        0x8 c:/st/stm32cubeide_1.0.1/stm32cubeide/plugins/com.st.stm32cube.ide.mcu.externaltools.gnu-tools-for-stm32.7-2018-q2-update.win32_1.0.0.201904181610/tools/bin/../lib/gcc/arm-none-eabi/7.3.1/thumb/v7e-m/fpv4-sp/hard/crtn.o
 *(.fini)
 .fini          0x0000000008009484        0x4 c:/st/stm32cubeide_1.0.1/stm32cubeide/plugins/com.st.stm32cube.ide.mcu.externaltools.gnu-tools-for-stm32.7-2018-q2-update.win32_1.0.0.201904181610/tools/bin/../lib/gcc/arm-none-eabi/7.3.1/thumb/v7e-m/fpv4-sp/hard/crti.o
                0x0000000008009484                _fini
 .fini          0x0000000008009488        0x8 c:/st/stm32cubeide_1.0.1/stm32cubeide/plugins/com.st.stm32cube.ide.mcu.externaltools.gnu-tools-for-stm32.7-2018-q2-update.win32_1.0.0.201904181610/tools/bin/../lib/gcc/arm-none-eabi/7.3.1/thumb/v7e-m/fpv4-sp/hard/crtn.o
                0x0000000008009490                . = ALIGN (0x4)
                0x0000000008009490                _etext = .

.vfp11_veneer   0x0000000008009490        0x0
 .vfp11_veneer  0x0000000008009490        0x0 linker stubs

.v4_bx          0x0000000008009490        0x0
 .v4_bx         0x0000000008009490        0x0 linker stubs

.iplt           0x0000000008009490        0x0
 .iplt          0x0000000008009490        0x0 c:/st/stm32cubeide_1.0.1/stm32cubeide/plugins/com.st.stm32cube.ide.mcu.externaltools.gnu-tools-for-stm32.7-2018-q2-update.win32_1.0.0.201904181610/tools/bin/../lib/gcc/arm-none-eabi/7.3.1/thumb/v7e-m/fpv4-sp/hard/crtbegin.o

.rodata         0x0000000008009490      0x740
                0x0000000008009490                . = ALIGN (0x4)
 *(.rodata)
 .rodata        0x0000000008009490      0x176 Src/Common/Globals.o
 *fill*         0x0000000008009606        0x2 
 .rodata        0x0000000008009608       0xf3 Src/Drivers_Hd/wssfm1xrx.o
 *fill*         0x00000000080096fb        0x1 
 .rodata        0x00000000080096fc       0xdf Src/State/State.o
 *fill*         0x00000000080097db        0x1 
 .rodata        0x00000000080097dc      0x215 Src/Task/Task.o
 *fill*         0x00000000080099f1        0x3 
 .rodata        0x00000000080099f4       0x3a Src/main.o
 *(.rodata*)
 *fill*         0x0000000008009a2e        0x2 
 .rodata.__func__.11829
                0x0000000008009a30        0xc Src/State/State.o
 .rodata.__func__.11837
                0x0000000008009a3c        0xb Src/State/State.o
 *fill*         0x0000000008009a47        0x1 
 .rodata.AHBPrescTable
                0x0000000008009a48       0x10 Src/system_stm32l4xx.o
                0x0000000008009a48                AHBPrescTable
 .rodata.APBPrescTable
                0x0000000008009a58        0x8 Src/system_stm32l4xx.o
                0x0000000008009a58                APBPrescTable
 .rodata.MSIRangeTable
                0x0000000008009a60       0x30 Src/system_stm32l4xx.o
                0x0000000008009a60                MSIRangeTable
 .rodata._setlocale_r.str1.1
                0x0000000008009a90        0x8 c:/st/stm32cubeide_1.0.1/stm32cubeide/plugins/com.st.stm32cube.ide.mcu.externaltools.gnu-tools-for-stm32.7-2018-q2-update.win32_1.0.0.201904181610/tools/bin/../lib/gcc/arm-none-eabi/7.3.1/../../../../arm-none-eabi/lib/thumb/v7e-m/fpv4-sp/hard\libc_nano.a(lib_a-locale.o)
                                          0x9 (size before relaxing)
 .rodata.str1.1
                0x0000000008009a98        0x2 c:/st/stm32cubeide_1.0.1/stm32cubeide/plugins/com.st.stm32cube.ide.mcu.externaltools.gnu-tools-for-stm32.7-2018-q2-update.win32_1.0.0.201904181610/tools/bin/../lib/gcc/arm-none-eabi/7.3.1/../../../../arm-none-eabi/lib/thumb/v7e-m/fpv4-sp/hard\libc_nano.a(lib_a-locale.o)
 .rodata._ctype_
                0x0000000008009a9a      0x101 c:/st/stm32cubeide_1.0.1/stm32cubeide/plugins/com.st.stm32cube.ide.mcu.externaltools.gnu-tools-for-stm32.7-2018-q2-update.win32_1.0.0.201904181610/tools/bin/../lib/gcc/arm-none-eabi/7.3.1/../../../../arm-none-eabi/lib/thumb/v7e-m/fpv4-sp/hard\libc_nano.a(lib_a-ctype_.o)
                0x0000000008009a9a                _ctype_
 .rodata._svfprintf_r.str1.1
                0x0000000008009b9b       0x11 c:/st/stm32cubeide_1.0.1/stm32cubeide/plugins/com.st.stm32cube.ide.mcu.externaltools.gnu-tools-for-stm32.7-2018-q2-update.win32_1.0.0.201904181610/tools/bin/../lib/gcc/arm-none-eabi/7.3.1/../../../../arm-none-eabi/lib/thumb/v7e-m/fpv4-sp/hard\libc_nano.a(lib_a-nano-svfprintf.o)
 .rodata._printf_i.str1.1
                0x0000000008009bac       0x22 c:/st/stm32cubeide_1.0.1/stm32cubeide/plugins/com.st.stm32cube.ide.mcu.externaltools.gnu-tools-for-stm32.7-2018-q2-update.win32_1.0.0.201904181610/tools/bin/../lib/gcc/arm-none-eabi/7.3.1/../../../../arm-none-eabi/lib/thumb/v7e-m/fpv4-sp/hard\libc_nano.a(lib_a-nano-vfprintf_i.o)
                0x0000000008009bd0                . = ALIGN (0x4)
 *fill*         0x0000000008009bce        0x2 

.ARM.extab      0x0000000008009bd0        0x0
                0x0000000008009bd0                . = ALIGN (0x4)
 *(.ARM.extab* .gnu.linkonce.armextab.*)
                0x0000000008009bd0                . = ALIGN (0x4)

.ARM            0x0000000008009bd0        0x8
                0x0000000008009bd0                . = ALIGN (0x4)
                0x0000000008009bd0                __exidx_start = .
 *(.ARM.exidx*)
 .ARM.exidx     0x0000000008009bd0        0x8 c:/st/stm32cubeide_1.0.1/stm32cubeide/plugins/com.st.stm32cube.ide.mcu.externaltools.gnu-tools-for-stm32.7-2018-q2-update.win32_1.0.0.201904181610/tools/bin/../lib/gcc/arm-none-eabi/7.3.1/thumb/v7e-m/fpv4-sp/hard\libgcc.a(_udivmoddi4.o)
                0x0000000008009bd8                __exidx_end = .
                0x0000000008009bd8                . = ALIGN (0x4)

.rel.dyn        0x0000000008009bd8        0x0
 .rel.iplt      0x0000000008009bd8        0x0 c:/st/stm32cubeide_1.0.1/stm32cubeide/plugins/com.st.stm32cube.ide.mcu.externaltools.gnu-tools-for-stm32.7-2018-q2-update.win32_1.0.0.201904181610/tools/bin/../lib/gcc/arm-none-eabi/7.3.1/thumb/v7e-m/fpv4-sp/hard/crtbegin.o

.preinit_array  0x0000000008009bd8        0x0
                0x0000000008009bd8                . = ALIGN (0x4)
                0x0000000008009bd8                PROVIDE (__preinit_array_start = .)
 *(.preinit_array*)
                0x0000000008009bd8                PROVIDE (__preinit_array_end = .)
                0x0000000008009bd8                . = ALIGN (0x4)

.init_array     0x0000000008009bd8        0x4
                0x0000000008009bd8                . = ALIGN (0x4)
                0x0000000008009bd8                PROVIDE (__init_array_start = .)
 *(SORT_BY_NAME(.init_array.*))
 *(.init_array*)
 .init_array    0x0000000008009bd8        0x4 c:/st/stm32cubeide_1.0.1/stm32cubeide/plugins/com.st.stm32cube.ide.mcu.externaltools.gnu-tools-for-stm32.7-2018-q2-update.win32_1.0.0.201904181610/tools/bin/../lib/gcc/arm-none-eabi/7.3.1/thumb/v7e-m/fpv4-sp/hard/crtbegin.o
                0x0000000008009bdc                PROVIDE (__init_array_end = .)
                0x0000000008009bdc                . = ALIGN (0x4)

.fini_array     0x0000000008009bdc        0x4
                0x0000000008009bdc                . = ALIGN (0x4)
                [!provide]                        PROVIDE (__fini_array_start = .)
 *(SORT_BY_NAME(.fini_array.*))
 *(.fini_array*)
 .fini_array    0x0000000008009bdc        0x4 c:/st/stm32cubeide_1.0.1/stm32cubeide/plugins/com.st.stm32cube.ide.mcu.externaltools.gnu-tools-for-stm32.7-2018-q2-update.win32_1.0.0.201904181610/tools/bin/../lib/gcc/arm-none-eabi/7.3.1/thumb/v7e-m/fpv4-sp/hard/crtbegin.o
                [!provide]                        PROVIDE (__fini_array_end = .)
                0x0000000008009be0                . = ALIGN (0x4)
                0x0000000008009be0                _sidata = LOADADDR (.data)

.data           0x0000000020000000      0x20c load address 0x0000000008009be0
                0x0000000020000000                . = ALIGN (0x4)
                0x0000000020000000                _sdata = .
 *(.data)
 *(.data*)
 .data.uwTickPrio
                0x0000000020000000        0x4 Drivers/STM32L4xx_HAL_Driver/Src/stm32l4xx_hal.o
                0x0000000020000000                uwTickPrio
 .data.uwTickFreq
                0x0000000020000004        0x4 Drivers/STM32L4xx_HAL_Driver/Src/stm32l4xx_hal.o
                0x0000000020000004                uwTickFreq
 .data.WSSFM1XRX_UL_FREQUENCIES
                0x0000000020000008       0x18 Src/Drivers_Hd/wssfm1xrx.o
                0x0000000020000008                WSSFM1XRX_UL_FREQUENCIES
 .data.RetValueAux.11872
                0x0000000020000020        0x1 Src/Drivers_Hd/wssfm1xrx.o
 .data.RetValue.11871
                0x0000000020000021        0x1 Src/Drivers_Hd/wssfm1xrx.o
 .data.RetValueAux.11878
                0x0000000020000022        0x1 Src/Drivers_Hd/wssfm1xrx.o
 .data.RetValue.11877
                0x0000000020000023        0x1 Src/Drivers_Hd/wssfm1xrx.o
 .data.ChainIterator.7994
                0x0000000020000024        0x4 Src/Kernel/QuarkTS.o
 .data._qCRTaskState_.11831
                0x0000000020000028        0x8 Src/Task/Task.o
 .data._qCRTaskState_.11842
                0x0000000020000030        0x8 Src/Task/Task.o
 .data.SystemCoreClock
                0x0000000020000038        0x4 Src/system_stm32l4xx.o
                0x0000000020000038                SystemCoreClock
 .data._impure_ptr
                0x000000002000003c        0x4 c:/st/stm32cubeide_1.0.1/stm32cubeide/plugins/com.st.stm32cube.ide.mcu.externaltools.gnu-tools-for-stm32.7-2018-q2-update.win32_1.0.0.201904181610/tools/bin/../lib/gcc/arm-none-eabi/7.3.1/../../../../arm-none-eabi/lib/thumb/v7e-m/fpv4-sp/hard\libc_nano.a(lib_a-impure.o)
                0x000000002000003c                _impure_ptr
 .data.impure_data
                0x0000000020000040       0x60 c:/st/stm32cubeide_1.0.1/stm32cubeide/plugins/com.st.stm32cube.ide.mcu.externaltools.gnu-tools-for-stm32.7-2018-q2-update.win32_1.0.0.201904181610/tools/bin/../lib/gcc/arm-none-eabi/7.3.1/../../../../arm-none-eabi/lib/thumb/v7e-m/fpv4-sp/hard\libc_nano.a(lib_a-impure.o)
 .data.__global_locale
                0x00000000200000a0      0x16c c:/st/stm32cubeide_1.0.1/stm32cubeide/plugins/com.st.stm32cube.ide.mcu.externaltools.gnu-tools-for-stm32.7-2018-q2-update.win32_1.0.0.201904181610/tools/bin/../lib/gcc/arm-none-eabi/7.3.1/../../../../arm-none-eabi/lib/thumb/v7e-m/fpv4-sp/hard\libc_nano.a(lib_a-locale.o)
                0x00000000200000a0                __global_locale
                0x000000002000020c                . = ALIGN (0x4)
                0x000000002000020c                _edata = .

.igot.plt       0x000000002000020c        0x0 load address 0x0000000008009dec
 .igot.plt      0x000000002000020c        0x0 c:/st/stm32cubeide_1.0.1/stm32cubeide/plugins/com.st.stm32cube.ide.mcu.externaltools.gnu-tools-for-stm32.7-2018-q2-update.win32_1.0.0.201904181610/tools/bin/../lib/gcc/arm-none-eabi/7.3.1/thumb/v7e-m/fpv4-sp/hard/crtbegin.o
                0x000000002000020c                . = ALIGN (0x4)

.bss            0x000000002000020c      0x594 load address 0x0000000008009dec
                0x000000002000020c                _sbss = .
                0x000000002000020c                __bss_start__ = _sbss
 *(.bss)
 .bss           0x000000002000020c       0x1c c:/st/stm32cubeide_1.0.1/stm32cubeide/plugins/com.st.stm32cube.ide.mcu.externaltools.gnu-tools-for-stm32.7-2018-q2-update.win32_1.0.0.201904181610/tools/bin/../lib/gcc/arm-none-eabi/7.3.1/thumb/v7e-m/fpv4-sp/hard/crtbegin.o
 *(.bss*)
 .bss.mQueue_Stack
                0x0000000020000228       0x27 Src/Common/Globals.o
                0x0000000020000228                mQueue_Stack
 .bss.RetValue.11854
                0x000000002000024f        0x1 Src/Drivers_Hd/wssfm1xrx.o
 .bss.WSSFM1XRX_StartTick.11855
                0x0000000020000250        0x4 Src/Drivers_Hd/wssfm1xrx.o
 .bss.QUARKTS   0x0000000020000254       0x40 Src/Kernel/QuarkTS.o
 .bss._qSysTick_Epochs_
                0x0000000020000294        0x4 Src/Kernel/QuarkTS.o
 .bss.__qDebugOutputFcn
                0x0000000020000298        0x4 Src/Kernel/QuarkTS.o
                0x0000000020000298                __qDebugOutputFcn
 .bss.qDebugTrace_Buffer
                0x000000002000029c       0x24 Src/Kernel/QuarkTS.o
                0x000000002000029c                qDebugTrace_Buffer
 .bss.ret.11830
                0x00000000200002c0        0x1 Src/Task/Task.o
 .bss.ret.11840
                0x00000000200002c1        0x1 Src/Task/Task.o
 *fill*         0x00000000200002c2        0x2 
 .bss.timeout.11841
                0x00000000200002c4        0xc Src/Task/Task.o
 .bss.heap_end.6424
                0x00000000200002d0        0x4 Src/sysmem.o
 .bss.__malloc_free_list
                0x00000000200002d4        0x4 c:/st/stm32cubeide_1.0.1/stm32cubeide/plugins/com.st.stm32cube.ide.mcu.externaltools.gnu-tools-for-stm32.7-2018-q2-update.win32_1.0.0.201904181610/tools/bin/../lib/gcc/arm-none-eabi/7.3.1/../../../../arm-none-eabi/lib/thumb/v7e-m/fpv4-sp/hard\libc_nano.a(lib_a-nano-mallocr.o)
                0x00000000200002d4                __malloc_free_list
 .bss.__malloc_sbrk_start
                0x00000000200002d8        0x4 c:/st/stm32cubeide_1.0.1/stm32cubeide/plugins/com.st.stm32cube.ide.mcu.externaltools.gnu-tools-for-stm32.7-2018-q2-update.win32_1.0.0.201904181610/tools/bin/../lib/gcc/arm-none-eabi/7.3.1/../../../../arm-none-eabi/lib/thumb/v7e-m/fpv4-sp/hard\libc_nano.a(lib_a-nano-mallocr.o)
                0x00000000200002d8                __malloc_sbrk_start
 *(COMMON)
 COMMON         0x00000000200002dc        0x4 Drivers/STM32L4xx_HAL_Driver/Src/stm32l4xx_hal.o
                0x00000000200002dc                uwTick
 COMMON         0x00000000200002e0       0x24 Src/Common/Event.o
                0x00000000200002e0                StateMachine_ApplicationFSM
 COMMON         0x0000000020000304      0x410 Src/Common/Globals.o
                0x0000000020000304                DebounceData
                0x000000002000030c                UART_RX3
                0x0000000020000338                ResponseObject
                0x0000000020000344                InputButton
                0x0000000020000350                huart3
                0x00000000200003d0                SigFoxData
                0x00000000200003f8                Task_LoRaWANService
                0x000000002000042c                ResponseObjectLora
                0x0000000020000438                SigFox_UplinkQueue
                0x0000000020000450                hlpuart1
                0x00000000200004d0                Flags_globals
                0x00000000200004d4                InputCheck
                0x00000000200004e8                Task_Wisol_Service
                0x000000002000051c                FLASHMEM
                0x000000002000052c                BufferRxFrame
                0x0000000020000554                Task_Leds
                0x0000000020000588                LoRaReadyToUplink
                0x000000002000058c                xtypes
                0x0000000020000590                DataFrame
                0x00000000200005a0                huart2
                0x0000000020000620                UART_RX
                0x000000002000064c                SigfoxModule
                0x000000002000067c                Task_ApplicationFSM
                0x00000000200006b0                Debounce_Flag
                0x00000000200006b4                Color
                0x00000000200006c0                Task_UplinkDispatcher
                0x00000000200006f4                BufferTxFrame
 COMMON         0x0000000020000714       0x88 Src/main.o
                0x0000000020000714                hadc1
                0x0000000020000778                hrtc
 COMMON         0x000000002000079c        0x4 c:/st/stm32cubeide_1.0.1/stm32cubeide/plugins/com.st.stm32cube.ide.mcu.externaltools.gnu-tools-for-stm32.7-2018-q2-update.win32_1.0.0.201904181610/tools/bin/../lib/gcc/arm-none-eabi/7.3.1/../../../../arm-none-eabi/lib/thumb/v7e-m/fpv4-sp/hard\libc_nano.a(lib_a-reent.o)
                0x000000002000079c                errno
                0x00000000200007a0                . = ALIGN (0x4)
                0x00000000200007a0                _ebss = .
                0x00000000200007a0                __bss_end__ = _ebss

._user_heap_stack
                0x00000000200007a0      0x600 load address 0x0000000008009dec
                0x00000000200007a0                . = ALIGN (0x8)
                0x00000000200007a0                PROVIDE (end = .)
                [!provide]                        PROVIDE (_end = .)
                0x00000000200009a0                . = (. + _Min_Heap_Size)
 *fill*         0x00000000200007a0      0x200 
                0x0000000020000da0                . = (. + _Min_Stack_Size)
 *fill*         0x00000000200009a0      0x400 
                0x0000000020000da0                . = ALIGN (0x8)

/DISCARD/
 libc.a(*)
 libm.a(*)
 libgcc.a(*)

.ARM.attributes
                0x0000000000000000       0x30
 *(.ARM.attributes)
 .ARM.attributes
                0x0000000000000000       0x22 c:/st/stm32cubeide_1.0.1/stm32cubeide/plugins/com.st.stm32cube.ide.mcu.externaltools.gnu-tools-for-stm32.7-2018-q2-update.win32_1.0.0.201904181610/tools/bin/../lib/gcc/arm-none-eabi/7.3.1/thumb/v7e-m/fpv4-sp/hard/crti.o
 .ARM.attributes
                0x0000000000000022       0x34 c:/st/stm32cubeide_1.0.1/stm32cubeide/plugins/com.st.stm32cube.ide.mcu.externaltools.gnu-tools-for-stm32.7-2018-q2-update.win32_1.0.0.201904181610/tools/bin/../lib/gcc/arm-none-eabi/7.3.1/thumb/v7e-m/fpv4-sp/hard/crtbegin.o
 .ARM.attributes
                0x0000000000000056       0x39 Drivers/STM32L4xx_HAL_Driver/Src/stm32l4xx_hal.o
 .ARM.attributes
                0x000000000000008f       0x39 Drivers/STM32L4xx_HAL_Driver/Src/stm32l4xx_hal_adc.o
 .ARM.attributes
                0x00000000000000c8       0x39 Drivers/STM32L4xx_HAL_Driver/Src/stm32l4xx_hal_adc_ex.o
 .ARM.attributes
                0x0000000000000101       0x39 Drivers/STM32L4xx_HAL_Driver/Src/stm32l4xx_hal_cortex.o
 .ARM.attributes
                0x000000000000013a       0x39 Drivers/STM32L4xx_HAL_Driver/Src/stm32l4xx_hal_dma.o
 .ARM.attributes
                0x0000000000000173       0x39 Drivers/STM32L4xx_HAL_Driver/Src/stm32l4xx_hal_gpio.o
 .ARM.attributes
                0x00000000000001ac       0x39 Drivers/STM32L4xx_HAL_Driver/Src/stm32l4xx_hal_pwr.o
 .ARM.attributes
                0x00000000000001e5       0x39 Drivers/STM32L4xx_HAL_Driver/Src/stm32l4xx_hal_pwr_ex.o
 .ARM.attributes
                0x000000000000021e       0x39 Drivers/STM32L4xx_HAL_Driver/Src/stm32l4xx_hal_rcc.o
 .ARM.attributes
                0x0000000000000257       0x39 Drivers/STM32L4xx_HAL_Driver/Src/stm32l4xx_hal_rcc_ex.o
 .ARM.attributes
                0x0000000000000290       0x39 Drivers/STM32L4xx_HAL_Driver/Src/stm32l4xx_hal_rtc.o
 .ARM.attributes
                0x00000000000002c9       0x39 Drivers/STM32L4xx_HAL_Driver/Src/stm32l4xx_hal_rtc_ex.o
 .ARM.attributes
                0x0000000000000302       0x39 Drivers/STM32L4xx_HAL_Driver/Src/stm32l4xx_hal_uart.o
 .ARM.attributes
                0x000000000000033b       0x39 Drivers/STM32L4xx_HAL_Driver/Src/stm32l4xx_hal_uart_ex.o
 .ARM.attributes
                0x0000000000000374       0x39 Src/Common/Event.o
 .ARM.attributes
                0x00000000000003ad       0x39 Src/Common/Globals.o
 .ARM.attributes
                0x00000000000003e6       0x39 Src/Drivers_Hd/wssfm1xrx.o
 .ARM.attributes
                0x000000000000041f       0x39 Src/Kernel/QuarkTS.o
 .ARM.attributes
                0x0000000000000458       0x39 Src/State/State.o
 .ARM.attributes
                0x0000000000000491       0x39 Src/Task/Task.o
 .ARM.attributes
                0x00000000000004ca       0x39 Src/main.o
 .ARM.attributes
                0x0000000000000503       0x39 Src/stm32l4xx_hal_msp.o
 .ARM.attributes
                0x000000000000053c       0x39 Src/stm32l4xx_it.o
 .ARM.attributes
                0x0000000000000575       0x39 Src/sysmem.o
 .ARM.attributes
                0x00000000000005ae       0x39 Src/system_stm32l4xx.o
 .ARM.attributes
                0x00000000000005e7       0x21 Startup/startup_stm32l471rgtx.o
 .ARM.attributes
                0x0000000000000608       0x34 c:/st/stm32cubeide_1.0.1/stm32cubeide/plugins/com.st.stm32cube.ide.mcu.externaltools.gnu-tools-for-stm32.7-2018-q2-update.win32_1.0.0.201904181610/tools/bin/../lib/gcc/arm-none-eabi/7.3.1/../../../../arm-none-eabi/lib/thumb/v7e-m/fpv4-sp/hard\libc_nano.a(lib_a-errno.o)
 .ARM.attributes
                0x000000000000063c       0x34 c:/st/stm32cubeide_1.0.1/stm32cubeide/plugins/com.st.stm32cube.ide.mcu.externaltools.gnu-tools-for-stm32.7-2018-q2-update.win32_1.0.0.201904181610/tools/bin/../lib/gcc/arm-none-eabi/7.3.1/../../../../arm-none-eabi/lib/thumb/v7e-m/fpv4-sp/hard\libc_nano.a(lib_a-impure.o)
 .ARM.attributes
                0x0000000000000670       0x34 c:/st/stm32cubeide_1.0.1/stm32cubeide/plugins/com.st.stm32cube.ide.mcu.externaltools.gnu-tools-for-stm32.7-2018-q2-update.win32_1.0.0.201904181610/tools/bin/../lib/gcc/arm-none-eabi/7.3.1/../../../../arm-none-eabi/lib/thumb/v7e-m/fpv4-sp/hard\libc_nano.a(lib_a-init.o)
 .ARM.attributes
                0x00000000000006a4       0x34 c:/st/stm32cubeide_1.0.1/stm32cubeide/plugins/com.st.stm32cube.ide.mcu.externaltools.gnu-tools-for-stm32.7-2018-q2-update.win32_1.0.0.201904181610/tools/bin/../lib/gcc/arm-none-eabi/7.3.1/../../../../arm-none-eabi/lib/thumb/v7e-m/fpv4-sp/hard\libc_nano.a(lib_a-locale.o)
 .ARM.attributes
                0x00000000000006d8       0x34 c:/st/stm32cubeide_1.0.1/stm32cubeide/plugins/com.st.stm32cube.ide.mcu.externaltools.gnu-tools-for-stm32.7-2018-q2-update.win32_1.0.0.201904181610/tools/bin/../lib/gcc/arm-none-eabi/7.3.1/../../../../arm-none-eabi/lib/thumb/v7e-m/fpv4-sp/hard\libc_nano.a(lib_a-mbtowc_r.o)
 .ARM.attributes
                0x000000000000070c       0x34 c:/st/stm32cubeide_1.0.1/stm32cubeide/plugins/com.st.stm32cube.ide.mcu.externaltools.gnu-tools-for-stm32.7-2018-q2-update.win32_1.0.0.201904181610/tools/bin/../lib/gcc/arm-none-eabi/7.3.1/../../../../arm-none-eabi/lib/thumb/v7e-m/fpv4-sp/hard\libc_nano.a(lib_a-memcpy-stub.o)
 .ARM.attributes
                0x0000000000000740       0x34 c:/st/stm32cubeide_1.0.1/stm32cubeide/plugins/com.st.stm32cube.ide.mcu.externaltools.gnu-tools-for-stm32.7-2018-q2-update.win32_1.0.0.201904181610/tools/bin/../lib/gcc/arm-none-eabi/7.3.1/../../../../arm-none-eabi/lib/thumb/v7e-m/fpv4-sp/hard\libc_nano.a(lib_a-memset.o)
 .ARM.attributes
                0x0000000000000774       0x34 c:/st/stm32cubeide_1.0.1/stm32cubeide/plugins/com.st.stm32cube.ide.mcu.externaltools.gnu-tools-for-stm32.7-2018-q2-update.win32_1.0.0.201904181610/tools/bin/../lib/gcc/arm-none-eabi/7.3.1/../../../../arm-none-eabi/lib/thumb/v7e-m/fpv4-sp/hard\libc_nano.a(lib_a-sprintf.o)
 .ARM.attributes
                0x00000000000007a8       0x34 c:/st/stm32cubeide_1.0.1/stm32cubeide/plugins/com.st.stm32cube.ide.mcu.externaltools.gnu-tools-for-stm32.7-2018-q2-update.win32_1.0.0.201904181610/tools/bin/../lib/gcc/arm-none-eabi/7.3.1/../../../../arm-none-eabi/lib/thumb/v7e-m/fpv4-sp/hard\libc_nano.a(lib_a-strchr.o)
 .ARM.attributes
                0x00000000000007dc       0x34 c:/st/stm32cubeide_1.0.1/stm32cubeide/plugins/com.st.stm32cube.ide.mcu.externaltools.gnu-tools-for-stm32.7-2018-q2-update.win32_1.0.0.201904181610/tools/bin/../lib/gcc/arm-none-eabi/7.3.1/../../../../arm-none-eabi/lib/thumb/v7e-m/fpv4-sp/hard\libc_nano.a(lib_a-strcpy.o)
 .ARM.attributes
                0x0000000000000810       0x1b c:/st/stm32cubeide_1.0.1/stm32cubeide/plugins/com.st.stm32cube.ide.mcu.externaltools.gnu-tools-for-stm32.7-2018-q2-update.win32_1.0.0.201904181610/tools/bin/../lib/gcc/arm-none-eabi/7.3.1/../../../../arm-none-eabi/lib/thumb/v7e-m/fpv4-sp/hard\libc_nano.a(lib_a-strlen.o)
 .ARM.attributes
                0x000000000000082b       0x34 c:/st/stm32cubeide_1.0.1/stm32cubeide/plugins/com.st.stm32cube.ide.mcu.externaltools.gnu-tools-for-stm32.7-2018-q2-update.win32_1.0.0.201904181610/tools/bin/../lib/gcc/arm-none-eabi/7.3.1/../../../../arm-none-eabi/lib/thumb/v7e-m/fpv4-sp/hard\libc_nano.a(lib_a-strstr.o)
 .ARM.attributes
                0x000000000000085f       0x34 c:/st/stm32cubeide_1.0.1/stm32cubeide/plugins/com.st.stm32cube.ide.mcu.externaltools.gnu-tools-for-stm32.7-2018-q2-update.win32_1.0.0.201904181610/tools/bin/../lib/gcc/arm-none-eabi/7.3.1/../../../../arm-none-eabi/lib/thumb/v7e-m/fpv4-sp/hard\libc_nano.a(lib_a-strtol.o)
 .ARM.attributes
                0x0000000000000893       0x34 c:/st/stm32cubeide_1.0.1/stm32cubeide/plugins/com.st.stm32cube.ide.mcu.externaltools.gnu-tools-for-stm32.7-2018-q2-update.win32_1.0.0.201904181610/tools/bin/../lib/gcc/arm-none-eabi/7.3.1/../../../../arm-none-eabi/lib/thumb/v7e-m/fpv4-sp/hard\libc_nano.a(lib_a-wctomb_r.o)
 .ARM.attributes
                0x00000000000008c7       0x34 c:/st/stm32cubeide_1.0.1/stm32cubeide/plugins/com.st.stm32cube.ide.mcu.externaltools.gnu-tools-for-stm32.7-2018-q2-update.win32_1.0.0.201904181610/tools/bin/../lib/gcc/arm-none-eabi/7.3.1/../../../../arm-none-eabi/lib/thumb/v7e-m/fpv4-sp/hard\libc_nano.a(lib_a-ctype_.o)
 .ARM.attributes
                0x00000000000008fb       0x34 c:/st/stm32cubeide_1.0.1/stm32cubeide/plugins/com.st.stm32cube.ide.mcu.externaltools.gnu-tools-for-stm32.7-2018-q2-update.win32_1.0.0.201904181610/tools/bin/../lib/gcc/arm-none-eabi/7.3.1/../../../../arm-none-eabi/lib/thumb/v7e-m/fpv4-sp/hard\libc_nano.a(lib_a-nano-svfprintf.o)
 .ARM.attributes
                0x000000000000092f       0x34 c:/st/stm32cubeide_1.0.1/stm32cubeide/plugins/com.st.stm32cube.ide.mcu.externaltools.gnu-tools-for-stm32.7-2018-q2-update.win32_1.0.0.201904181610/tools/bin/../lib/gcc/arm-none-eabi/7.3.1/../../../../arm-none-eabi/lib/thumb/v7e-m/fpv4-sp/hard\libc_nano.a(lib_a-nano-vfprintf_i.o)
 .ARM.attributes
                0x0000000000000963       0x20 c:/st/stm32cubeide_1.0.1/stm32cubeide/plugins/com.st.stm32cube.ide.mcu.externaltools.gnu-tools-for-stm32.7-2018-q2-update.win32_1.0.0.201904181610/tools/bin/../lib/gcc/arm-none-eabi/7.3.1/../../../../arm-none-eabi/lib/thumb/v7e-m/fpv4-sp/hard\libc_nano.a(lib_a-memchr.o)
 .ARM.attributes
                0x0000000000000983       0x34 c:/st/stm32cubeide_1.0.1/stm32cubeide/plugins/com.st.stm32cube.ide.mcu.externaltools.gnu-tools-for-stm32.7-2018-q2-update.win32_1.0.0.201904181610/tools/bin/../lib/gcc/arm-none-eabi/7.3.1/../../../../arm-none-eabi/lib/thumb/v7e-m/fpv4-sp/hard\libc_nano.a(lib_a-memmove.o)
 .ARM.attributes
                0x00000000000009b7       0x34 c:/st/stm32cubeide_1.0.1/stm32cubeide/plugins/com.st.stm32cube.ide.mcu.externaltools.gnu-tools-for-stm32.7-2018-q2-update.win32_1.0.0.201904181610/tools/bin/../lib/gcc/arm-none-eabi/7.3.1/../../../../arm-none-eabi/lib/thumb/v7e-m/fpv4-sp/hard\libc_nano.a(lib_a-nano-freer.o)
 .ARM.attributes
                0x00000000000009eb       0x34 c:/st/stm32cubeide_1.0.1/stm32cubeide/plugins/com.st.stm32cube.ide.mcu.externaltools.gnu-tools-for-stm32.7-2018-q2-update.win32_1.0.0.201904181610/tools/bin/../lib/gcc/arm-none-eabi/7.3.1/../../../../arm-none-eabi/lib/thumb/v7e-m/fpv4-sp/hard\libc_nano.a(lib_a-nano-mallocr.o)
 .ARM.attributes
                0x0000000000000a1f       0x34 c:/st/stm32cubeide_1.0.1/stm32cubeide/plugins/com.st.stm32cube.ide.mcu.externaltools.gnu-tools-for-stm32.7-2018-q2-update.win32_1.0.0.201904181610/tools/bin/../lib/gcc/arm-none-eabi/7.3.1/../../../../arm-none-eabi/lib/thumb/v7e-m/fpv4-sp/hard\libc_nano.a(lib_a-nano-reallocr.o)
 .ARM.attributes
                0x0000000000000a53       0x34 c:/st/stm32cubeide_1.0.1/stm32cubeide/plugins/com.st.stm32cube.ide.mcu.externaltools.gnu-tools-for-stm32.7-2018-q2-update.win32_1.0.0.201904181610/tools/bin/../lib/gcc/arm-none-eabi/7.3.1/../../../../arm-none-eabi/lib/thumb/v7e-m/fpv4-sp/hard\libc_nano.a(lib_a-sbrkr.o)
 .ARM.attributes
                0x0000000000000a87       0x34 c:/st/stm32cubeide_1.0.1/stm32cubeide/plugins/com.st.stm32cube.ide.mcu.externaltools.gnu-tools-for-stm32.7-2018-q2-update.win32_1.0.0.201904181610/tools/bin/../lib/gcc/arm-none-eabi/7.3.1/../../../../arm-none-eabi/lib/thumb/v7e-m/fpv4-sp/hard\libc_nano.a(lib_a-mlock.o)
 .ARM.attributes
                0x0000000000000abb       0x34 c:/st/stm32cubeide_1.0.1/stm32cubeide/plugins/com.st.stm32cube.ide.mcu.externaltools.gnu-tools-for-stm32.7-2018-q2-update.win32_1.0.0.201904181610/tools/bin/../lib/gcc/arm-none-eabi/7.3.1/../../../../arm-none-eabi/lib/thumb/v7e-m/fpv4-sp/hard\libc_nano.a(lib_a-nano-msizer.o)
 .ARM.attributes
                0x0000000000000aef       0x34 c:/st/stm32cubeide_1.0.1/stm32cubeide/plugins/com.st.stm32cube.ide.mcu.externaltools.gnu-tools-for-stm32.7-2018-q2-update.win32_1.0.0.201904181610/tools/bin/../lib/gcc/arm-none-eabi/7.3.1/../../../../arm-none-eabi/lib/thumb/v7e-m/fpv4-sp/hard\libc_nano.a(lib_a-reent.o)
 .ARM.attributes
                0x0000000000000b23       0x22 c:/st/stm32cubeide_1.0.1/stm32cubeide/plugins/com.st.stm32cube.ide.mcu.externaltools.gnu-tools-for-stm32.7-2018-q2-update.win32_1.0.0.201904181610/tools/bin/../lib/gcc/arm-none-eabi/7.3.1/thumb/v7e-m/fpv4-sp/hard\libgcc.a(_arm_addsubdf3.o)
 .ARM.attributes
                0x0000000000000b45       0x22 c:/st/stm32cubeide_1.0.1/stm32cubeide/plugins/com.st.stm32cube.ide.mcu.externaltools.gnu-tools-for-stm32.7-2018-q2-update.win32_1.0.0.201904181610/tools/bin/../lib/gcc/arm-none-eabi/7.3.1/thumb/v7e-m/fpv4-sp/hard\libgcc.a(_arm_muldivdf3.o)
 .ARM.attributes
                0x0000000000000b67       0x22 c:/st/stm32cubeide_1.0.1/stm32cubeide/plugins/com.st.stm32cube.ide.mcu.externaltools.gnu-tools-for-stm32.7-2018-q2-update.win32_1.0.0.201904181610/tools/bin/../lib/gcc/arm-none-eabi/7.3.1/thumb/v7e-m/fpv4-sp/hard\libgcc.a(_arm_fixunsdfsi.o)
 .ARM.attributes
                0x0000000000000b89       0x22 c:/st/stm32cubeide_1.0.1/stm32cubeide/plugins/com.st.stm32cube.ide.mcu.externaltools.gnu-tools-for-stm32.7-2018-q2-update.win32_1.0.0.201904181610/tools/bin/../lib/gcc/arm-none-eabi/7.3.1/thumb/v7e-m/fpv4-sp/hard\libgcc.a(_arm_truncdfsf2.o)
 .ARM.attributes
                0x0000000000000bab       0x22 c:/st/stm32cubeide_1.0.1/stm32cubeide/plugins/com.st.stm32cube.ide.mcu.externaltools.gnu-tools-for-stm32.7-2018-q2-update.win32_1.0.0.201904181610/tools/bin/../lib/gcc/arm-none-eabi/7.3.1/thumb/v7e-m/fpv4-sp/hard\libgcc.a(_aeabi_uldivmod.o)
 .ARM.attributes
                0x0000000000000bcd       0x34 c:/st/stm32cubeide_1.0.1/stm32cubeide/plugins/com.st.stm32cube.ide.mcu.externaltools.gnu-tools-for-stm32.7-2018-q2-update.win32_1.0.0.201904181610/tools/bin/../lib/gcc/arm-none-eabi/7.3.1/thumb/v7e-m/fpv4-sp/hard\libgcc.a(_udivmoddi4.o)
 .ARM.attributes
                0x0000000000000c01       0x22 c:/st/stm32cubeide_1.0.1/stm32cubeide/plugins/com.st.stm32cube.ide.mcu.externaltools.gnu-tools-for-stm32.7-2018-q2-update.win32_1.0.0.201904181610/tools/bin/../lib/gcc/arm-none-eabi/7.3.1/thumb/v7e-m/fpv4-sp/hard\libgcc.a(_dvmd_tls.o)
 .ARM.attributes
                0x0000000000000c23       0x22 c:/st/stm32cubeide_1.0.1/stm32cubeide/plugins/com.st.stm32cube.ide.mcu.externaltools.gnu-tools-for-stm32.7-2018-q2-update.win32_1.0.0.201904181610/tools/bin/../lib/gcc/arm-none-eabi/7.3.1/thumb/v7e-m/fpv4-sp/hard/crtn.o
OUTPUT(Gateway_prueba_prog.elf elf32-littlearm)

.debug_info     0x0000000000000000    0x237e6
 .debug_info    0x0000000000000000      0xbd4 Drivers/STM32L4xx_HAL_Driver/Src/stm32l4xx_hal.o
 .debug_info    0x0000000000000bd4     0x1c49 Drivers/STM32L4xx_HAL_Driver/Src/stm32l4xx_hal_adc.o
 .debug_info    0x000000000000281d     0x1a00 Drivers/STM32L4xx_HAL_Driver/Src/stm32l4xx_hal_adc_ex.o
 .debug_info    0x000000000000421d      0xf30 Drivers/STM32L4xx_HAL_Driver/Src/stm32l4xx_hal_cortex.o
 .debug_info    0x000000000000514d      0x8c1 Drivers/STM32L4xx_HAL_Driver/Src/stm32l4xx_hal_dma.o
 .debug_info    0x0000000000005a0e      0x982 Drivers/STM32L4xx_HAL_Driver/Src/stm32l4xx_hal_gpio.o
 .debug_info    0x0000000000006390      0xa60 Drivers/STM32L4xx_HAL_Driver/Src/stm32l4xx_hal_pwr.o
 .debug_info    0x0000000000006df0      0xa80 Drivers/STM32L4xx_HAL_Driver/Src/stm32l4xx_hal_pwr_ex.o
 .debug_info    0x0000000000007870      0xcfe Drivers/STM32L4xx_HAL_Driver/Src/stm32l4xx_hal_rcc.o
 .debug_info    0x000000000000856e      0xf04 Drivers/STM32L4xx_HAL_Driver/Src/stm32l4xx_hal_rcc_ex.o
 .debug_info    0x0000000000009472      0xe96 Drivers/STM32L4xx_HAL_Driver/Src/stm32l4xx_hal_rtc.o
 .debug_info    0x000000000000a308     0x1162 Drivers/STM32L4xx_HAL_Driver/Src/stm32l4xx_hal_rtc_ex.o
 .debug_info    0x000000000000b46a     0x1776 Drivers/STM32L4xx_HAL_Driver/Src/stm32l4xx_hal_uart.o
 .debug_info    0x000000000000cbe0      0xa06 Drivers/STM32L4xx_HAL_Driver/Src/stm32l4xx_hal_uart_ex.o
 .debug_info    0x000000000000d5e6     0x22ce Src/Common/Event.o
 .debug_info    0x000000000000f8b4     0x2b9f Src/Common/Globals.o
 .debug_info    0x0000000000012453     0x2d66 Src/Drivers_Hd/wssfm1xrx.o
 .debug_info    0x00000000000151b9     0x369c Src/Kernel/QuarkTS.o
 .debug_info    0x0000000000018855     0x2708 Src/State/State.o
 .debug_info    0x000000000001af5d     0x25ad Src/Task/Task.o
 .debug_info    0x000000000001d50a     0x2fe4 Src/main.o
 .debug_info    0x00000000000204ee     0x1685 Src/stm32l4xx_hal_msp.o
 .debug_info    0x0000000000021b73      0xc3f Src/stm32l4xx_it.o
 .debug_info    0x00000000000227b2      0x91c Src/sysmem.o
 .debug_info    0x00000000000230ce      0x6f6 Src/system_stm32l4xx.o
 .debug_info    0x00000000000237c4       0x22 Startup/startup_stm32l471rgtx.o

.debug_abbrev   0x0000000000000000     0x37cf
 .debug_abbrev  0x0000000000000000      0x1fb Drivers/STM32L4xx_HAL_Driver/Src/stm32l4xx_hal.o
 .debug_abbrev  0x00000000000001fb      0x24a Drivers/STM32L4xx_HAL_Driver/Src/stm32l4xx_hal_adc.o
 .debug_abbrev  0x0000000000000445      0x26a Drivers/STM32L4xx_HAL_Driver/Src/stm32l4xx_hal_adc_ex.o
 .debug_abbrev  0x00000000000006af      0x2fa Drivers/STM32L4xx_HAL_Driver/Src/stm32l4xx_hal_cortex.o