Archive member included to satisfy reference by file (symbol)

c:/st/stm32cubeide_1.0.0/stm32cubeide/plugins/com.st.stm32cube.ide.mcu.externaltools.gnu-tools-for-stm32.7-2018-q2-update.win32_1.0.0.201904181610/tools/bin/../lib/gcc/arm-none-eabi/7.3.1/../../../../arm-none-eabi/lib/thumb/v7e-m/fpv4-sp/hard\libc_nano.a(lib_a-errno.o)
                              Src/syscalls.o (__errno)
c:/st/stm32cubeide_1.0.0/stm32cubeide/plugins/com.st.stm32cube.ide.mcu.externaltools.gnu-tools-for-stm32.7-2018-q2-update.win32_1.0.0.201904181610/tools/bin/../lib/gcc/arm-none-eabi/7.3.1/../../../../arm-none-eabi/lib/thumb/v7e-m/fpv4-sp/hard\libc_nano.a(lib_a-exit.o)
                              c:/st/stm32cubeide_1.0.0/stm32cubeide/plugins/com.st.stm32cube.ide.mcu.externaltools.gnu-tools-for-stm32.7-2018-q2-update.win32_1.0.0.201904181610/tools/bin/../lib/gcc/arm-none-eabi/7.3.1/../../../../arm-none-eabi/lib/thumb/v7e-m/fpv4-sp/hard/crt0.o (exit)
c:/st/stm32cubeide_1.0.0/stm32cubeide/plugins/com.st.stm32cube.ide.mcu.externaltools.gnu-tools-for-stm32.7-2018-q2-update.win32_1.0.0.201904181610/tools/bin/../lib/gcc/arm-none-eabi/7.3.1/../../../../arm-none-eabi/lib/thumb/v7e-m/fpv4-sp/hard\libc_nano.a(lib_a-impure.o)
                              c:/st/stm32cubeide_1.0.0/stm32cubeide/plugins/com.st.stm32cube.ide.mcu.externaltools.gnu-tools-for-stm32.7-2018-q2-update.win32_1.0.0.201904181610/tools/bin/../lib/gcc/arm-none-eabi/7.3.1/../../../../arm-none-eabi/lib/thumb/v7e-m/fpv4-sp/hard\libc_nano.a(lib_a-exit.o) (_global_impure_ptr)
c:/st/stm32cubeide_1.0.0/stm32cubeide/plugins/com.st.stm32cube.ide.mcu.externaltools.gnu-tools-for-stm32.7-2018-q2-update.win32_1.0.0.201904181610/tools/bin/../lib/gcc/arm-none-eabi/7.3.1/../../../../arm-none-eabi/lib/thumb/v7e-m/fpv4-sp/hard\libc_nano.a(lib_a-init.o)
                              c:/st/stm32cubeide_1.0.0/stm32cubeide/plugins/com.st.stm32cube.ide.mcu.externaltools.gnu-tools-for-stm32.7-2018-q2-update.win32_1.0.0.201904181610/tools/bin/../lib/gcc/arm-none-eabi/7.3.1/../../../../arm-none-eabi/lib/thumb/v7e-m/fpv4-sp/hard/crt0.o (__libc_init_array)
c:/st/stm32cubeide_1.0.0/stm32cubeide/plugins/com.st.stm32cube.ide.mcu.externaltools.gnu-tools-for-stm32.7-2018-q2-update.win32_1.0.0.201904181610/tools/bin/../lib/gcc/arm-none-eabi/7.3.1/../../../../arm-none-eabi/lib/thumb/v7e-m/fpv4-sp/hard\libc_nano.a(lib_a-locale.o)
                              Src/Kernel/QuarkTS.o (__locale_ctype_ptr)
c:/st/stm32cubeide_1.0.0/stm32cubeide/plugins/com.st.stm32cube.ide.mcu.externaltools.gnu-tools-for-stm32.7-2018-q2-update.win32_1.0.0.201904181610/tools/bin/../lib/gcc/arm-none-eabi/7.3.1/../../../../arm-none-eabi/lib/thumb/v7e-m/fpv4-sp/hard\libc_nano.a(lib_a-mbtowc_r.o)
                              c:/st/stm32cubeide_1.0.0/stm32cubeide/plugins/com.st.stm32cube.ide.mcu.externaltools.gnu-tools-for-stm32.7-2018-q2-update.win32_1.0.0.201904181610/tools/bin/../lib/gcc/arm-none-eabi/7.3.1/../../../../arm-none-eabi/lib/thumb/v7e-m/fpv4-sp/hard\libc_nano.a(lib_a-locale.o) (__ascii_mbtowc)
c:/st/stm32cubeide_1.0.0/stm32cubeide/plugins/com.st.stm32cube.ide.mcu.externaltools.gnu-tools-for-stm32.7-2018-q2-update.win32_1.0.0.201904181610/tools/bin/../lib/gcc/arm-none-eabi/7.3.1/../../../../arm-none-eabi/lib/thumb/v7e-m/fpv4-sp/hard\libc_nano.a(lib_a-memcpy-stub.o)
                              Src/Kernel/QuarkTS.o (memcpy)
c:/st/stm32cubeide_1.0.0/stm32cubeide/plugins/com.st.stm32cube.ide.mcu.externaltools.gnu-tools-for-stm32.7-2018-q2-update.win32_1.0.0.201904181610/tools/bin/../lib/gcc/arm-none-eabi/7.3.1/../../../../arm-none-eabi/lib/thumb/v7e-m/fpv4-sp/hard\libc_nano.a(lib_a-memset.o)
                              c:/st/stm32cubeide_1.0.0/stm32cubeide/plugins/com.st.stm32cube.ide.mcu.externaltools.gnu-tools-for-stm32.7-2018-q2-update.win32_1.0.0.201904181610/tools/bin/../lib/gcc/arm-none-eabi/7.3.1/../../../../arm-none-eabi/lib/thumb/v7e-m/fpv4-sp/hard/crt0.o (memset)
c:/st/stm32cubeide_1.0.0/stm32cubeide/plugins/com.st.stm32cube.ide.mcu.externaltools.gnu-tools-for-stm32.7-2018-q2-update.win32_1.0.0.201904181610/tools/bin/../lib/gcc/arm-none-eabi/7.3.1/../../../../arm-none-eabi/lib/thumb/v7e-m/fpv4-sp/hard\libc_nano.a(lib_a-sprintf.o)
                              Src/Common/Globals.o (sprintf)
c:/st/stm32cubeide_1.0.0/stm32cubeide/plugins/com.st.stm32cube.ide.mcu.externaltools.gnu-tools-for-stm32.7-2018-q2-update.win32_1.0.0.201904181610/tools/bin/../lib/gcc/arm-none-eabi/7.3.1/../../../../arm-none-eabi/lib/thumb/v7e-m/fpv4-sp/hard\libc_nano.a(lib_a-strchr.o)
                              Src/Drivers_Hd/wssfm1xrx.o (strchr)
c:/st/stm32cubeide_1.0.0/stm32cubeide/plugins/com.st.stm32cube.ide.mcu.externaltools.gnu-tools-for-stm32.7-2018-q2-update.win32_1.0.0.201904181610/tools/bin/../lib/gcc/arm-none-eabi/7.3.1/../../../../arm-none-eabi/lib/thumb/v7e-m/fpv4-sp/hard\libc_nano.a(lib_a-strcmp.o)
                              Src/Kernel/QuarkTS.o (strcmp)
[...]
Memory Configuration

Name             Origin             Length             Attributes
FLASH            0x0000000008000000 0x0000000000100000 xr
RAM2             0x0000000010000000 0x0000000000008000 xrw
RAM              0x0000000020000000 0x0000000000018000 xrw
*default*        0x0000000000000000 0xffffffffffffffff

Linker script and memory map

LOAD c:/st/stm32cubeide_1.0.0/stm32cubeide/plugins/com.st.stm32cube.ide.mcu.externaltools.gnu-tools-for-stm32.7-2018-q2-update.win32_1.0.0.201904181610/tools/bin/../lib/gcc/arm-none-eabi/7.3.1/thumb/v7e-m/fpv4-sp/hard/crti.o
LOAD c:/st/stm32cubeide_1.0.0/stm32cubeide/plugins/com.st.stm32cube.ide.mcu.externaltools.gnu-tools-for-stm32.7-2018-q2-update.win32_1.0.0.201904181610/tools/bin/../lib/gcc/arm-none-eabi/7.3.1/thumb/v7e-m/fpv4-sp/hard/crtbegin.o
LOAD c:/st/stm32cubeide_1.0.0/stm32cubeide/plugins/com.st.stm32cube.ide.mcu.externaltools.gnu-tools-for-stm32.7-2018-q2-update.win32_1.0.0.201904181610/tools/bin/../lib/gcc/arm-none-eabi/7.3.1/../../../../arm-none-eabi/lib/thumb/v7e-m/fpv4-sp/hard/crt0.o
LOAD Drivers/STM32L4xx_HAL_Driver/Src/stm32l4xx_hal.o
LOAD Drivers/STM32L4xx_HAL_Driver/Src/stm32l4xx_hal_adc.o
LOAD Drivers/STM32L4xx_HAL_Driver/Src/stm32l4xx_hal_adc_ex.o
LOAD Drivers/STM32L4xx_HAL_Driver/Src/stm32l4xx_hal_cortex.o
LOAD Drivers/STM32L4xx_HAL_Driver/Src/stm32l4xx_hal_dma.o
LOAD Drivers/STM32L4xx_HAL_Driver/Src/stm32l4xx_hal_dma_ex.o
LOAD Drivers/STM32L4xx_HAL_Driver/Src/stm32l4xx_hal_exti.o
LOAD Drivers/STM32L4xx_HAL_Driver/Src/stm32l4xx_hal_flash.o
LOAD Drivers/STM32L4xx_HAL_Driver/Src/stm32l4xx_hal_flash_ex.o
LOAD Drivers/STM32L4xx_HAL_Driver/Src/stm32l4xx_hal_flash_ramfunc.o
LOAD Drivers/STM32L4xx_HAL_Driver/Src/stm32l4xx_hal_gpio.o
LOAD Drivers/STM32L4xx_HAL_Driver/Src/stm32l4xx_hal_i2c.o
LOAD Drivers/STM32L4xx_HAL_Driver/Src/stm32l4xx_hal_i2c_ex.o
LOAD Drivers/STM32L4xx_HAL_Driver/Src/stm32l4xx_hal_pwr.o
LOAD Drivers/STM32L4xx_HAL_Driver/Src/stm32l4xx_hal_pwr_ex.o
LOAD Drivers/STM32L4xx_HAL_Driver/Src/stm32l4xx_hal_rcc.o
LOAD Drivers/STM32L4xx_HAL_Driver/Src/stm32l4xx_hal_rcc_ex.o
LOAD Drivers/STM32L4xx_HAL_Driver/Src/stm32l4xx_hal_rtc.o
LOAD Drivers/STM32L4xx_HAL_Driver/Src/stm32l4xx_hal_rtc_ex.o
LOAD Drivers/STM32L4xx_HAL_Driver/Src/stm32l4xx_hal_tim.o
LOAD Drivers/STM32L4xx_HAL_Driver/Src/stm32l4xx_hal_tim_ex.o
LOAD Drivers/STM32L4xx_HAL_Driver/Src/stm32l4xx_hal_uart.o
LOAD Drivers/STM32L4xx_HAL_Driver/Src/stm32l4xx_hal_uart_ex.o
LOAD Src/Common/Event.o
LOAD Src/Common/Globals.o
LOAD Src/Drivers_Hd/Debounce.o
LOAD Src/Drivers_Hd/wssfm1xrx.o
LOAD Src/Kernel/QuarkTS.o
LOAD Src/State/State.o
LOAD Src/Task/Task.o
LOAD Src/main.o
LOAD Src/stm32l4xx_hal_msp.o
LOAD Src/stm32l4xx_it.o
LOAD Src/syscalls.o
LOAD Src/sysmem.o
LOAD Src/system_stm32l4xx.o
LOAD Startup/startup_stm32l471rgtx.o
START GROUP
LOAD c:/st/stm32cubeide_1.0.0/stm32cubeide/plugins/com.st.stm32cube.ide.mcu.externaltools.gnu-tools-for-stm32.7-2018-q2-update.win32_1.0.0.201904181610/tools/bin/../lib/gcc/arm-none-eabi/7.3.1/../../../../arm-none-eabi/lib/thumb/v7e-m/fpv4-sp/hard\libc_nano.a
LOAD c:/st/stm32cubeide_1.0.0/stm32cubeide/plugins/com.st.stm32cube.ide.mcu.externaltools.gnu-tools-for-stm32.7-2018-q2-update.win32_1.0.0.201904181610/tools/bin/../lib/gcc/arm-none-eabi/7.3.1/../../../../arm-none-eabi/lib/thumb/v7e-m/fpv4-sp/hard\libm.a
END GROUP
START GROUP
LOAD c:/st/stm32cubeide_1.0.0/stm32cubeide/plugins/com.st.stm32cube.ide.mcu.externaltools.gnu-tools-for-stm32.7-2018-q2-update.win32_1.0.0.201904181610/tools/bin/../lib/gcc/arm-none-eabi/7.3.1/thumb/v7e-m/fpv4-sp/hard\libgcc.a
LOAD c:/st/stm32cubeide_1.0.0/stm32cubeide/plugins/com.st.stm32cube.ide.mcu.externaltools.gnu-tools-for-stm32.7-2018-q2-update.win32_1.0.0.201904181610/tools/bin/../lib/gcc/arm-none-eabi/7.3.1/../../../../arm-none-eabi/lib/thumb/v7e-m/fpv4-sp/hard\libc_nano.a
END GROUP
START GROUP
LOAD c:/st/stm32cubeide_1.0.0/stm32cubeide/plugins/com.st.stm32cube.ide.mcu.externaltools.gnu-tools-for-stm32.7-2018-q2-update.win32_1.0.0.201904181610/tools/bin/../lib/gcc/arm-none-eabi/7.3.1/thumb/v7e-m/fpv4-sp/hard\libgcc.a
LOAD c:/st/stm32cubeide_1.0.0/stm32cubeide/plugins/com.st.stm32cube.ide.mcu.externaltools.gnu-tools-for-stm32.7-2018-q2-update.win32_1.0.0.201904181610/tools/bin/../lib/gcc/arm-none-eabi/7.3.1/../../../../arm-none-eabi/lib/thumb/v7e-m/fpv4-sp/hard\libc_nano.a
LOAD c:/st/stm32cubeide_1.0.0/stm32cubeide/plugins/com.st.stm32cube.ide.mcu.externaltools.gnu-tools-for-stm32.7-2018-q2-update.win32_1.0.0.201904181610/tools/bin/../lib/gcc/arm-none-eabi/7.3.1/../../../../arm-none-eabi/lib/thumb/v7e-m/fpv4-sp/hard\libnosys.a
END GROUP
START GROUP
LOAD c:/st/stm32cubeide_1.0.0/stm32cubeide/plugins/com.st.stm32cube.ide.mcu.externaltools.gnu-tools-for-stm32.7-2018-q2-update.win32_1.0.0.201904181610/tools/bin/../lib/gcc/arm-none-eabi/7.3.1/thumb/v7e-m/fpv4-sp/hard\libgcc.a
LOAD c:/st/stm32cubeide_1.0.0/stm32cubeide/plugins/com.st.stm32cube.ide.mcu.externaltools.gnu-tools-for-stm32.7-2018-q2-update.win32_1.0.0.201904181610/tools/bin/../lib/gcc/arm-none-eabi/7.3.1/../../../../arm-none-eabi/lib/thumb/v7e-m/fpv4-sp/hard\libc_nano.a
LOAD c:/st/stm32cubeide_1.0.0/stm32cubeide/plugins/com.st.stm32cube.ide.mcu.externaltools.gnu-tools-for-stm32.7-2018-q2-update.win32_1.0.0.201904181610/tools/bin/../lib/gcc/arm-none-eabi/7.3.1/../../../../arm-none-eabi/lib/thumb/v7e-m/fpv4-sp/hard\libnosys.a
END GROUP
LOAD c:/st/stm32cubeide_1.0.0/stm32cubeide/plugins/com.st.stm32cube.ide.mcu.externaltools.gnu-tools-for-stm32.7-2018-q2-update.win32_1.0.0.201904181610/tools/bin/../lib/gcc/arm-none-eabi/7.3.1/thumb/v7e-m/fpv4-sp/hard/crtend.o
LOAD c:/st/stm32cubeide_1.0.0/stm32cubeide/plugins/com.st.stm32cube.ide.mcu.externaltools.gnu-tools-for-stm32.7-2018-q2-update.win32_1.0.0.201904181610/tools/bin/../lib/gcc/arm-none-eabi/7.3.1/thumb/v7e-m/fpv4-sp/hard/crtn.o
                0x0000000020018000                _estack = 0x20018000
                0x0000000000000200                _Min_Heap_Size = 0x200
                0x0000000000000400                _Min_Stack_Size = 0x400

.isr_vector     0x0000000008000000      0x188
                0x0000000008000000                . = ALIGN (0x4)
 *(.isr_vector)
 .isr_vector    0x0000000008000000      0x188 Startup/startup_stm32l471rgtx.o
                0x0000000008000000                g_pfnVectors
                0x0000000008000188                . = ALIGN (0x4)

.text           0x0000000008000190     0x7d90
                0x0000000008000190                . = ALIGN (0x4)
 *(.text)
 .text          0x0000000008000190       0x40 c:/st/stm32cubeide_1.0.0/stm32cubeide/plugins/com.st.stm32cube.ide.mcu.externaltools.gnu-tools-for-stm32.7-2018-q2-update.win32_1.0.0.201904181610/tools/bin/../lib/gcc/arm-none-eabi/7.3.1/thumb/v7e-m/fpv4-sp/hard/crtbegin.o
 .text          0x00000000080001d0       0x10 c:/st/stm32cubeide_1.0.0/stm32cubeide/plugins/com.st.stm32cube.ide.mcu.externaltools.gnu-tools-for-stm32.7-2018-q2-update.win32_1.0.0.201904181610/tools/bin/../lib/gcc/arm-none-eabi/7.3.1/../../../../arm-none-eabi/lib/thumb/v7e-m/fpv4-sp/hard\libc_nano.a(lib_a-strlen.o)
                0x00000000080001d0                strlen
 .text          0x00000000080001e0       0xa0 c:/st/stm32cubeide_1.0.0/stm32cubeide/plugins/com.st.stm32cube.ide.mcu.externaltools.gnu-tools-for-stm32.7-2018-q2-update.win32_1.0.0.201904181610/tools/bin/../lib/gcc/arm-none-eabi/7.3.1/../../../../arm-none-eabi/lib/thumb/v7e-m/fpv4-sp/hard\libc_nano.a(lib_a-memchr.o)
                0x00000000080001e0                memchr
 .text          0x0000000008000280       0x30 c:/st/stm32cubeide_1.0.0/stm32cubeide/plugins/com.st.stm32cube.ide.mcu.externaltools.gnu-tools-for-stm32.7-2018-q2-update.win32_1.0.0.201904181610/tools/bin/../lib/gcc/arm-none-eabi/7.3.1/thumb/v7e-m/fpv4-sp/hard\libgcc.a(_aeabi_uldivmod.o)
                0x0000000008000280                __aeabi_uldivmod
 .text          0x00000000080002b0      0x2cc c:/st/stm32cubeide_1.0.0/stm32cubeide/plugins/com.st.stm32cube.ide.mcu.externaltools.gnu-tools-for-stm32.7-2018-q2-update.win32_1.0.0.201904181610/tools/bin/../lib/gcc/arm-none-eabi/7.3.1/thumb/v7e-m/fpv4-sp/hard\libgcc.a(_udivmoddi4.o)
                0x00000000080002b0                __udivmoddi4
 .text          0x000000000800057c        0x4 c:/st/stm32cubeide_1.0.0/stm32cubeide/plugins/com.st.stm32cube.ide.mcu.externaltools.gnu-tools-for-stm32.7-2018-q2-update.win32_1.0.0.201904181610/tools/bin/../lib/gcc/arm-none-eabi/7.3.1/thumb/v7e-m/fpv4-sp/hard\libgcc.a(_dvmd_tls.o)
                0x000000000800057c                __aeabi_idiv0
                0x000000000800057c                __aeabi_ldiv0
 *(.text*)
 .text.HAL_Init
                0x0000000008000580       0x30 Drivers/STM32L4xx_HAL_Driver/Src/stm32l4xx_hal.o
                0x0000000008000580                HAL_Init
 .text.HAL_InitTick
                0x00000000080005b0       0x74 Drivers/STM32L4xx_HAL_Driver/Src/stm32l4xx_hal.o
                0x00000000080005b0                HAL_InitTick
 .text.HAL_IncTick
                0x0000000008000624       0x24 Drivers/STM32L4xx_HAL_Driver/Src/stm32l4xx_hal.o
                0x0000000008000624                HAL_IncTick
 .text.HAL_GetTick
                0x0000000008000648       0x18 Drivers/STM32L4xx_HAL_Driver/Src/stm32l4xx_hal.o
                0x0000000008000648                HAL_GetTick
 .text.LL_ADC_SetCommonClock
                0x0000000008000660       0x26 Drivers/STM32L4xx_HAL_Driver/Src/stm32l4xx_hal_adc.o
 .text.LL_ADC_SetCommonPathInternalCh
                0x0000000008000686       0x26 Drivers/STM32L4xx_HAL_Driver/Src/stm32l4xx_hal_adc.o
 .text.LL_ADC_GetCommonPathInternalCh
                0x00000000080006ac       0x1c Drivers/STM32L4xx_HAL_Driver/Src/stm32l4xx_hal_adc.o
 .text.LL_ADC_SetOffset
                0x00000000080006c8       0x44 Drivers/STM32L4xx_HAL_Driver/Src/stm32l4xx_hal_adc.o
 .text.LL_ADC_GetOffsetChannel
                0x000000000800070c       0x28 Drivers/STM32L4xx_HAL_Driver/Src/stm32l4xx_hal_adc.o
 .text.LL_ADC_SetOffsetState
                0x0000000008000734       0x30 Drivers/STM32L4xx_HAL_Driver/Src/stm32l4xx_hal_adc.o
 .text.LL_ADC_REG_SetSequencerRanks
                0x0000000008000764       0x52 Drivers/STM32L4xx_HAL_Driver/Src/stm32l4xx_hal_adc.o
 .text.LL_ADC_SetChannelSamplingTime
                0x00000000080007b6       0x50 Drivers/STM32L4xx_HAL_Driver/Src/stm32l4xx_hal_adc.o
 *fill*         0x0000000008000806        0x2 
 .text.LL_ADC_SetChannelSingleDiff
                0x0000000008000808       0x48 Drivers/STM32L4xx_HAL_Driver/Src/stm32l4xx_hal_adc.o
 .text.LL_ADC_DisableDeepPowerDown
                0x0000000008000850       0x24 Drivers/STM32L4xx_HAL_Driver/Src/stm32l4xx_hal_adc.o
 .text.LL_ADC_IsDeepPowerDownEnabled
                0x0000000008000874       0x28 Drivers/STM32L4xx_HAL_Driver/Src/stm32l4xx_hal_adc.o
 .text.LL_ADC_EnableInternalRegulator
                0x000000000800089c       0x28 Drivers/STM32L4xx_HAL_Driver/Src/stm32l4xx_hal_adc.o
 .text.LL_ADC_IsInternalRegulatorEnabled
                0x00000000080008c4       0x28 Drivers/STM32L4xx_HAL_Driver/Src/stm32l4xx_hal_adc.o
 .text.LL_ADC_IsEnabled
                0x00000000080008ec       0x26 Drivers/STM32L4xx_HAL_Driver/Src/stm32l4xx_hal_adc.o
 .text.LL_ADC_REG_IsConversionOngoing
                0x0000000008000912       0x26 Drivers/STM32L4xx_HAL_Driver/Src/stm32l4xx_hal_adc.o
 .text.LL_ADC_INJ_IsConversionOngoing
                0x0000000008000938       0x26 Drivers/STM32L4xx_HAL_Driver/Src/stm32l4xx_hal_adc.o
 *fill*         0x000000000800095e        0x2 
 .text.HAL_ADC_Init
                0x0000000008000960      0x2a8 Drivers/STM32L4xx_HAL_Driver/Src/stm32l4xx_hal_adc.o
                0x0000000008000960                HAL_ADC_Init
 .text.HAL_ADC_ConfigChannel
                0x0000000008000c08      0x6c8 Drivers/STM32L4xx_HAL_Driver/Src/stm32l4xx_hal_adc.o
                0x0000000008000c08                HAL_ADC_ConfigChannel
 .text.LL_ADC_IsEnabled
                0x00000000080012d0       0x26 Drivers/STM32L4xx_HAL_Driver/Src/stm32l4xx_hal_adc_ex.o
 .text.LL_ADC_REG_IsConversionOngoing
                0x00000000080012f6       0x26 Drivers/STM32L4xx_HAL_Driver/Src/stm32l4xx_hal_adc_ex.o
 .text.HAL_ADCEx_MultiModeConfigChannel
                0x000000000800131c      0x158 Drivers/STM32L4xx_HAL_Driver/Src/stm32l4xx_hal_adc_ex.o
                0x000000000800131c                HAL_ADCEx_MultiModeConfigChannel
 .text.__NVIC_SetPriorityGrouping
                0x0000000008001474       0x48 Drivers/STM32L4xx_HAL_Driver/Src/stm32l4xx_hal_cortex.o
 .text.__NVIC_GetPriorityGrouping
                0x00000000080014bc       0x1c Drivers/STM32L4xx_HAL_Driver/Src/stm32l4xx_hal_cortex.o
 .text.__NVIC_EnableIRQ
                0x00000000080014d8       0x3c Drivers/STM32L4xx_HAL_Driver/Src/stm32l4xx_hal_cortex.o
 .text.__NVIC_SetPriority
                0x0000000008001514       0x54 Drivers/STM32L4xx_HAL_Driver/Src/stm32l4xx_hal_cortex.o
 .text.NVIC_EncodePriority
                0x0000000008001568       0x66 Drivers/STM32L4xx_HAL_Driver/Src/stm32l4xx_hal_cortex.o
 *fill*         0x00000000080015ce        0x2 
 .text.SysTick_Config
                0x00000000080015d0       0x44 Drivers/STM32L4xx_HAL_Driver/Src/stm32l4xx_hal_cortex.o
 .text.HAL_NVIC_SetPriorityGrouping
                0x0000000008001614       0x16 Drivers/STM32L4xx_HAL_Driver/Src/stm32l4xx_hal_cortex.o
                0x0000000008001614                HAL_NVIC_SetPriorityGrouping
 .text.HAL_NVIC_SetPriority
                0x000000000800162a       0x38 Drivers/STM32L4xx_HAL_Driver/Src/stm32l4xx_hal_cortex.o
                0x000000000800162a                HAL_NVIC_SetPriority
 .text.HAL_NVIC_EnableIRQ
                0x0000000008001662       0x1c Drivers/STM32L4xx_HAL_Driver/Src/stm32l4xx_hal_cortex.o
                0x0000000008001662                HAL_NVIC_EnableIRQ
 .text.HAL_SYSTICK_Config
                0x000000000800167e       0x18 Drivers/STM32L4xx_HAL_Driver/Src/stm32l4xx_hal_cortex.o
                0x000000000800167e                HAL_SYSTICK_Config
 .text.HAL_DMA_Abort_IT
                0x0000000008001696       0x82 Drivers/STM32L4xx_HAL_Driver/Src/stm32l4xx_hal_dma.o
                0x0000000008001696                HAL_DMA_Abort_IT
 .text.HAL_GPIO_Init
                0x0000000008001718      0x350 Drivers/STM32L4xx_HAL_Driver/Src/stm32l4xx_hal_gpio.o
                0x0000000008001718                HAL_GPIO_Init
 .text.HAL_GPIO_WritePin
                0x0000000008001a68       0x30 Drivers/STM32L4xx_HAL_Driver/Src/stm32l4xx_hal_gpio.o
                0x0000000008001a68                HAL_GPIO_WritePin
 .text.HAL_PWREx_GetVoltageRange
                0x0000000008001a98       0x1c Drivers/STM32L4xx_HAL_Driver/Src/stm32l4xx_hal_pwr_ex.o
                0x0000000008001a98                HAL_PWREx_GetVoltageRange
 .text.HAL_PWREx_ControlVoltageScaling
                0x0000000008001ab4       0xac Drivers/STM32L4xx_HAL_Driver/Src/stm32l4xx_hal_pwr_ex.o
                0x0000000008001ab4                HAL_PWREx_ControlVoltageScaling
 .text.HAL_RCC_OscConfig
                0x0000000008001b60      0x760 Drivers/STM32L4xx_HAL_Driver/Src/stm32l4xx_hal_rcc.o
                0x0000000008001b60                HAL_RCC_OscConfig
 .text.HAL_RCC_ClockConfig
                0x00000000080022c0      0x1c4 Drivers/STM32L4xx_HAL_Driver/Src/stm32l4xx_hal_rcc.o
                0x00000000080022c0                HAL_RCC_ClockConfig
 .text.HAL_RCC_GetSysClockFreq
                0x0000000008002484      0x114 Drivers/STM32L4xx_HAL_Driver/Src/stm32l4xx_hal_rcc.o
                0x0000000008002484                HAL_RCC_GetSysClockFreq
 .text.HAL_RCC_GetHCLKFreq
                0x0000000008002598       0x18 Drivers/STM32L4xx_HAL_Driver/Src/stm32l4xx_hal_rcc.o
                0x0000000008002598                HAL_RCC_GetHCLKFreq
 .text.HAL_RCC_GetPCLK1Freq
                0x00000000080025b0       0x2c Drivers/STM32L4xx_HAL_Driver/Src/stm32l4xx_hal_rcc.o
                0x00000000080025b0                HAL_RCC_GetPCLK1Freq
 .text.HAL_RCC_GetPCLK2Freq
                0x00000000080025dc       0x2c Drivers/STM32L4xx_HAL_Driver/Src/stm32l4xx_hal_rcc.o
                0x00000000080025dc                HAL_RCC_GetPCLK2Freq
 .text.RCC_SetFlashLatencyFromMSIRange
                0x0000000008002608       0xc0 Drivers/STM32L4xx_HAL_Driver/Src/stm32l4xx_hal_rcc.o
 .text.HAL_RCCEx_PeriphCLKConfig
                0x00000000080026c8      0x56c Drivers/STM32L4xx_HAL_Driver/Src/stm32l4xx_hal_rcc_ex.o
                0x00000000080026c8                HAL_RCCEx_PeriphCLKConfig
 .text.RCCEx_PLLSAI1_Config
                0x0000000008002c34      0x1e0 Drivers/STM32L4xx_HAL_Driver/Src/stm32l4xx_hal_rcc_ex.o
 .text.RCCEx_PLLSAI2_Config
                0x0000000008002e14      0x1b4 Drivers/STM32L4xx_HAL_Driver/Src/stm32l4xx_hal_rcc_ex.o
 .text.HAL_RTC_Init
                0x0000000008002fc8       0xfc Drivers/STM32L4xx_HAL_Driver/Src/stm32l4xx_hal_rtc.o
                0x0000000008002fc8                HAL_RTC_Init
 .text.HAL_RTC_WaitForSynchro
                0x00000000080030c4       0x4c Drivers/STM32L4xx_HAL_Driver/Src/stm32l4xx_hal_rtc.o
                0x00000000080030c4                HAL_RTC_WaitForSynchro
 .text.RTC_EnterInitMode
                0x0000000008003110       0x66 Drivers/STM32L4xx_HAL_Driver/Src/stm32l4xx_hal_rtc.o
                0x0000000008003110                RTC_EnterInitMode
 *fill*         0x0000000008003176        0x2 
 .text.RTC_ExitInitMode
                0x0000000008003178       0x7c Drivers/STM32L4xx_HAL_Driver/Src/stm32l4xx_hal_rtc.o
                0x0000000008003178                RTC_ExitInitMode
 .text.HAL_RTCEx_SetWakeUpTimer_IT
                0x00000000080031f4      0x128 Drivers/STM32L4xx_HAL_Driver/Src/stm32l4xx_hal_rtc_ex.o
                0x00000000080031f4                HAL_RTCEx_SetWakeUpTimer_IT
 .text.HAL_RTCEx_WakeUpTimerIRQHandler
                0x000000000800331c       0x4c Drivers/STM32L4xx_HAL_Driver/Src/stm32l4xx_hal_rtc_ex.o
                0x000000000800331c                HAL_RTCEx_WakeUpTimerIRQHandler
 .text.HAL_UART_Init
                0x0000000008003368       0x9c Drivers/STM32L4xx_HAL_Driver/Src/stm32l4xx_hal_uart.o
                0x0000000008003368                HAL_UART_Init
 .text.HAL_UART_Receive_IT
                0x0000000008003404      0x144 Drivers/STM32L4xx_HAL_Driver/Src/stm32l4xx_hal_uart.o
                0x0000000008003404                HAL_UART_Receive_IT
 .text.HAL_UART_IRQHandler
                0x0000000008003548      0x260 Drivers/STM32L4xx_HAL_Driver/Src/stm32l4xx_hal_uart.o
                0x0000000008003548                HAL_UART_IRQHandler
 .text.HAL_UART_TxCpltCallback
                0x00000000080037a8       0x14 Drivers/STM32L4xx_HAL_Driver/Src/stm32l4xx_hal_uart.o
                0x00000000080037a8                HAL_UART_TxCpltCallback
 .text.HAL_UART_ErrorCallback
                0x00000000080037bc       0x14 Drivers/STM32L4xx_HAL_Driver/Src/stm32l4xx_hal_uart.o
                0x00000000080037bc                HAL_UART_ErrorCallback
 .text.UART_SetConfig
                0x00000000080037d0      0x690 Drivers/STM32L4xx_HAL_Driver/Src/stm32l4xx_hal_uart.o
                0x00000000080037d0                UART_SetConfig
 .text.UART_AdvFeatureConfig
                0x0000000008003e60      0x144 Drivers/STM32L4xx_HAL_Driver/Src/stm32l4xx_hal_uart.o
                0x0000000008003e60                UART_AdvFeatureConfig
 .text.UART_CheckIdleState
                0x0000000008003fa4       0x8a Drivers/STM32L4xx_HAL_Driver/Src/stm32l4xx_hal_uart.o
                0x0000000008003fa4                UART_CheckIdleState
 .text.UART_WaitOnFlagUntilTimeout
                0x000000000800402e       0x90 Drivers/STM32L4xx_HAL_Driver/Src/stm32l4xx_hal_uart.o
                0x000000000800402e                UART_WaitOnFlagUntilTimeout
 .text.UART_EndRxTransfer
                0x00000000080040be       0x40 Drivers/STM32L4xx_HAL_Driver/Src/stm32l4xx_hal_uart.o
 .text.UART_DMAAbortOnError
                0x00000000080040fe       0x2c Drivers/STM32L4xx_HAL_Driver/Src/stm32l4xx_hal_uart.o
 .text.UART_EndTransmit_IT
                0x000000000800412a       0x32 Drivers/STM32L4xx_HAL_Driver/Src/stm32l4xx_hal_uart.o
 .text.UART_RxISR_8BIT
                0x000000000800415c       0xaa Drivers/STM32L4xx_HAL_Driver/Src/stm32l4xx_hal_uart.o
 .text.UART_RxISR_16BIT
                0x0000000008004206       0xaa Drivers/STM32L4xx_HAL_Driver/Src/stm32l4xx_hal_uart.o
 .text.HAL_UARTEx_WakeupCallback
                0x00000000080042b0       0x14 Drivers/STM32L4xx_HAL_Driver/Src/stm32l4xx_hal_uart_ex.o
                0x00000000080042b0                HAL_UARTEx_WakeupCallback
 .text.RSTCtrl_Sigfox
                0x00000000080042c4       0x34 Src/Common/Globals.o
                0x00000000080042c4                RSTCtrl_Sigfox
 .text.RST2Ctrl_Sigfox
                0x00000000080042f8       0x38 Src/Common/Globals.o
                0x00000000080042f8                RST2Ctrl_Sigfox
 .text.PutCharWrapperUart_3
                0x0000000008004330       0x38 Src/Common/Globals.o
                0x0000000008004330                PutCharWrapperUart_3
 .text.PutCharWrapperUart_1
                0x0000000008004368       0x38 Src/Common/Globals.o
                0x0000000008004368                PutCharWrapperUart_1
 .text.PutCharWrapperUart_2
                0x00000000080043a0       0x38 Src/Common/Globals.o
                0x00000000080043a0                PutCharWrapperUart_2
 .text.PutStringWrapperUart_2
                0x00000000080043d8       0x2c Src/Common/Globals.o
                0x00000000080043d8                PutStringWrapperUart_2
 .text.PrintStringVar
                0x0000000008004404       0x8e Src/Common/Globals.o
                0x0000000008004404                PrintStringVar
 .text.DiscrimateFrameType
                0x0000000008004492       0x5c Src/Common/Globals.o
                0x0000000008004492                DiscrimateFrameType
 *fill*         0x00000000080044ee        0x2 
 .text.HAL_UART_RxCpltCallback
                0x00000000080044f0       0xac Src/Common/Globals.o
                0x00000000080044f0                HAL_UART_RxCpltCallback
 .text.ProjectInformation
                0x000000000800459c       0x5c Src/Common/Globals.o
                0x000000000800459c                ProjectInformation
 .text.WSSFM1XRX_Init
                0x00000000080045f8       0x80 Src/Drivers_Hd/wssfm1xrx.o
                0x00000000080045f8                WSSFM1XRX_Init
 .text.WSSFM1XRX_Wait_NonBlock
                0x0000000008004678       0x7c Src/Drivers_Hd/wssfm1xrx.o
                0x0000000008004678                WSSFM1XRX_Wait_NonBlock
 .text.WSSFM1XRX_AskChannels
                0x00000000080046f4       0x6c Src/Drivers_Hd/wssfm1xrx.o
                0x00000000080046f4                WSSFM1XRX_AskChannels
 .text.WSSFM1XRX_CheckChannels
                0x0000000008004760       0x48 Src/Drivers_Hd/wssfm1xrx.o
                0x0000000008004760                WSSFM1XRX_CheckChannels
 .text.WSSFM1XRX_ResetChannels
                0x00000000080047a8       0x34 Src/Drivers_Hd/wssfm1xrx.o
                0x00000000080047a8                WSSFM1XRX_ResetChannels
 .text.WSSFM1XRX_SendMessage
                0x00000000080047dc      0x140 Src/Drivers_Hd/wssfm1xrx.o
                0x00000000080047dc                WSSFM1XRX_SendMessage
 .text.WSSFM1XRX_SendRawMessage
                0x000000000800491c       0xb0 Src/Drivers_Hd/wssfm1xrx.o
                0x000000000800491c                WSSFM1XRX_SendRawMessage
 .text.WSSFM1XRX_ISRRX
                0x00000000080049cc       0x96 Src/Drivers_Hd/wssfm1xrx.o
                0x00000000080049cc                WSSFM1XRX_ISRRX
 .text.WSSFM1XRX_MatchResponse
                0x0000000008004a62       0x4a Src/Drivers_Hd/wssfm1xrx.o
                0x0000000008004a62                WSSFM1XRX_MatchResponse
 .text.WSSFM1XRX_StringTX
                0x0000000008004aac       0x2e Src/Drivers_Hd/wssfm1xrx.o
 .text.WSSFM1XRX_ResetObject
                0x0000000008004ada       0x3a Src/Drivers_Hd/wssfm1xrx.o
 .text.WSSFM1XRX_BuildFrame
                0x0000000008004b14       0x9e Src/Drivers_Hd/wssfm1xrx.o
 .text.WSSFM1XRX_WaitForResponse
                0x0000000008004bb2       0x42 Src/Drivers_Hd/wssfm1xrx.o
 .text.NibbletoX
                0x0000000008004bf4       0x32 Src/Drivers_Hd/wssfm1xrx.o
                0x0000000008004bf4                NibbletoX
 .text._qScheduler_TimeDeadlineCheck
                0x0000000008004c26       0x28 Src/Kernel/QuarkTS.o
                0x0000000008004c26                _qScheduler_TimeDeadlineCheck
 *fill*         0x0000000008004c4e        0x2 
 .text.qEnterCritical
                0x0000000008004c50       0x20 Src/Kernel/QuarkTS.o
                0x0000000008004c50                qEnterCritical
 .text.qExitCritical
                0x0000000008004c70       0x20 Src/Kernel/QuarkTS.o
                0x0000000008004c70                qExitCritical
 .text.qTime2Clock
                0x0000000008004c90       0x30 Src/Kernel/QuarkTS.o
                0x0000000008004c90                qTime2Clock
 .text.qTaskSetState
                0x0000000008004cc0       0x44 Src/Kernel/QuarkTS.o
                0x0000000008004cc0                qTaskSetState
 .text._qScheduler_PriorityQueueGet
                0x0000000008004d04      0x118 Src/Kernel/QuarkTS.o
 .text._qInitScheduler
                0x0000000008004e1c       0xb4 Src/Kernel/QuarkTS.o
                0x0000000008004e1c                _qInitScheduler
 .text.qSchedulerAdd_Task
                0x0000000008004ed0      0x100 Src/Kernel/QuarkTS.o
                0x0000000008004ed0                qSchedulerAdd_Task
 .text.qSchedulerAdd_EventTask
                0x0000000008004fd0       0x38 Src/Kernel/QuarkTS.o
                0x0000000008004fd0                qSchedulerAdd_EventTask
 .text.qSchedulerRemoveTask
                0x0000000008005008       0x74 Src/Kernel/QuarkTS.o
                0x0000000008005008                qSchedulerRemoveTask
 .text._qScheduler_PriorizedInsert
                0x000000000800507c       0x40 Src/Kernel/QuarkTS.o
 .text._qScheduler_FindPlace
                0x00000000080050bc       0x54 Src/Kernel/QuarkTS.o
 .text._qScheduler_RearrangeChain
                0x0000000008005110       0x50 Src/Kernel/QuarkTS.o
 .text.qTaskAttachQueue
                0x0000000008005160       0x80 Src/Kernel/QuarkTS.o
                0x0000000008005160                qTaskAttachQueue
 .text._qCheckQueueEvents
                0x00000000080051e0       0xb4 Src/Kernel/QuarkTS.o
 .text._qTriggerReleaseSchedEvent
                0x0000000008005294       0x60 Src/Kernel/QuarkTS.o
 .text.qSchedulerGetTick
                0x00000000080052f4       0x28 Src/Kernel/QuarkTS.o
                0x00000000080052f4                qSchedulerGetTick
 .text.qSchedulerRun
                0x000000000800531c       0xc4 Src/Kernel/QuarkTS.o
                0x000000000800531c                qSchedulerRun
 .text._qScheduler_GetNodeFromChain
                0x00000000080053e0       0x50 Src/Kernel/QuarkTS.o
 .text._qScheduler_Dispatch
                0x0000000008005430      0x200 Src/Kernel/QuarkTS.o
 .text._qScheduler_ReadyTasksAvailable
                0x0000000008005630      0x118 Src/Kernel/QuarkTS.o
 .text.qStatemachine_ExecSubStateIfAvailable
                0x0000000008005748       0x1e Src/Kernel/QuarkTS.o
 *fill*         0x0000000008005766        0x2 
 .text.qStateMachine_Run
                0x0000000008005768       0xd0 Src/Kernel/QuarkTS.o
                0x0000000008005768                qStateMachine_Run
 .text.qSTimerSet
                0x0000000008005838       0x42 Src/Kernel/QuarkTS.o
                0x0000000008005838                qSTimerSet
 .text.qSTimerExpired
                0x000000000800587a       0x3c Src/Kernel/QuarkTS.o
                0x000000000800587a                qSTimerExpired
 .text.qSTimerElapsed
                0x00000000080058b6       0x32 Src/Kernel/QuarkTS.o
                0x00000000080058b6                qSTimerElapsed
 .text.qSTimerDisarm
                0x00000000080058e8       0x2a Src/Kernel/QuarkTS.o
                0x00000000080058e8                qSTimerDisarm
 .text.qQueueCreate
                0x0000000008005912       0x6c Src/Kernel/QuarkTS.o
                0x0000000008005912                qQueueCreate
 .text.qQueueReset
                0x000000000800597e       0x46 Src/Kernel/QuarkTS.o
                0x000000000800597e                qQueueReset
 .text.qQueueIsEmpty
                0x00000000080059c4       0x30 Src/Kernel/QuarkTS.o
                0x00000000080059c4                qQueueIsEmpty
 .text.qQueueCount
                0x00000000080059f4       0x28 Src/Kernel/QuarkTS.o
                0x00000000080059f4                qQueueCount
 .text.qQueueIsFull
                0x0000000008005a1c       0x34 Src/Kernel/QuarkTS.o
                0x0000000008005a1c                qQueueIsFull
 .text.qQueuePeek
                0x0000000008005a50       0x4e Src/Kernel/QuarkTS.o
                0x0000000008005a50                qQueuePeek
 .text.qQueueRemoveFront
                0x0000000008005a9e       0x46 Src/Kernel/QuarkTS.o
                0x0000000008005a9e                qQueueRemoveFront
 .text.qQueueMoveReader
                0x0000000008005ae4       0x36 Src/Kernel/QuarkTS.o
 .text.qOutputString
                0x0000000008005b1a       0x46 Src/Kernel/QuarkTS.o
                0x0000000008005b1a                qOutputString
 .text.qNibbleToX
                0x0000000008005b60       0x32 Src/Kernel/QuarkTS.o
 .text.qPrintXData
                0x0000000008005b92       0x84 Src/Kernel/QuarkTS.o
                0x0000000008005b92                qPrintXData
 .text.qResponseInitialize
                0x0000000008005c16       0x2c Src/Kernel/QuarkTS.o
                0x0000000008005c16                qResponseInitialize
 *fill*         0x0000000008005c42        0x2 
 .text.qResponseReceived
                0x0000000008005c44       0x2c Src/Kernel/QuarkTS.o
                0x0000000008005c44                qResponseReceived
 .text.qResponseReceivedWithTimeout
                0x0000000008005c70       0x9e Src/Kernel/QuarkTS.o
                0x0000000008005c70                qResponseReceivedWithTimeout
 .text.qResponseISRHandler
                0x0000000008005d0e       0x6a Src/Kernel/QuarkTS.o
                0x0000000008005d0e                qResponseISRHandler
 .text.__qtrace_func
                0x0000000008005d78       0xa0 Src/Kernel/QuarkTS.o
                0x0000000008005d78                __qtrace_func
 .text.__qReg_32Bits
                0x0000000008005e18       0x3a Src/Kernel/QuarkTS.o
                0x0000000008005e18                __qReg_32Bits
 *fill*         0x0000000008005e52        0x2 
 .text.qEdgeCheck_Initialize
                0x0000000008005e54       0x50 Src/Kernel/QuarkTS.o
                0x0000000008005e54                qEdgeCheck_Initialize
 .text.qEdgeCheck_InsertNode
                0x0000000008005ea4       0x5a Src/Kernel/QuarkTS.o
                0x0000000008005ea4                qEdgeCheck_InsertNode
 .text.IdleTask_Callback
                0x0000000008005efe       0x14 Src/Task/Task.o
                0x0000000008005efe                IdleTask_Callback
 *fill*         0x0000000008005f12        0x2 
 .text.UplinkDispatcher_Callback
                0x0000000008005f14      0x15c Src/Task/Task.o
                0x0000000008005f14                UplinkDispatcher_Callback
 .text.LoRaWANService_Callback
                0x0000000008006070      0xb38 Src/Task/Task.o
                0x0000000008006070                LoRaWANService_Callback
 .text.main     0x0000000008006ba8      0x178 Src/main.o
                0x0000000008006ba8                main
 .text.SystemClock_Config
                0x0000000008006d20      0x118 Src/main.o
                0x0000000008006d20                SystemClock_Config
 .text.MX_ADC1_Init
                0x0000000008006e38       0xec Src/main.o
 .text.MX_LPUART1_UART_Init
                0x0000000008006f24       0x58 Src/main.o
 .text.MX_USART2_UART_Init
                0x0000000008006f7c       0x60 Src/main.o
 .text.MX_USART3_UART_Init
                0x0000000008006fdc       0x60 Src/main.o
 .text.MX_RTC_Init
                0x000000000800703c       0x68 Src/main.o
 .text.MX_GPIO_Init
                0x00000000080070a4       0xc8 Src/main.o
 .text.HAL_RTCEx_WakeUpTimerEventCallback
                0x000000000800716c       0x30 Src/main.o
                0x000000000800716c                HAL_RTCEx_WakeUpTimerEventCallback
 .text.Error_Handler
                0x000000000800719c        0xe Src/main.o
                0x000000000800719c                Error_Handler
 *fill*         0x00000000080071aa        0x2 
 .text.HAL_MspInit
                0x00000000080071ac       0x48 Src/stm32l4xx_hal_msp.o
                0x00000000080071ac                HAL_MspInit
 .text.HAL_ADC_MspInit
                0x00000000080071f4       0x80 Src/stm32l4xx_hal_msp.o
                0x00000000080071f4                HAL_ADC_MspInit
 .text.HAL_UART_MspInit
                0x0000000008007274      0x1b8 Src/stm32l4xx_hal_msp.o
                0x0000000008007274                HAL_UART_MspInit
 .text.HAL_RTC_MspInit
                0x000000000800742c       0x44 Src/stm32l4xx_hal_msp.o
                0x000000000800742c                HAL_RTC_MspInit
 .text.NMI_Handler
                0x0000000008007470        0xe Src/stm32l4xx_it.o
                0x0000000008007470                NMI_Handler
 .text.HardFault_Handler
                0x000000000800747e        0x6 Src/stm32l4xx_it.o
                0x000000000800747e                HardFault_Handler
 .text.MemManage_Handler
                0x0000000008007484        0x6 Src/stm32l4xx_it.o
                0x0000000008007484                MemManage_Handler
 .text.BusFault_Handler
                0x000000000800748a        0x6 Src/stm32l4xx_it.o
                0x000000000800748a                BusFault_Handler
 .text.UsageFault_Handler
                0x0000000008007490        0x6 Src/stm32l4xx_it.o
                0x0000000008007490                UsageFault_Handler
 .text.SVC_Handler
                0x0000000008007496        0xe Src/stm32l4xx_it.o
                0x0000000008007496                SVC_Handler
 .text.DebugMon_Handler
                0x00000000080074a4        0xe Src/stm32l4xx_it.o
                0x00000000080074a4                DebugMon_Handler
 .text.PendSV_Handler
                0x00000000080074b2        0xe Src/stm32l4xx_it.o
                0x00000000080074b2                PendSV_Handler
 .text.SysTick_Handler
                0x00000000080074c0        0xc Src/stm32l4xx_it.o
                0x00000000080074c0                SysTick_Handler
 .text.RTC_WKUP_IRQHandler
                0x00000000080074cc       0x14 Src/stm32l4xx_it.o
                0x00000000080074cc                RTC_WKUP_IRQHandler
 .text.USART2_IRQHandler
                0x00000000080074e0       0x14 Src/stm32l4xx_it.o
                0x00000000080074e0                USART2_IRQHandler
 .text.USART3_IRQHandler
                0x00000000080074f4       0x14 Src/stm32l4xx_it.o
                0x00000000080074f4                USART3_IRQHandler
 .text.LPUART1_IRQHandler
                0x0000000008007508       0x14 Src/stm32l4xx_it.o
                0x0000000008007508                LPUART1_IRQHandler
 .text._sbrk    0x000000000800751c       0x58 Src/sysmem.o
                0x000000000800751c                _sbrk
 .text.SystemInit
                0x0000000008007574       0x6c Src/system_stm32l4xx.o
                0x0000000008007574                SystemInit
 .text.Reset_Handler
                0x00000000080075e0       0x50 Startup/startup_stm32l471rgtx.o
                0x00000000080075e0                Reset_Handler
 .text.Default_Handler
                0x0000000008007630        0x2 Startup/startup_stm32l471rgtx.o
                0x0000000008007630                RTC_Alarm_IRQHandler
                0x0000000008007630                EXTI2_IRQHandler
                0x0000000008007630                TIM8_TRG_COM_IRQHandler
                0x0000000008007630                TIM8_CC_IRQHandler
                0x0000000008007630                TIM1_CC_IRQHandler
                0x0000000008007630                TSC_IRQHandler
                0x0000000008007630                TAMP_STAMP_IRQHandler
                0x0000000008007630                EXTI3_IRQHandler
                0x0000000008007630                LPTIM2_IRQHandler
                0x0000000008007630                DFSDM1_FLT1_IRQHandler
                0x0000000008007630                I2C3_ER_IRQHandler
                0x0000000008007630                DFSDM1_FLT2_IRQHandler
                0x0000000008007630                EXTI0_IRQHandler
                0x0000000008007630                I2C2_EV_IRQHandler
                0x0000000008007630                CAN1_RX0_IRQHandler
                0x0000000008007630                FPU_IRQHandler
                0x0000000008007630                TIM1_UP_TIM16_IRQHandler
                0x0000000008007630                ADC1_2_IRQHandler
                0x0000000008007630                SPI1_IRQHandler
                0x0000000008007630                TIM6_DAC_IRQHandler
                0x0000000008007630                TIM8_UP_IRQHandler
                0x0000000008007630                DMA2_Channel2_IRQHandler
                0x0000000008007630                DMA1_Channel4_IRQHandler
                0x0000000008007630                SAI2_IRQHandler
                0x0000000008007630                DFSDM1_FLT3_IRQHandler
                0x0000000008007630                DMA1_Channel7_IRQHandler
                0x0000000008007630                CAN1_RX1_IRQHandler
                0x0000000008007630                UART5_IRQHandler
                0x0000000008007630                ADC3_IRQHandler
                0x0000000008007630                TIM4_IRQHandler
                0x0000000008007630                DMA2_Channel1_IRQHandler
                0x0000000008007630                QUADSPI_IRQHandler
                0x0000000008007630                I2C1_EV_IRQHandler
                0x0000000008007630                DMA1_Channel6_IRQHandler
                0x0000000008007630                UART4_IRQHandler
                0x0000000008007630                DMA2_Channel4_IRQHandler
                0x0000000008007630                TIM3_IRQHandler
                0x0000000008007630                RCC_IRQHandler
                0x0000000008007630                DMA1_Channel1_IRQHandler
                0x0000000008007630                Default_Handler
                0x0000000008007630                DMA2_Channel7_IRQHandler
                0x0000000008007630                EXTI15_10_IRQHandler
                0x0000000008007630                TIM7_IRQHandler
                0x0000000008007630                SDMMC1_IRQHandler
                0x0000000008007630                TIM5_IRQHandler
                0x0000000008007630                I2C3_EV_IRQHandler
                0x0000000008007630                EXTI9_5_IRQHandler
                0x0000000008007630                PVD_PVM_IRQHandler
                0x0000000008007630                SPI2_IRQHandler
                0x0000000008007630                CAN1_TX_IRQHandler
                0x0000000008007630                DMA2_Channel5_IRQHandler
                0x0000000008007630                DMA1_Channel5_IRQHandler
                0x0000000008007630                EXTI4_IRQHandler
                0x0000000008007630                RNG_IRQHandler
                0x0000000008007630                TIM1_TRG_COM_TIM17_IRQHandler
                0x0000000008007630                DMA1_Channel3_IRQHandler
                0x0000000008007630                COMP_IRQHandler
                0x0000000008007630                WWDG_IRQHandler
                0x0000000008007630                DMA2_Channel6_IRQHandler
                0x0000000008007630                TIM2_IRQHandler
                0x0000000008007630                EXTI1_IRQHandler
                0x0000000008007630                DFSDM1_FLT0_IRQHandler
                0x0000000008007630                I2C2_ER_IRQHandler
                0x0000000008007630                DMA1_Channel2_IRQHandler
                0x0000000008007630                TIM8_BRK_IRQHandler
                0x0000000008007630                CAN1_SCE_IRQHandler
                0x0000000008007630                FLASH_IRQHandler
                0x0000000008007630                USART1_IRQHandler
                0x0000000008007630                SPI3_IRQHandler
                0x0000000008007630                I2C1_ER_IRQHandler
                0x0000000008007630                FMC_IRQHandler
                0x0000000008007630                SWPMI1_IRQHandler
                0x0000000008007630                LPTIM1_IRQHandler
                0x0000000008007630                SAI1_IRQHandler
                0x0000000008007630                DMA2_Channel3_IRQHandler
                0x0000000008007630                TIM1_BRK_TIM15_IRQHandler
 *fill*         0x0000000008007632        0x2 
 .text.__errno  0x0000000008007634        0xc c:/st/stm32cubeide_1.0.0/stm32cubeide/plugins/com.st.stm32cube.ide.mcu.externaltools.gnu-tools-for-stm32.7-2018-q2-update.win32_1.0.0.201904181610/tools/bin/../lib/gcc/arm-none-eabi/7.3.1/../../../../arm-none-eabi/lib/thumb/v7e-m/fpv4-sp/hard\libc_nano.a(lib_a-errno.o)
                0x0000000008007634                __errno
 .text.__libc_init_array
                0x0000000008007640       0x48 c:/st/stm32cubeide_1.0.0/stm32cubeide/plugins/com.st.stm32cube.ide.mcu.externaltools.gnu-tools-for-stm32.7-2018-q2-update.win32_1.0.0.201904181610/tools/bin/../lib/gcc/arm-none-eabi/7.3.1/../../../../arm-none-eabi/lib/thumb/v7e-m/fpv4-sp/hard\libc_nano.a(lib_a-init.o)
                0x0000000008007640                __libc_init_array
 .text.memcpy   0x0000000008007688       0x16 c:/st/stm32cubeide_1.0.0/stm32cubeide/plugins/com.st.stm32cube.ide.mcu.externaltools.gnu-tools-for-stm32.7-2018-q2-update.win32_1.0.0.201904181610/tools/bin/../lib/gcc/arm-none-eabi/7.3.1/../../../../arm-none-eabi/lib/thumb/v7e-m/fpv4-sp/hard\libc_nano.a(lib_a-memcpy-stub.o)
                0x0000000008007688                memcpy
 .text.memset   0x000000000800769e       0x10 c:/st/stm32cubeide_1.0.0/stm32cubeide/plugins/com.st.stm32cube.ide.mcu.externaltools.gnu-tools-for-stm32.7-2018-q2-update.win32_1.0.0.201904181610/tools/bin/../lib/gcc/arm-none-eabi/7.3.1/../../../../arm-none-eabi/lib/thumb/v7e-m/fpv4-sp/hard\libc_nano.a(lib_a-memset.o)
                0x000000000800769e                memset
 *fill*         0x00000000080076ae        0x2 
 .text.sprintf  0x00000000080076b0       0x40 c:/st/stm32cubeide_1.0.0/stm32cubeide/plugins/com.st.stm32cube.ide.mcu.externaltools.gnu-tools-for-stm32.7-2018-q2-update.win32_1.0.0.201904181610/tools/bin/../lib/gcc/arm-none-eabi/7.3.1/../../../../arm-none-eabi/lib/thumb/v7e-m/fpv4-sp/hard\libc_nano.a(lib_a-sprintf.o)
                0x00000000080076b0                siprintf
                0x00000000080076b0                sprintf
 .text.strchr   0x00000000080076f0       0x1a c:/st/stm32cubeide_1.0.0/stm32cubeide/plugins/com.st.stm32cube.ide.mcu.externaltools.gnu-tools-for-stm32.7-2018-q2-update.win32_1.0.0.201904181610/tools/bin/../lib/gcc/arm-none-eabi/7.3.1/../../../../arm-none-eabi/lib/thumb/v7e-m/fpv4-sp/hard\libc_nano.a(lib_a-strchr.o)
                0x00000000080076f0                strchr
 .text.strcpy   0x000000000800770a       0x10 c:/st/stm32cubeide_1.0.0/stm32cubeide/plugins/com.st.stm32cube.ide.mcu.externaltools.gnu-tools-for-stm32.7-2018-q2-update.win32_1.0.0.201904181610/tools/bin/../lib/gcc/arm-none-eabi/7.3.1/../../../../arm-none-eabi/lib/thumb/v7e-m/fpv4-sp/hard\libc_nano.a(lib_a-strcpy.o)
                0x000000000800770a                strcpy
 .text.strstr   0x000000000800771a       0x34 c:/st/stm32cubeide_1.0.0/stm32cubeide/plugins/com.st.stm32cube.ide.mcu.externaltools.gnu-tools-for-stm32.7-2018-q2-update.win32_1.0.0.201904181610/tools/bin/../lib/gcc/arm-none-eabi/7.3.1/../../../../arm-none-eabi/lib/thumb/v7e-m/fpv4-sp/hard\libc_nano.a(lib_a-strstr.o)
                0x000000000800771a                strstr
 .text.__ssputs_r
                0x000000000800774e       0xb4 c:/st/stm32cubeide_1.0.0/stm32cubeide/plugins/com.st.stm32cube.ide.mcu.externaltools.gnu-tools-for-stm32.7-2018-q2-update.win32_1.0.0.201904181610/tools/bin/../lib/gcc/arm-none-eabi/7.3.1/../../../../arm-none-eabi/lib/thumb/v7e-m/fpv4-sp/hard\libc_nano.a(lib_a-nano-svfprintf.o)
                0x000000000800774e                __ssputs_r
 *fill*         0x0000000008007802        0x2 
 .text._svfprintf_r
                0x0000000008007804      0x1f0 c:/st/stm32cubeide_1.0.0/stm32cubeide/plugins/com.st.stm32cube.ide.mcu.externaltools.gnu-tools-for-stm32.7-2018-q2-update.win32_1.0.0.201904181610/tools/bin/../lib/gcc/arm-none-eabi/7.3.1/../../../../arm-none-eabi/lib/thumb/v7e-m/fpv4-sp/hard\libc_nano.a(lib_a-nano-svfprintf.o)
                0x0000000008007804                _svfiprintf_r
                0x0000000008007804                _svfprintf_r
 .text._printf_common
                0x00000000080079f4       0xea c:/st/stm32cubeide_1.0.0/stm32cubeide/plugins/com.st.stm32cube.ide.mcu.externaltools.gnu-tools-for-stm32.7-2018-q2-update.win32_1.0.0.201904181610/tools/bin/../lib/gcc/arm-none-eabi/7.3.1/../../../../arm-none-eabi/lib/thumb/v7e-m/fpv4-sp/hard\libc_nano.a(lib_a-nano-vfprintf_i.o)
                0x00000000080079f4                _printf_common
 *fill*         0x0000000008007ade        0x2 
 .text._printf_i
                0x0000000008007ae0      0x224 c:/st/stm32cubeide_1.0.0/stm32cubeide/plugins/com.st.stm32cube.ide.mcu.externaltools.gnu-tools-for-stm32.7-2018-q2-update.win32_1.0.0.201904181610/tools/bin/../lib/gcc/arm-none-eabi/7.3.1/../../../../arm-none-eabi/lib/thumb/v7e-m/fpv4-sp/hard\libc_nano.a(lib_a-nano-vfprintf_i.o)
                0x0000000008007ae0                _printf_i
 .text.memmove  0x0000000008007d04       0x32 c:/st/stm32cubeide_1.0.0/stm32cubeide/plugins/com.st.stm32cube.ide.mcu.externaltools.gnu-tools-for-stm32.7-2018-q2-update.win32_1.0.0.201904181610/tools/bin/../lib/gcc/arm-none-eabi/7.3.1/../../../../arm-none-eabi/lib/thumb/v7e-m/fpv4-sp/hard\libc_nano.a(lib_a-memmove.o)
                0x0000000008007d04                memmove
 *fill*         0x0000000008007d36        0x2 
 .text._free_r  0x0000000008007d38       0x9c c:/st/stm32cubeide_1.0.0/stm32cubeide/plugins/com.st.stm32cube.ide.mcu.externaltools.gnu-tools-for-stm32.7-2018-q2-update.win32_1.0.0.201904181610/tools/bin/../lib/gcc/arm-none-eabi/7.3.1/../../../../arm-none-eabi/lib/thumb/v7e-m/fpv4-sp/hard\libc_nano.a(lib_a-nano-freer.o)
                0x0000000008007d38                _free_r
 .text._malloc_r
                0x0000000008007dd4       0xb4 c:/st/stm32cubeide_1.0.0/stm32cubeide/plugins/com.st.stm32cube.ide.mcu.externaltools.gnu-tools-for-stm32.7-2018-q2-update.win32_1.0.0.201904181610/tools/bin/../lib/gcc/arm-none-eabi/7.3.1/../../../../arm-none-eabi/lib/thumb/v7e-m/fpv4-sp/hard\libc_nano.a(lib_a-nano-mallocr.o)
                0x0000000008007dd4                _malloc_r
 .text._realloc_r
                0x0000000008007e88       0x4c c:/st/stm32cubeide_1.0.0/stm32cubeide/plugins/com.st.stm32cube.ide.mcu.externaltools.gnu-tools-for-stm32.7-2018-q2-update.win32_1.0.0.201904181610/tools/bin/../lib/gcc/arm-none-eabi/7.3.1/../../../../arm-none-eabi/lib/thumb/v7e-m/fpv4-sp/hard\libc_nano.a(lib_a-nano-reallocr.o)
                0x0000000008007e88                _realloc_r
 .text._sbrk_r  0x0000000008007ed4       0x20 c:/st/stm32cubeide_1.0.0/stm32cubeide/plugins/com.st.stm32cube.ide.mcu.externaltools.gnu-tools-for-stm32.7-2018-q2-update.win32_1.0.0.201904181610/tools/bin/../lib/gcc/arm-none-eabi/7.3.1/../../../../arm-none-eabi/lib/thumb/v7e-m/fpv4-sp/hard\libc_nano.a(lib_a-sbrkr.o)
                0x0000000008007ed4                _sbrk_r
 .text.__malloc_lock
                0x0000000008007ef4        0x2 c:/st/stm32cubeide_1.0.0/stm32cubeide/plugins/com.st.stm32cube.ide.mcu.externaltools.gnu-tools-for-stm32.7-2018-q2-update.win32_1.0.0.201904181610/tools/bin/../lib/gcc/arm-none-eabi/7.3.1/../../../../arm-none-eabi/lib/thumb/v7e-m/fpv4-sp/hard\libc_nano.a(lib_a-mlock.o)
                0x0000000008007ef4                __malloc_lock
 .text.__malloc_unlock
                0x0000000008007ef6        0x2 c:/st/stm32cubeide_1.0.0/stm32cubeide/plugins/com.st.stm32cube.ide.mcu.externaltools.gnu-tools-for-stm32.7-2018-q2-update.win32_1.0.0.201904181610/tools/bin/../lib/gcc/arm-none-eabi/7.3.1/../../../../arm-none-eabi/lib/thumb/v7e-m/fpv4-sp/hard\libc_nano.a(lib_a-mlock.o)
                0x0000000008007ef6                __malloc_unlock
 .text._malloc_usable_size_r
                0x0000000008007ef8       0x10 c:/st/stm32cubeide_1.0.0/stm32cubeide/plugins/com.st.stm32cube.ide.mcu.externaltools.gnu-tools-for-stm32.7-2018-q2-update.win32_1.0.0.201904181610/tools/bin/../lib/gcc/arm-none-eabi/7.3.1/../../../../arm-none-eabi/lib/thumb/v7e-m/fpv4-sp/hard\libc_nano.a(lib_a-nano-msizer.o)
                0x0000000008007ef8                _malloc_usable_size_r
 *(.glue_7)
 .glue_7        0x0000000008007f08        0x0 linker stubs
 *(.glue_7t)
 .glue_7t       0x0000000008007f08        0x0 linker stubs
 *(.eh_frame)
 .eh_frame      0x0000000008007f08        0x0 c:/st/stm32cubeide_1.0.0/stm32cubeide/plugins/com.st.stm32cube.ide.mcu.externaltools.gnu-tools-for-stm32.7-2018-q2-update.win32_1.0.0.201904181610/tools/bin/../lib/gcc/arm-none-eabi/7.3.1/thumb/v7e-m/fpv4-sp/hard/crtbegin.o
 *(.init)
 .init          0x0000000008007f08        0x4 c:/st/stm32cubeide_1.0.0/stm32cubeide/plugins/com.st.stm32cube.ide.mcu.externaltools.gnu-tools-for-stm32.7-2018-q2-update.win32_1.0.0.201904181610/tools/bin/../lib/gcc/arm-none-eabi/7.3.1/thumb/v7e-m/fpv4-sp/hard/crti.o
                0x0000000008007f08                _init
 .init          0x0000000008007f0c        0x8 c:/st/stm32cubeide_1.0.0/stm32cubeide/plugins/com.st.stm32cube.ide.mcu.externaltools.gnu-tools-for-stm32.7-2018-q2-update.win32_1.0.0.201904181610/tools/bin/../lib/gcc/arm-none-eabi/7.3.1/thumb/v7e-m/fpv4-sp/hard/crtn.o
 *(.fini)
 .fini          0x0000000008007f14        0x4 c:/st/stm32cubeide_1.0.0/stm32cubeide/plugins/com.st.stm32cube.ide.mcu.externaltools.gnu-tools-for-stm32.7-2018-q2-update.win32_1.0.0.201904181610/tools/bin/../lib/gcc/arm-none-eabi/7.3.1/thumb/v7e-m/fpv4-sp/hard/crti.o
                0x0000000008007f14                _fini
 .fini          0x0000000008007f18        0x8 c:/st/stm32cubeide_1.0.0/stm32cubeide/plugins/com.st.stm32cube.ide.mcu.externaltools.gnu-tools-for-stm32.7-2018-q2-update.win32_1.0.0.201904181610/tools/bin/../lib/gcc/arm-none-eabi/7.3.1/thumb/v7e-m/fpv4-sp/hard/crtn.o
                0x0000000008007f20                . = ALIGN (0x4)
                0x0000000008007f20                _etext = .

.vfp11_veneer   0x0000000008007f20        0x0
 .vfp11_veneer  0x0000000008007f20        0x0 linker stubs

.v4_bx          0x0000000008007f20        0x0
 .v4_bx         0x0000000008007f20        0x0 linker stubs

.iplt           0x0000000008007f20        0x0
 .iplt          0x0000000008007f20        0x0 c:/st/stm32cubeide_1.0.0/stm32cubeide/plugins/com.st.stm32cube.ide.mcu.externaltools.gnu-tools-for-stm32.7-2018-q2-update.win32_1.0.0.201904181610/tools/bin/../lib/gcc/arm-none-eabi/7.3.1/thumb/v7e-m/fpv4-sp/hard/crtbegin.o

.rodata         0x0000000008007f20      0x4d0
                0x0000000008007f20                . = ALIGN (0x4)
 *(.rodata)
 .rodata        0x0000000008007f20      0x112 Src/Common/Globals.o
 *fill*         0x0000000008008032        0x2 
 .rodata        0x0000000008008034       0xf3 Src/Drivers_Hd/wssfm1xrx.o
 *fill*         0x0000000008008127        0x1 
 .rodata        0x0000000008008128      0x210 Src/Task/Task.o
 .rodata        0x0000000008008338       0x3a Src/main.o
 *(.rodata*)
 *fill*         0x0000000008008372        0x2 
 .rodata.AHBPrescTable
                0x0000000008008374       0x10 Src/system_stm32l4xx.o
                0x0000000008008374                AHBPrescTable
 .rodata.APBPrescTable
                0x0000000008008384        0x8 Src/system_stm32l4xx.o
                0x0000000008008384                APBPrescTable
 .rodata.MSIRangeTable
                0x000000000800838c       0x30 Src/system_stm32l4xx.o
                0x000000000800838c                MSIRangeTable
 .rodata._svfprintf_r.str1.1
                0x00000000080083bc       0x11 c:/st/stm32cubeide_1.0.0/stm32cubeide/plugins/com.st.stm32cube.ide.mcu.externaltools.gnu-tools-for-stm32.7-2018-q2-update.win32_1.0.0.201904181610/tools/bin/../lib/gcc/arm-none-eabi/7.3.1/../../../../arm-none-eabi/lib/thumb/v7e-m/fpv4-sp/hard\libc_nano.a(lib_a-nano-svfprintf.o)
 .rodata._printf_i.str1.1
                0x00000000080083cd       0x22 c:/st/stm32cubeide_1.0.0/stm32cubeide/plugins/com.st.stm32cube.ide.mcu.externaltools.gnu-tools-for-stm32.7-2018-q2-update.win32_1.0.0.201904181610/tools/bin/../lib/gcc/arm-none-eabi/7.3.1/../../../../arm-none-eabi/lib/thumb/v7e-m/fpv4-sp/hard\libc_nano.a(lib_a-nano-vfprintf_i.o)
                0x00000000080083f0                . = ALIGN (0x4)
 *fill*         0x00000000080083ef        0x1 

.ARM.extab      0x00000000080083f0        0x0
                0x00000000080083f0                . = ALIGN (0x4)
 *(.ARM.extab* .gnu.linkonce.armextab.*)
                0x00000000080083f0                . = ALIGN (0x4)

.ARM            0x00000000080083f0        0x8
                0x00000000080083f0                . = ALIGN (0x4)
                0x00000000080083f0                __exidx_start = .
 *(.ARM.exidx*)
 .ARM.exidx     0x00000000080083f0        0x8 c:/st/stm32cubeide_1.0.0/stm32cubeide/plugins/com.st.stm32cube.ide.mcu.externaltools.gnu-tools-for-stm32.7-2018-q2-update.win32_1.0.0.201904181610/tools/bin/../lib/gcc/arm-none-eabi/7.3.1/thumb/v7e-m/fpv4-sp/hard\libgcc.a(_udivmoddi4.o)
                0x00000000080083f8                __exidx_end = .
                0x00000000080083f8                . = ALIGN (0x4)

.rel.dyn        0x00000000080083f8        0x0
 .rel.iplt      0x00000000080083f8        0x0 c:/st/stm32cubeide_1.0.0/stm32cubeide/plugins/com.st.stm32cube.ide.mcu.externaltools.gnu-tools-for-stm32.7-2018-q2-update.win32_1.0.0.201904181610/tools/bin/../lib/gcc/arm-none-eabi/7.3.1/thumb/v7e-m/fpv4-sp/hard/crtbegin.o

.preinit_array  0x00000000080083f8        0x0
                0x00000000080083f8                . = ALIGN (0x4)
                0x00000000080083f8                PROVIDE (__preinit_array_start = .)
 *(.preinit_array*)
                0x00000000080083f8                PROVIDE (__preinit_array_end = .)
                0x00000000080083f8                . = ALIGN (0x4)

.init_array     0x00000000080083f8        0x4
                0x00000000080083f8                . = ALIGN (0x4)
                0x00000000080083f8                PROVIDE (__init_array_start = .)
 *(SORT_BY_NAME(.init_array.*))
 *(.init_array*)
 .init_array    0x00000000080083f8        0x4 c:/st/stm32cubeide_1.0.0/stm32cubeide/plugins/com.st.stm32cube.ide.mcu.externaltools.gnu-tools-for-stm32.7-2018-q2-update.win32_1.0.0.201904181610/tools/bin/../lib/gcc/arm-none-eabi/7.3.1/thumb/v7e-m/fpv4-sp/hard/crtbegin.o
                0x00000000080083fc                PROVIDE (__init_array_end = .)
                0x00000000080083fc                . = ALIGN (0x4)

.fini_array     0x00000000080083fc        0x4
                0x00000000080083fc                . = ALIGN (0x4)
                [!provide]                        PROVIDE (__fini_array_start = .)
 *(SORT_BY_NAME(.fini_array.*))
 *(.fini_array*)
 .fini_array    0x00000000080083fc        0x4 c:/st/stm32cubeide_1.0.0/stm32cubeide/plugins/com.st.stm32cube.ide.mcu.externaltools.gnu-tools-for-stm32.7-2018-q2-update.win32_1.0.0.201904181610/tools/bin/../lib/gcc/arm-none-eabi/7.3.1/thumb/v7e-m/fpv4-sp/hard/crtbegin.o
                [!provide]                        PROVIDE (__fini_array_end = .)
                0x0000000008008400                . = ALIGN (0x4)
                0x0000000008008400                _sidata = LOADADDR (.data)

.data           0x0000000020000000       0x84 load address 0x0000000008008400
                0x0000000020000000                . = ALIGN (0x4)
                0x0000000020000000                _sdata = .
 *(.data)
 *(.data*)
 .data.uwTickPrio
                0x0000000020000000        0x4 Drivers/STM32L4xx_HAL_Driver/Src/stm32l4xx_hal.o
                0x0000000020000000                uwTickPrio
 .data.uwTickFreq
                0x0000000020000004        0x4 Drivers/STM32L4xx_HAL_Driver/Src/stm32l4xx_hal.o
                0x0000000020000004                uwTickFreq
 .data.ChainIterator.7994
                0x0000000020000008        0x4 Src/Kernel/QuarkTS.o
 .data._qCRTaskState_.11826
                0x000000002000000c        0x8 Src/Task/Task.o
 .data._qCRTaskState_.11855
                0x0000000020000014        0x8 Src/Task/Task.o
 .data.SystemCoreClock
                0x000000002000001c        0x4 Src/system_stm32l4xx.o
                0x000000002000001c                SystemCoreClock
 .data._impure_ptr
                0x0000000020000020        0x4 c:/st/stm32cubeide_1.0.0/stm32cubeide/plugins/com.st.stm32cube.ide.mcu.externaltools.gnu-tools-for-stm32.7-2018-q2-update.win32_1.0.0.201904181610/tools/bin/../lib/gcc/arm-none-eabi/7.3.1/../../../../arm-none-eabi/lib/thumb/v7e-m/fpv4-sp/hard\libc_nano.a(lib_a-impure.o)
                0x0000000020000020                _impure_ptr
 .data.impure_data
                0x0000000020000024       0x60 c:/st/stm32cubeide_1.0.0/stm32cubeide/plugins/com.st.stm32cube.ide.mcu.externaltools.gnu-tools-for-stm32.7-2018-q2-update.win32_1.0.0.201904181610/tools/bin/../lib/gcc/arm-none-eabi/7.3.1/../../../../arm-none-eabi/lib/thumb/v7e-m/fpv4-sp/hard\libc_nano.a(lib_a-impure.o)
                0x0000000020000084                . = ALIGN (0x4)
                0x0000000020000084                _edata = .

.igot.plt       0x0000000020000084        0x0 load address 0x0000000008008484
 .igot.plt      0x0000000020000084        0x0 c:/st/stm32cubeide_1.0.0/stm32cubeide/plugins/com.st.stm32cube.ide.mcu.externaltools.gnu-tools-for-stm32.7-2018-q2-update.win32_1.0.0.201904181610/tools/bin/../lib/gcc/arm-none-eabi/7.3.1/thumb/v7e-m/fpv4-sp/hard/crtbegin.o
                0x0000000020000084                . = ALIGN (0x4)

.bss            0x0000000020000084      0x598 load address 0x0000000008008484
                0x0000000020000084                _sbss = .
                0x0000000020000084                __bss_start__ = _sbss
 *(.bss)
 .bss           0x0000000020000084       0x1c c:/st/stm32cubeide_1.0.0/stm32cubeide/plugins/com.st.stm32cube.ide.mcu.externaltools.gnu-tools-for-stm32.7-2018-q2-update.win32_1.0.0.201904181610/tools/bin/../lib/gcc/arm-none-eabi/7.3.1/thumb/v7e-m/fpv4-sp/hard/crtbegin.o
 *(.bss*)
 .bss.Timeout   0x00000000200000a0        0xc Src/Common/Globals.o
                0x00000000200000a0                Timeout
 .bss.mQueue_Stack
                0x00000000200000ac       0x27 Src/Common/Globals.o
                0x00000000200000ac                mQueue_Stack
 .bss.RetValue.11849
                0x00000000200000d3        0x1 Src/Drivers_Hd/wssfm1xrx.o
 .bss.WSSFM1XRX_StartTick.11850
                0x00000000200000d4        0x4 Src/Drivers_Hd/wssfm1xrx.o
 .bss.QUARKTS   0x00000000200000d8       0x40 Src/Kernel/QuarkTS.o
 .bss._qSysTick_Epochs_
                0x0000000020000118        0x4 Src/Kernel/QuarkTS.o
 .bss.__qDebugOutputFcn
                0x000000002000011c        0x4 Src/Kernel/QuarkTS.o
                0x000000002000011c                __qDebugOutputFcn
 .bss.ret.11825
                0x0000000020000120        0x1 Src/Task/Task.o
 *fill*         0x0000000020000121        0x3 
 .bss.state.11854
                0x0000000020000124        0x4 Src/Task/Task.o
 .bss.contRetry.11852
                0x0000000020000128        0x1 Src/Task/Task.o
 .bss.i.11853   0x0000000020000129        0x1 Src/Task/Task.o
 *fill*         0x000000002000012a        0x2 
 .bss.BufferAux.11851
                0x000000002000012c       0x64 Src/Task/Task.o
 .bss.heap_end.6424
                0x0000000020000190        0x4 Src/sysmem.o
 .bss.__malloc_free_list
                0x0000000020000194        0x4 c:/st/stm32cubeide_1.0.0/stm32cubeide/plugins/com.st.stm32cube.ide.mcu.externaltools.gnu-tools-for-stm32.7-2018-q2-update.win32_1.0.0.201904181610/tools/bin/../lib/gcc/arm-none-eabi/7.3.1/../../../../arm-none-eabi/lib/thumb/v7e-m/fpv4-sp/hard\libc_nano.a(lib_a-nano-mallocr.o)
                0x0000000020000194                __malloc_free_list
 .bss.__malloc_sbrk_start
                0x0000000020000198        0x4 c:/st/stm32cubeide_1.0.0/stm32cubeide/plugins/com.st.stm32cube.ide.mcu.externaltools.gnu-tools-for-stm32.7-2018-q2-update.win32_1.0.0.201904181610/tools/bin/../lib/gcc/arm-none-eabi/7.3.1/../../../../arm-none-eabi/lib/thumb/v7e-m/fpv4-sp/hard\libc_nano.a(lib_a-nano-mallocr.o)
                0x0000000020000198                __malloc_sbrk_start
 *(COMMON)
 COMMON         0x000000002000019c        0x4 Drivers/STM32L4xx_HAL_Driver/Src/stm32l4xx_hal.o
                0x000000002000019c                uwTick
 COMMON         0x00000000200001a0      0x3f0 Src/Common/Globals.o
                0x00000000200001a0                DebounceData
                0x00000000200001a8                UART_RX3
                0x00000000200001c8                ResponseObject
                0x00000000200001d4                InputButton
                0x00000000200001e0                huart3
                0x0000000020000260                SigFoxData
                0x0000000020000288                Task_LoRaWANService
                0x00000000200002bc                ResponseObjectLora
                0x00000000200002c8                SigFox_UplinkQueue
                0x00000000200002e0                hlpuart1
                0x0000000020000360                Flags_globals
                0x0000000020000364                InputCheck
                0x0000000020000378                Task_Wisol_Service
                0x00000000200003ac                FLASHMEM
                0x00000000200003bc                BufferRxFrame
                0x00000000200003e4                Task_Leds
                0x0000000020000418                xtypes
                0x000000002000041c                DataFrame
                0x0000000020000428                huart2
                0x00000000200004a8                UART_RX
                0x00000000200004c8                SigfoxModule
                0x00000000200004f8                Task_ApplicationFSM
                0x000000002000052c                Debounce_Flag
                0x0000000020000530                Color
                0x000000002000053c                Task_UplinkDispatcher
                0x0000000020000570                BufferTxFrame
 COMMON         0x0000000020000590       0x88 Src/main.o
                0x0000000020000590                hadc1
                0x00000000200005f4                hrtc
 COMMON         0x0000000020000618        0x4 c:/st/stm32cubeide_1.0.0/stm32cubeide/plugins/com.st.stm32cube.ide.mcu.externaltools.gnu-tools-for-stm32.7-2018-q2-update.win32_1.0.0.201904181610/tools/bin/../lib/gcc/arm-none-eabi/7.3.1/../../../../arm-none-eabi/lib/thumb/v7e-m/fpv4-sp/hard\libc_nano.a(lib_a-reent.o)
                0x0000000020000618                errno
                0x000000002000061c                . = ALIGN (0x4)
                0x000000002000061c                _ebss = .
                0x000000002000061c                __bss_end__ = _ebss

._user_heap_stack
                0x000000002000061c      0x604 load address 0x0000000008008484
                0x0000000020000620                . = ALIGN (0x8)
 *fill*         0x000000002000061c        0x4 
                0x0000000020000620                PROVIDE (end = .)
                [!provide]                        PROVIDE (_end = .)
                0x0000000020000820                . = (. + _Min_Heap_Size)
 *fill*         0x0000000020000620      0x200 
                0x0000000020000c20                . = (. + _Min_Stack_Size)
 *fill*         0x0000000020000820      0x400 
                0x0000000020000c20                . = ALIGN (0x8)

/DISCARD/
 libc.a(*)
 libm.a(*)
 libgcc.a(*)

.ARM.attributes
                0x0000000000000000       0x30
 *(.ARM.attributes)
 .ARM.attributes
                0x0000000000000000       0x22 c:/st/stm32cubeide_1.0.0/stm32cubeide/plugins/com.st.stm32cube.ide.mcu.externaltools.gnu-tools-for-stm32.7-2018-q2-update.win32_1.0.0.201904181610/tools/bin/../lib/gcc/arm-none-eabi/7.3.1/thumb/v7e-m/fpv4-sp/hard/crti.o
 .ARM.attributes
                0x0000000000000022       0x34 c:/st/stm32cubeide_1.0.0/stm32cubeide/plugins/com.st.stm32cube.ide.mcu.externaltools.gnu-tools-for-stm32.7-2018-q2-update.win32_1.0.0.201904181610/tools/bin/../lib/gcc/arm-none-eabi/7.3.1/thumb/v7e-m/fpv4-sp/hard/crtbegin.o
 .ARM.attributes
                0x0000000000000056       0x39 Drivers/STM32L4xx_HAL_Driver/Src/stm32l4xx_hal.o
 .ARM.attributes
                0x000000000000008f       0x39 Drivers/STM32L4xx_HAL_Driver/Src/stm32l4xx_hal_adc.o
 .ARM.attributes
                0x00000000000000c8       0x39 Drivers/STM32L4xx_HAL_Driver/Src/stm32l4xx_hal_adc_ex.o
 .ARM.attributes
                0x0000000000000101       0x39 Drivers/STM32L4xx_HAL_Driver/Src/stm32l4xx_hal_cortex.o
 .ARM.attributes
                0x000000000000013a       0x39 Drivers/STM32L4xx_HAL_Driver/Src/stm32l4xx_hal_dma.o
 .ARM.attributes
                0x0000000000000173       0x39 Drivers/STM32L4xx_HAL_Driver/Src/stm32l4xx_hal_gpio.o
 .ARM.attributes
                0x00000000000001ac       0x39 Drivers/STM32L4xx_HAL_Driver/Src/stm32l4xx_hal_pwr_ex.o
 .ARM.attributes
                0x00000000000001e5       0x39 Drivers/STM32L4xx_HAL_Driver/Src/stm32l4xx_hal_rcc.o
 .ARM.attributes
                0x000000000000021e       0x39 Drivers/STM32L4xx_HAL_Driver/Src/stm32l4xx_hal_rcc_ex.o
 .ARM.attributes
                0x0000000000000257       0x39 Drivers/STM32L4xx_HAL_Driver/Src/stm32l4xx_hal_rtc.o
 .ARM.attributes
                0x0000000000000290       0x39 Drivers/STM32L4xx_HAL_Driver/Src/stm32l4xx_hal_rtc_ex.o
 .ARM.attributes
                0x00000000000002c9       0x39 Drivers/STM32L4xx_HAL_Driver/Src/stm32l4xx_hal_uart.o
 .ARM.attributes
                0x0000000000000302       0x39 Drivers/STM32L4xx_HAL_Driver/Src/stm32l4xx_hal_uart_ex.o
 .ARM.attributes
                0x000000000000033b       0x39 Src/Common/Globals.o
 .ARM.attributes
                0x0000000000000374       0x39 Src/Drivers_Hd/wssfm1xrx.o
 .ARM.attributes
                0x00000000000003ad       0x39 Src/Kernel/QuarkTS.o
 .ARM.attributes
                0x00000000000003e6       0x39 Src/Task/Task.o
 .ARM.attributes
                0x000000000000041f       0x39 Src/main.o
 .ARM.attributes
                0x0000000000000458       0x39 Src/stm32l4xx_hal_msp.o
 .ARM.attributes
                0x0000000000000491       0x39 Src/stm32l4xx_it.o
 .ARM.attributes
                0x00000000000004ca       0x39 Src/sysmem.o
 .ARM.attributes
                0x0000000000000503       0x39 Src/system_stm32l4xx.o
 .ARM.attributes
                0x000000000000053c       0x21 Startup/startup_stm32l471rgtx.o
 .ARM.attributes
                0x000000000000055d       0x34 c:/st/stm32cubeide_1.0.0/stm32cubeide/plugins/com.st.stm32cube.ide.mcu.externaltools.gnu-tools-for-stm32.7-2018-q2-update.win32_1.0.0.201904181610/tools/bin/../lib/gcc/arm-none-eabi/7.3.1/../../../../arm-none-eabi/lib/thumb/v7e-m/fpv4-sp/hard\libc_nano.a(lib_a-errno.o)
 .ARM.attributes
                0x0000000000000591       0x34 c:/st/stm32cubeide_1.0.0/stm32cubeide/plugins/com.st.stm32cube.ide.mcu.externaltools.gnu-tools-for-stm32.7-2018-q2-update.win32_1.0.0.201904181610/tools/bin/../lib/gcc/arm-none-eabi/7.3.1/../../../../arm-none-eabi/lib/thumb/v7e-m/fpv4-sp/hard\libc_nano.a(lib_a-impure.o)
 .ARM.attributes
                0x00000000000005c5       0x34 c:/st/stm32cubeide_1.0.0/stm32cubeide/plugins/com.st.stm32cube.ide.mcu.externaltools.gnu-tools-for-stm32.7-2018-q2-update.win32_1.0.0.201904181610/tools/bin/../lib/gcc/arm-none-eabi/7.3.1/../../../../arm-none-eabi/lib/thumb/v7e-m/fpv4-sp/hard\libc_nano.a(lib_a-init.o)
 .ARM.attributes
                0x00000000000005f9       0x34 c:/st/stm32cubeide_1.0.0/stm32cubeide/plugins/com.st.stm32cube.ide.mcu.externaltools.gnu-tools-for-stm32.7-2018-q2-update.win32_1.0.0.201904181610/tools/bin/../lib/gcc/arm-none-eabi/7.3.1/../../../../arm-none-eabi/lib/thumb/v7e-m/fpv4-sp/hard\libc_nano.a(lib_a-memcpy-stub.o)
 .ARM.attributes
                0x000000000000062d       0x34 c:/st/stm32cubeide_1.0.0/stm32cubeide/plugins/com.st.stm32cube.ide.mcu.externaltools.gnu-tools-for-stm32.7-2018-q2-update.win32_1.0.0.201904181610/tools/bin/../lib/gcc/arm-none-eabi/7.3.1/../../../../arm-none-eabi/lib/thumb/v7e-m/fpv4-sp/hard\libc_nano.a(lib_a-memset.o)
 .ARM.attributes
                0x0000000000000661       0x34 c:/st/stm32cubeide_1.0.0/stm32cubeide/plugins/com.st.stm32cube.ide.mcu.externaltools.gnu-tools-for-stm32.7-2018-q2-update.win32_1.0.0.201904181610/tools/bin/../lib/gcc/arm-none-eabi/7.3.1/../../../../arm-none-eabi/lib/thumb/v7e-m/fpv4-sp/hard\libc_nano.a(lib_a-sprintf.o)
 .ARM.attributes
                0x0000000000000695       0x34 c:/st/stm32cubeide_1.0.0/stm32cubeide/plugins/com.st.stm32cube.ide.mcu.externaltools.gnu-tools-for-stm32.7-2018-q2-update.win32_1.0.0.201904181610/tools/bin/../lib/gcc/arm-none-eabi/7.3.1/../../../../arm-none-eabi/lib/thumb/v7e-m/fpv4-sp/hard\libc_nano.a(lib_a-strchr.o)
 .ARM.attributes
                0x00000000000006c9       0x34 c:/st/stm32cubeide_1.0.0/stm32cubeide/plugins/com.st.stm32cube.ide.mcu.externaltools.gnu-tools-for-stm32.7-2018-q2-update.win32_1.0.0.201904181610/tools/bin/../lib/gcc/arm-none-eabi/7.3.1/../../../../arm-none-eabi/lib/thumb/v7e-m/fpv4-sp/hard\libc_nano.a(lib_a-strcpy.o)
 .ARM.attributes
                0x00000000000006fd       0x1b c:/st/stm32cubeide_1.0.0/stm32cubeide/plugins/com.st.stm32cube.ide.mcu.externaltools.gnu-tools-for-stm32.7-2018-q2-update.win32_1.0.0.201904181610/tools/bin/../lib/gcc/arm-none-eabi/7.3.1/../../../../arm-none-eabi/lib/thumb/v7e-m/fpv4-sp/hard\libc_nano.a(lib_a-strlen.o)
 .ARM.attributes
                0x0000000000000718       0x34 c:/st/stm32cubeide_1.0.0/stm32cubeide/plugins/com.st.stm32cube.ide.mcu.externaltools.gnu-tools-for-stm32.7-2018-q2-update.win32_1.0.0.201904181610/tools/bin/../lib/gcc/arm-none-eabi/7.3.1/../../../../arm-none-eabi/lib/thumb/v7e-m/fpv4-sp/hard\libc_nano.a(lib_a-strstr.o)
 .ARM.attributes
                0x000000000000074c       0x34 c:/st/stm32cubeide_1.0.0/stm32cubeide/plugins/com.st.stm32cube.ide.mcu.externaltools.gnu-tools-for-stm32.7-2018-q2-update.win32_1.0.0.201904181610/tools/bin/../lib/gcc/arm-none-eabi/7.3.1/../../../../arm-none-eabi/lib/thumb/v7e-m/fpv4-sp/hard\libc_nano.a(lib_a-nano-svfprintf.o)
 .ARM.attributes
                0x0000000000000780       0x34 c:/st/stm32cubeide_1.0.0/stm32cubeide/plugins/com.st.stm32cube.ide.mcu.externaltools.gnu-tools-for-stm32.7-2018-q2-update.win32_1.0.0.201904181610/tools/bin/../lib/gcc/arm-none-eabi/7.3.1/../../../../arm-none-eabi/lib/thumb/v7e-m/fpv4-sp/hard\libc_nano.a(lib_a-nano-vfprintf_i.o)
 .ARM.attributes
                0x00000000000007b4       0x20 c:/st/stm32cubeide_1.0.0/stm32cubeide/plugins/com.st.stm32cube.ide.mcu.externaltools.gnu-tools-for-stm32.7-2018-q2-update.win32_1.0.0.201904181610/tools/bin/../lib/gcc/arm-none-eabi/7.3.1/../../../../arm-none-eabi/lib/thumb/v7e-m/fpv4-sp/hard\libc_nano.a(lib_a-memchr.o)
 .ARM.attributes
                0x00000000000007d4       0x34 c:/st/stm32cubeide_1.0.0/stm32cubeide/plugins/com.st.stm32cube.ide.mcu.externaltools.gnu-tools-for-stm32.7-2018-q2-update.win32_1.0.0.201904181610/tools/bin/../lib/gcc/arm-none-eabi/7.3.1/../../../../arm-none-eabi/lib/thumb/v7e-m/fpv4-sp/hard\libc_nano.a(lib_a-memmove.o)
 .ARM.attributes
                0x0000000000000808       0x34 c:/st/stm32cubeide_1.0.0/stm32cubeide/plugins/com.st.stm32cube.ide.mcu.externaltools.gnu-tools-for-stm32.7-2018-q2-update.win32_1.0.0.201904181610/tools/bin/../lib/gcc/arm-none-eabi/7.3.1/../../../../arm-none-eabi/lib/thumb/v7e-m/fpv4-sp/hard\libc_nano.a(lib_a-nano-freer.o)
 .ARM.attributes
                0x000000000000083c       0x34 c:/st/stm32cubeide_1.0.0/stm32cubeide/plugins/com.st.stm32cube.ide.mcu.externaltools.gnu-tools-for-stm32.7-2018-q2-update.win32_1.0.0.201904181610/tools/bin/../lib/gcc/arm-none-eabi/7.3.1/../../../../arm-none-eabi/lib/thumb/v7e-m/fpv4-sp/hard\libc_nano.a(lib_a-nano-mallocr.o)
 .ARM.attributes
                0x0000000000000870       0x34 c:/st/stm32cubeide_1.0.0/stm32cubeide/plugins/com.st.stm32cube.ide.mcu.externaltools.gnu-tools-for-stm32.7-2018-q2-update.win32_1.0.0.201904181610/tools/bin/../lib/gcc/arm-none-eabi/7.3.1/../../../../arm-none-eabi/lib/thumb/v7e-m/fpv4-sp/hard\libc_nano.a(lib_a-nano-reallocr.o)
 .ARM.attributes
                0x00000000000008a4       0x34 c:/st/stm32cubeide_1.0.0/stm32cubeide/plugins/com.st.stm32cube.ide.mcu.externaltools.gnu-tools-for-stm32.7-2018-q2-update.win32_1.0.0.201904181610/tools/bin/../lib/gcc/arm-none-eabi/7.3.1/../../../../arm-none-eabi/lib/thumb/v7e-m/fpv4-sp/hard\libc_nano.a(lib_a-sbrkr.o)
 .ARM.attributes
                0x00000000000008d8       0x34 c:/st/stm32cubeide_1.0.0/stm32cubeide/plugins/com.st.stm32cube.ide.mcu.externaltools.gnu-tools-for-stm32.7-2018-q2-update.win32_1.0.0.201904181610/tools/bin/../lib/gcc/arm-none-eabi/7.3.1/../../../../arm-none-eabi/lib/thumb/v7e-m/fpv4-sp/hard\libc_nano.a(lib_a-mlock.o)
 .ARM.attributes
                0x000000000000090c       0x34 c:/st/stm32cubeide_1.0.0/stm32cubeide/plugins/com.st.stm32cube.ide.mcu.externaltools.gnu-tools-for-stm32.7-2018-q2-update.win32_1.0.0.201904181610/tools/bin/../lib/gcc/arm-none-eabi/7.3.1/../../../../arm-none-eabi/lib/thumb/v7e-m/fpv4-sp/hard\libc_nano.a(lib_a-nano-msizer.o)
 .ARM.attributes
                0x0000000000000940       0x34 c:/st/stm32cubeide_1.0.0/stm32cubeide/plugins/com.st.stm32cube.ide.mcu.externaltools.gnu-tools-for-stm32.7-2018-q2-update.win32_1.0.0.201904181610/tools/bin/../lib/gcc/arm-none-eabi/7.3.1/../../../../arm-none-eabi/lib/thumb/v7e-m/fpv4-sp/hard\libc_nano.a(lib_a-reent.o)
 .ARM.attributes
                0x0000000000000974       0x22 c:/st/stm32cubeide_1.0.0/stm32cubeide/plugins/com.st.stm32cube.ide.mcu.externaltools.gnu-tools-for-stm32.7-2018-q2-update.win32_1.0.0.201904181610/tools/bin/../lib/gcc/arm-none-eabi/7.3.1/thumb/v7e-m/fpv4-sp/hard\libgcc.a(_aeabi_uldivmod.o)
 .ARM.attributes
                0x0000000000000996       0x34 c:/st/stm32cubeide_1.0.0/stm32cubeide/plugins/com.st.stm32cube.ide.mcu.externaltools.gnu-tools-for-stm32.7-2018-q2-update.win32_1.0.0.201904181610/tools/bin/../lib/gcc/arm-none-eabi/7.3.1/thumb/v7e-m/fpv4-sp/hard\libgcc.a(_udivmoddi4.o)
 .ARM.attributes
                0x00000000000009ca       0x22 c:/st/stm32cubeide_1.0.0/stm32cubeide/plugins/com.st.stm32cube.ide.mcu.externaltools.gnu-tools-for-stm32.7-2018-q2-update.win32_1.0.0.201904181610/tools/bin/../lib/gcc/arm-none-eabi/7.3.1/thumb/v7e-m/fpv4-sp/hard\libgcc.a(_dvmd_tls.o)
 .ARM.attributes
                0x00000000000009ec       0x22 c:/st/stm32cubeide_1.0.0/stm32cubeide/plugins/com.st.stm32cube.ide.mcu.externaltools.gnu-tools-for-stm32.7-2018-q2-update.win32_1.0.0.201904181610/tools/bin/../lib/gcc/arm-none-eabi/7.3.1/thumb/v7e-m/fpv4-sp/hard/crtn.o
OUTPUT(Gateway_prueba_prog.elf elf32-littlearm)

.debug_info     0x0000000000000000    0x1e186
 .debug_info    0x0000000000000000      0xbd4 Drivers/STM32L4xx_HAL_Driver/Src/stm32l4xx_hal.o
 .debug_info    0x0000000000000bd4     0x1c49 Drivers/STM32L4xx_HAL_Driver/Src/stm32l4xx_hal_adc.o
 .debug_info    0x000000000000281d     0x1a00 Drivers/STM32L4xx_HAL_Driver/Src/stm32l4xx_hal_adc_ex.o
 .debug_info    0x000000000000421d      0xf30 Drivers/STM32L4xx_HAL_Driver/Src/stm32l4xx_hal_cortex.o
 .debug_info    0x000000000000514d      0x8c1 Drivers/STM32L4xx_HAL_Driver/Src/stm32l4xx_hal_dma.o
 .debug_info    0x0000000000005a0e      0x982 Drivers/STM32L4xx_HAL_Driver/Src/stm32l4xx_hal_gpio.o
 .debug_info    0x0000000000006390      0xa80 Drivers/STM32L4xx_HAL_Driver/Src/stm32l4xx_hal_pwr_ex.o
 .debug_info    0x0000000000006e10      0xcfe Drivers/STM32L4xx_HAL_Driver/Src/stm32l4xx_hal_rcc.o
 .debug_info    0x0000000000007b0e      0xf04 Drivers/STM32L4xx_HAL_Driver/Src/stm32l4xx_hal_rcc_ex.o
 .debug_info    0x0000000000008a12      0xe96 Drivers/STM32L4xx_HAL_Driver/Src/stm32l4xx_hal_rtc.o
 .debug_info    0x00000000000098a8     0x1162 Drivers/STM32L4xx_HAL_Driver/Src/stm32l4xx_hal_rtc_ex.o
 .debug_info    0x000000000000aa0a     0x1776 Drivers/STM32L4xx_HAL_Driver/Src/stm32l4xx_hal_uart.o
 .debug_info    0x000000000000c180      0xa06 Drivers/STM32L4xx_HAL_Driver/Src/stm32l4xx_hal_uart_ex.o
 .debug_info    0x000000000000cb86     0x2a6b Src/Common/Globals.o
 .debug_info    0x000000000000f5f1     0x2d1e Src/Drivers_Hd/wssfm1xrx.o
 .debug_info    0x000000000001230f     0x369c Src/Kernel/QuarkTS.o
 .debug_info    0x00000000000159ab     0x2565 Src/Task/Task.o
 .debug_info    0x0000000000017f10     0x2f9c Src/main.o
 .debug_info    0x000000000001aeac     0x1667 Src/stm32l4xx_hal_msp.o
 .debug_info    0x000000000001c513      0xc3f Src/stm32l4xx_it.o
 .debug_info    0x000000000001d152      0x91c Src/sysmem.o
 .debug_info    0x000000000001da6e      0x6f6 Src/system_stm32l4xx.o
 .debug_info    0x000000000001e164       0x22 Startup/startup_stm32l471rgtx.o

.debug_abbrev   0x0000000000000000     0x314f
 .debug_abbrev  0x0000000000000000      0x1fb Drivers/STM32L4xx_HAL_Driver/Src/stm32l4xx_hal.o
 .debug_abbrev  0x00000000000001fb      0x24a Drivers/STM32L4xx_HAL_Driver/Src/stm32l4xx_hal_adc.o
 .debug_abbrev  0x0000000000000445      0x26a Drivers/STM32L4xx_HAL_Driver/Src/stm32l4xx_hal_adc_ex.o
 .debug_abbrev  0x00000000000006af      0x2fa Drivers/STM32L4xx_HAL_Driver/Src/stm32l4xx_hal_cortex.o
 .debug_abbrev  0x00000000000009a9      0x1d9 Drivers/STM32L4xx_HAL_Driver/Src/stm32l4xx_hal_dma.o
 .debug_abbrev  0x0000000000000b82      0x1c0 Drivers/STM32L4xx_HAL_Driver/Src/stm32l4xx_hal_gpio.o
 .debug_abbrev  0x0000000000000d42      0x1cb Drivers/STM32L4xx_HAL_Driver/Src/stm32l4xx_hal_pwr_ex.o
 .debug_abbrev  0x0000000000000f0d      0x245 Drivers/STM32L4xx_HAL_Driver/Src/stm32l4xx_hal_rcc.o
 .debug_abbrev  0x0000000000001152      0x238 Drivers/STM32L4xx_HAL_Driver/Src/stm32l4xx_hal_rcc_ex.o
 .debug_abbrev  0x000000000000138a      0x1e7 Drivers/STM32L4xx_HAL_Driver/Src/stm32l4xx_hal_rtc.o
 .debug_abbrev  0x0000000000001571      0x1d3 Drivers/STM32L4xx_HAL_Driver/Src/stm32l4xx_hal_rtc_ex.o
 .debug_abbrev  0x0000000000001744      0x205 Drivers/STM32L4xx_HAL_Driver/Src/stm32l4xx_hal_uart.o
 .debug_abbrev  0x0000000000001949      0x1e2 Drivers/STM32L4xx_HAL_Driver/Src/stm32l4xx_hal_uart_ex.o
 .debug_abbrev  0x0000000000001b2b      0x2fb Src/Common/Globals.o
 .debug_abbrev  0x0000000000001e26      0x33a Src/Drivers_Hd/wssfm1xrx.o
 .debug_abbrev  0x0000000000002160      0x407 Src/Kernel/QuarkTS.o
 .debug_abbrev  0x0000000000002567      0x2aa Src/Task/Task.o
 .debug_abbrev  0x0000000000002811      0x31a Src/main.o
 .debug_abbrev  0x0000000000002b2b      0x1be Src/stm32l4xx_hal_msp.o
 .debug_abbrev  0x0000000000002ce9      0x149 Src/stm32l4xx_it.o
 .debug_abbrev  0x0000000000002e32      0x1bb Src/sysmem.o
 .debug_abbrev  0x0000000000002fed      0x150 Src/system_stm32l4xx.o
 .debug_abbrev  0x000000000000313d       0x12 Startup/startup_stm32l471rgtx.o

.debug_aranges  0x0000000000000000     0x1520
 .debug_aranges
                0x0000000000000000      0x130 Drivers/STM32L4xx_HAL_Driver/Src/stm32l4xx_hal.o
 .debug_aranges
                0x0000000000000130      0x220 Drivers/STM32L4xx_HAL_Driver/Src/stm32l4xx_hal_adc.o
 .debug_aranges
                0x0000000000000350      0x1a8 Drivers/STM32L4xx_HAL_Driver/Src/stm32l4xx_hal_adc_ex.o
 .debug_aranges
                0x00000000000004f8      0x118 Drivers/STM32L4xx_HAL_Driver/Src/stm32l4xx_hal_cortex.o
 .debug_aranges
                0x0000000000000610       0x80 Drivers/STM32L4xx_HAL_Driver/Src/stm32l4xx_hal_dma.o
 .debug_aranges
                0x0000000000000690       0x58 Drivers/STM32L4xx_HAL_Driver/Src/stm32l4xx_hal_gpio.o
 .debug_aranges
                0x00000000000006e8      0x120 Drivers/STM32L4xx_HAL_Driver/Src/stm32l4xx_hal_pwr_ex.o
 .debug_aranges
                0x0000000000000808       0x88 Drivers/STM32L4xx_HAL_Driver/Src/stm32l4xx_hal_rcc.o
 .debug_aranges
                0x0000000000000890       0xc0 Drivers/STM32L4xx_HAL_Driver/Src/stm32l4xx_hal_rcc_ex.o
 .debug_aranges
                0x0000000000000950       0xc0 Drivers/STM32L4xx_HAL_Driver/Src/stm32l4xx_hal_rtc.o
 .debug_aranges
                0x0000000000000a10      0x140 Drivers/STM32L4xx_HAL_Driver/Src/stm32l4xx_hal_rtc_ex.o
 .debug_aranges
                0x0000000000000b50      0x1f8 Drivers/STM32L4xx_HAL_Driver/Src/stm32l4xx_hal_uart.o
 .debug_aranges
                0x0000000000000d48       0x60 Drivers/STM32L4xx_HAL_Driver/Src/stm32l4xx_hal_uart_ex.o
 .debug_aranges
                0x0000000000000da8       0x98 Src/Common/Globals.o
 .debug_aranges
                0x0000000000000e40       0xf0 Src/Drivers_Hd/wssfm1xrx.o
 .debug_aranges
                0x0000000000000f30      0x408 Src/Kernel/QuarkTS.o
 .debug_aranges
                0x0000000000001338       0x40 Src/Task/Task.o
 .debug_aranges
                0x0000000000001378       0x68 Src/main.o
 .debug_aranges
                0x00000000000013e0       0x50 Src/stm32l4xx_hal_msp.o
 .debug_aranges
                0x0000000000001430       0x80 Src/stm32l4xx_it.o
 .debug_aranges
                0x00000000000014b0       0x20 Src/sysmem.o
 .debug_aranges
                0x00000000000014d0       0x28 Src/system_stm32l4xx.o
 .debug_aranges
                0x00000000000014f8       0x28 Startup/startup_stm32l471rgtx.o

.debug_ranges   0x0000000000000000     0x13b8
 .debug_ranges  0x0000000000000000      0x120 Drivers/STM32L4xx_HAL_Driver/Src/stm32l4xx_hal.o
 .debug_ranges  0x0000000000000120      0x210 Drivers/STM32L4xx_HAL_Driver/Src/stm32l4xx_hal_adc.o
 .debug_ranges  0x0000000000000330      0x198 Drivers/STM32L4xx_HAL_Driver/Src/stm32l4xx_hal_adc_ex.o
 .debug_ranges  0x00000000000004c8      0x108 Drivers/STM32L4xx_HAL_Driver/Src/stm32l4xx_hal_cortex.o
 .debug_ranges  0x00000000000005d0       0x70 Drivers/STM32L4xx_HAL_Driver/Src/stm32l4xx_hal_dma.o
 .debug_ranges  0x0000000000000640       0x48 Drivers/STM32L4xx_HAL_Driver/Src/stm32l4xx_hal_gpio.o
 .debug_ranges  0x0000000000000688      0x110 Drivers/STM32L4xx_HAL_Driver/Src/stm32l4xx_hal_pwr_ex.o
 .debug_ranges  0x0000000000000798       0x78 Drivers/STM32L4xx_HAL_Driver/Src/stm32l4xx_hal_rcc.o
 .debug_ranges  0x0000000000000810       0xb0 Drivers/STM32L4xx_HAL_Driver/Src/stm32l4xx_hal_rcc_ex.o
 .debug_ranges  0x00000000000008c0       0xb0 Drivers/STM32L4xx_HAL_Driver/Src/stm32l4xx_hal_rtc.o
 .debug_ranges  0x0000000000000970      0x130 Drivers/STM32L4xx_HAL_Driver/Src/stm32l4xx_hal_rtc_ex.o
 .debug_ranges  0x0000000000000aa0      0x1e8 Drivers/STM32L4xx_HAL_Driver/Src/stm32l4xx_hal_uart.o
 .debug_ranges  0x0000000000000c88       0x50 Drivers/STM32L4xx_HAL_Driver/Src/stm32l4xx_hal_uart_ex.o
 .debug_ranges  0x0000000000000cd8       0x88 Src/Common/Globals.o
 .debug_ranges  0x0000000000000d60       0xe0 Src/Drivers_Hd/wssfm1xrx.o
 .debug_ranges  0x0000000000000e40      0x3f8 Src/Kernel/QuarkTS.o
 .debug_ranges  0x0000000000001238       0x30 Src/Task/Task.o
 .debug_ranges  0x0000000000001268       0x58 Src/main.o
 .debug_ranges  0x00000000000012c0       0x40 Src/stm32l4xx_hal_msp.o
 .debug_ranges  0x0000000000001300       0x70 Src/stm32l4xx_it.o
 .debug_ranges  0x0000000000001370       0x10 Src/sysmem.o
 .debug_ranges  0x0000000000001380       0x18 Src/system_stm32l4xx.o
 .debug_ranges  0x0000000000001398       0x20 Startup/startup_stm32l471rgtx.o

.debug_macro    0x0000000000000000    0x26d81
 .debug_macro   0x0000000000000000      0x25f Drivers/STM32L4xx_HAL_Driver/Src/stm32l4xx_hal.o
 .debug_macro   0x000000000000025f      0xa5a Drivers/STM32L4xx_HAL_Driver/Src/stm32l4xx_hal.o
 .debug_macro   0x0000000000000cb9       0xc6 Drivers/STM32L4xx_HAL_Driver/Src/stm32l4xx_hal.o
 .debug_macro   0x0000000000000d7f       0x2e Drivers/STM32L4xx_HAL_Driver/Src/stm32l4xx_hal.o
 .debug_macro   0x0000000000000dad       0x28 Drivers/STM32L4xx_HAL_Driver/Src/stm32l4xx_hal.o
 .debug_macro   0x0000000000000dd5       0x22 Drivers/STM32L4xx_HAL_Driver/Src/stm32l4xx_hal.o
 .debug_macro   0x0000000000000df7       0x8e Drivers/STM32L4xx_HAL_Driver/Src/stm32l4xx_hal.o
 .debug_macro   0x0000000000000e85       0x51 Drivers/STM32L4xx_HAL_Driver/Src/stm32l4xx_hal.o
 .debug_macro   0x0000000000000ed6       0xef Drivers/STM32L4xx_HAL_Driver/Src/stm32l4xx_hal.o
 .debug_macro   0x0000000000000fc5       0x6a Drivers/STM32L4xx_HAL_Driver/Src/stm32l4xx_hal.o
 .debug_macro   0x000000000000102f      0x1df Drivers/STM32L4xx_HAL_Driver/Src/stm32l4xx_hal.o
 .debug_macro   0x000000000000120e       0x1c Drivers/STM32L4xx_HAL_Driver/Src/stm32l4xx_hal.o
 .debug_macro   0x000000000000122a       0x22 Drivers/STM32L4xx_HAL_Driver/Src/stm32l4xx_hal.o
 .debug_macro   0x000000000000124c       0xdf Drivers/STM32L4xx_HAL_Driver/Src/stm32l4xx_hal.o
 .debug_macro   0x000000000000132b     0x102d Drivers/STM32L4xx_HAL_Driver/Src/stm32l4xx_hal.o
 .debug_macro   0x0000000000002358      0x11f Drivers/STM32L4xx_HAL_Driver/Src/stm32l4xx_hal.o
 .debug_macro   0x0000000000002477    0x1771a Drivers/STM32L4xx_HAL_Driver/Src/stm32l4xx_hal.o
 .debug_macro   0x0000000000019b91       0x43 Drivers/STM32L4xx_HAL_Driver/Src/stm32l4xx_hal.o
 .debug_macro   0x0000000000019bd4     0x3820 Drivers/STM32L4xx_HAL_Driver/Src/stm32l4xx_hal.o
 .debug_macro   0x000000000001d3f4      0x174 Drivers/STM32L4xx_HAL_Driver/Src/stm32l4xx_hal.o
 .debug_macro   0x000000000001d568       0x5a Drivers/STM32L4xx_HAL_Driver/Src/stm32l4xx_hal.o
 .debug_macro   0x000000000001d5c2     0x14d3 Drivers/STM32L4xx_HAL_Driver/Src/stm32l4xx_hal.o
 .debug_macro   0x000000000001ea95      0x566 Drivers/STM32L4xx_HAL_Driver/Src/stm32l4xx_hal.o
 .debug_macro   0x000000000001effb      0x241 Drivers/STM32L4xx_HAL_Driver/Src/stm32l4xx_hal.o
 .debug_macro   0x000000000001f23c      0x13d Drivers/STM32L4xx_HAL_Driver/Src/stm32l4xx_hal.o
 .debug_macro   0x000000000001f379      0x176 Drivers/STM32L4xx_HAL_Driver/Src/stm32l4xx_hal.o
 .debug_macro   0x000000000001f4ef      0x26b Drivers/STM32L4xx_HAL_Driver/Src/stm32l4xx_hal.o
 .debug_macro   0x000000000001f75a      0x236 Drivers/STM32L4xx_HAL_Driver/Src/stm32l4xx_hal.o
 .debug_macro   0x000000000001f990      0xf83 Drivers/STM32L4xx_HAL_Driver/Src/stm32l4xx_hal.o
 .debug_macro   0x0000000000020913      0x632 Drivers/STM32L4xx_HAL_Driver/Src/stm32l4xx_hal.o
 .debug_macro   0x0000000000020f45      0x30c Drivers/STM32L4xx_HAL_Driver/Src/stm32l4xx_hal.o
 .debug_macro   0x0000000000021251      0x36e Drivers/STM32L4xx_HAL_Driver/Src/stm32l4xx_hal.o
 .debug_macro   0x00000000000215bf       0xe4 Drivers/STM32L4xx_HAL_Driver/Src/stm32l4xx_hal.o
 .debug_macro   0x00000000000216a3      0x22c Drivers/STM32L4xx_HAL_Driver/Src/stm32l4xx_hal.o
 .debug_macro   0x00000000000218cf       0x5e Drivers/STM32L4xx_HAL_Driver/Src/stm32l4xx_hal.o
 .debug_macro   0x000000000002192d       0xa5 Drivers/STM32L4xx_HAL_Driver/Src/stm32l4xx_hal.o
 .debug_macro   0x00000000000219d2      0x122 Drivers/STM32L4xx_HAL_Driver/Src/stm32l4xx_hal.o
 .debug_macro   0x0000000000021af4      0x35e Drivers/STM32L4xx_HAL_Driver/Src/stm32l4xx_hal.o
 .debug_macro   0x0000000000021e52      0x31a Drivers/STM32L4xx_HAL_Driver/Src/stm32l4xx_hal.o
 .debug_macro   0x000000000002216c      0x4fb Drivers/STM32L4xx_HAL_Driver/Src/stm32l4xx_hal.o
 .debug_macro   0x0000000000022667       0xe4 Drivers/STM32L4xx_HAL_Driver/Src/stm32l4xx_hal.o
 .debug_macro   0x000000000002274b      0x57b Drivers/STM32L4xx_HAL_Driver/Src/stm32l4xx_hal.o
 .debug_macro   0x0000000000022cc6       0x44 Drivers/STM32L4xx_HAL_Driver/Src/stm32l4xx_hal.o
 .debug_macro   0x0000000000022d0a      0x349 Drivers/STM32L4xx_HAL_Driver/Src/stm32l4xx_hal.o
 .debug_macro   0x0000000000023053      0x22e Drivers/STM32L4xx_HAL_Driver/Src/stm32l4xx_hal_adc.o
 .debug_macro   0x0000000000023281      0x21d Drivers/STM32L4xx_HAL_Driver/Src/stm32l4xx_hal_adc_ex.o
 .debug_macro   0x000000000002349e      0x211 Drivers/STM32L4xx_HAL_Driver/Src/stm32l4xx_hal_cortex.o
 .debug_macro   0x00000000000236af      0x211 Drivers/STM32L4xx_HAL_Driver/Src/stm32l4xx_hal_dma.o
 .debug_macro   0x00000000000238c0      0x250 Drivers/STM32L4xx_HAL_Driver/Src/stm32l4xx_hal_gpio.o
 .debug_macro   0x0000000000023b10      0x235 Drivers/STM32L4xx_HAL_Driver/Src/stm32l4xx_hal_pwr_ex.o
 .debug_macro   0x0000000000023d45      0x253 Drivers/STM32L4xx_HAL_Driver/Src/stm32l4xx_hal_rcc.o
 .debug_macro   0x0000000000023f98      0x247 Drivers/STM32L4xx_HAL_Driver/Src/stm32l4xx_hal_rcc_ex.o
 .debug_macro   0x00000000000241df      0x212 Drivers/STM32L4xx_HAL_Driver/Src/stm32l4xx_hal_rtc.o
 .debug_macro   0x00000000000243f1      0x218 Drivers/STM32L4xx_HAL_Driver/Src/stm32l4xx_hal_rtc_ex.o
 .debug_macro   0x0000000000024609      0x23c Drivers/STM32L4xx_HAL_Driver/Src/stm32l4xx_hal_uart.o
 .debug_macro   0x0000000000024845      0x211 Drivers/STM32L4xx_HAL_Driver/Src/stm32l4xx_hal_uart_ex.o
 .debug_macro   0x0000000000024a56      0x443 Src/Common/Globals.o
 .debug_macro   0x0000000000024e99      0x45e Src/Drivers_Hd/wssfm1xrx.o
 .debug_macro   0x00000000000252f7      0x330 Src/Drivers_Hd/wssfm1xrx.o
 .debug_macro   0x0000000000025627       0x10 Src/Drivers_Hd/wssfm1xrx.o
 .debug_macro   0x0000000000025637       0x1c Src/Drivers_Hd/wssfm1xrx.o
 .debug_macro   0x0000000000025653       0xbe Src/Drivers_Hd/wssfm1xrx.o
 .debug_macro   0x0000000000025711       0x10 Src/Drivers_Hd/wssfm1xrx.o
 .debug_macro   0x0000000000025721       0xd9 Src/Drivers_Hd/wssfm1xrx.o
 .debug_macro   0x00000000000257fa       0x54 Src/Drivers_Hd/wssfm1xrx.o
 .debug_macro   0x000000000002584e      0x269 Src/Kernel/QuarkTS.o
 .debug_macro   0x0000000000025ab7      0x444 Src/Task/Task.o
 .debug_macro   0x0000000000025efb      0x43c Src/main.o
 .debug_macro   0x0000000000026337      0x220 Src/stm32l4xx_hal_msp.o
 .debug_macro   0x0000000000026557      0x22a Src/stm32l4xx_it.o
 .debug_macro   0x0000000000026781      0x1ae Src/sysmem.o
 .debug_macro   0x000000000002692f      0x23b Src/sysmem.o
 .debug_macro   0x0000000000026b6a      0x217 Src/system_stm32l4xx.o

.debug_line     0x0000000000000000    0x10fc0
 .debug_line    0x0000000000000000      0x9ed Drivers/STM32L4xx_HAL_Driver/Src/stm32l4xx_hal.o
 .debug_line    0x00000000000009ed     0x1500 Drivers/STM32L4xx_HAL_Driver/Src/stm32l4xx_hal_adc.o
 .debug_line    0x0000000000001eed     0x1210 Drivers/STM32L4xx_HAL_Driver/Src/stm32l4xx_hal_adc_ex.o
 .debug_line    0x00000000000030fd      0xa78 Drivers/STM32L4xx_HAL_Driver/Src/stm32l4xx_hal_cortex.o
 .debug_line    0x0000000000003b75      0x973 Drivers/STM32L4xx_HAL_Driver/Src/stm32l4xx_hal_dma.o
 .debug_line    0x00000000000044e8      0x90d Drivers/STM32L4xx_HAL_Driver/Src/stm32l4xx_hal_gpio.o
 .debug_line    0x0000000000004df5      0xa83 Drivers/STM32L4xx_HAL_Driver/Src/stm32l4xx_hal_pwr_ex.o
 .debug_line    0x0000000000005878      0xa54 Drivers/STM32L4xx_HAL_Driver/Src/stm32l4xx_hal_rcc.o
 .debug_line    0x00000000000062cc      0xcc4 Drivers/STM32L4xx_HAL_Driver/Src/stm32l4xx_hal_rcc_ex.o
 .debug_line    0x0000000000006f90      0xaff Drivers/STM32L4xx_HAL_Driver/Src/stm32l4xx_hal_rtc.o
 .debug_line    0x0000000000007a8f      0xe6d Drivers/STM32L4xx_HAL_Driver/Src/stm32l4xx_hal_rtc_ex.o
 .debug_line    0x00000000000088fc     0x1268 Drivers/STM32L4xx_HAL_Driver/Src/stm32l4xx_hal_uart.o
 .debug_line    0x0000000000009b64      0x8a2 Drivers/STM32L4xx_HAL_Driver/Src/stm32l4xx_hal_uart_ex.o
 .debug_line    0x000000000000a406      0xbf2 Src/Common/Globals.o
 .debug_line    0x000000000000aff8      0xdfa Src/Drivers_Hd/wssfm1xrx.o
 .debug_line    0x000000000000bdf2     0x1acb Src/Kernel/QuarkTS.o
 .debug_line    0x000000000000d8bd      0xdb3 Src/Task/Task.o
 .debug_line    0x000000000000e670      0xbc1 Src/main.o
 .debug_line    0x000000000000f231      0x80b Src/stm32l4xx_hal_msp.o
 .debug_line    0x000000000000fa3c      0x836 Src/stm32l4xx_it.o
 .debug_line    0x0000000000010272      0x559 Src/sysmem.o
 .debug_line    0x00000000000107cb      0x775 Src/system_stm32l4xx.o
 .debug_line    0x0000000000010f40       0x80 Startup/startup_stm32l471rgtx.o

.debug_str      0x0000000000000000    0xf86f9
 .debug_str     0x0000000000000000    0xe8bde Drivers/STM32L4xx_HAL_Driver/Src/stm32l4xx_hal.o
                                      0xe923e (size before relaxing)
 .debug_str     0x00000000000e8bde      0xd8b Drivers/STM32L4xx_HAL_Driver/Src/stm32l4xx_hal_adc.o
                                      0xe94c9 (size before relaxing)
 .debug_str     0x00000000000e9969      0x743 Drivers/STM32L4xx_HAL_Driver/Src/stm32l4xx_hal_adc_ex.o
                                      0xe94ac (size before relaxing)
 .debug_str     0x00000000000ea0ac      0x3e1 Drivers/STM32L4xx_HAL_Driver/Src/stm32l4xx_hal_cortex.o
                                      0xe8fba (size before relaxing)
 .debug_str     0x00000000000ea48d      0x253 Drivers/STM32L4xx_HAL_Driver/Src/stm32l4xx_hal_dma.o
                                      0xe89d4 (size before relaxing)
 .debug_str     0x00000000000ea6e0      0x2ba Drivers/STM32L4xx_HAL_Driver/Src/stm32l4xx_hal_gpio.o
                                      0xe89fb (size before relaxing)
 .debug_str     0x00000000000ea99a      0x435 Drivers/STM32L4xx_HAL_Driver/Src/stm32l4xx_hal_pwr_ex.o
                                      0xe8bf9 (size before relaxing)
 .debug_str     0x00000000000eadcf      0x52d Drivers/STM32L4xx_HAL_Driver/Src/stm32l4xx_hal_rcc.o
                                      0xe8d3e (size before relaxing)
 .debug_str     0x00000000000eb2fc      0x5ee Drivers/STM32L4xx_HAL_Driver/Src/stm32l4xx_hal_rcc_ex.o
                                      0xe8ebd (size before relaxing)
 .debug_str     0x00000000000eb8ea      0x4ef Drivers/STM32L4xx_HAL_Driver/Src/stm32l4xx_hal_rtc.o
                                      0xe8b5c (size before relaxing)