QuarkTS.c:107:9:_qScheduler_TimeDeadlineCheck	16	static
QuarkTS.c:117:6:qEnterCritical	8	static
QuarkTS.c:127:6:qExitCritical	8	static
QuarkTS.c:143:9:qClock2Time	16	static
QuarkTS.c:167:10:qTime2Clock	16	static
QuarkTS.c:189:10:qTaskSelf	4	static
QuarkTS.c:206:9:qTaskIsEnabled	16	static
QuarkTS.c:220:6:qSchedulerSetIdleTask	16	static
QuarkTS.c:229:6:qSchedulerRelease	4	static
QuarkTS.c:241:6:qSchedulerSetReleaseCallback	16	static
QuarkTS.c:257:10:qTaskGetCycles	16	static
QuarkTS.c:280:9:qTaskSendEvent	16	static
QuarkTS.c:302:9:qSchedulerSpreadEvent	24	static
QuarkTS.c:323:6:qTaskSetTime	16	static
QuarkTS.c:342:6:qTaskSetIterations	16	static
QuarkTS.c:356:6:qTaskSetPriority	16	static
QuarkTS.c:372:6:qTaskSetCallback	16	static
QuarkTS.c:386:6:qTaskSetState	16	static
QuarkTS.c:405:6:qTaskSetData	16	static
QuarkTS.c:418:6:qTaskClearTimeElapsed	16	static
QuarkTS.c:441:9:qTaskQueueEvent	24	static
QuarkTS.c:466:6:qSchedulerSetInterruptsED	16	static
QuarkTS.c:472:17:_qScheduler_PriorityQueueGet	16	static
QuarkTS.c:501:10:_qInitScheduler	40	static
QuarkTS.c:559:9:qSchedulerAdd_Task	24	static
QuarkTS.c:608:9:qSchedulerAdd_EventTask	32	static
QuarkTS.c:655:9:qSchedulerAdd_StateMachineTask	40	static
QuarkTS.c:677:9:qSchedulerRemoveTask	24	static
QuarkTS.c:694:17:_qScheduler_PriorizedInsert	16	static
QuarkTS.c:703:13:_qScheduler_FindPlace	24	static
QuarkTS.c:715:17:_qScheduler_RearrangeChain	32	static
QuarkTS.c:767:9:qTaskAttachQueue	24	static
QuarkTS.c:775:19:_qCheckQueueEvents	16	static
QuarkTS.c:786:13:_qTriggerReleaseSchedEvent	8	static
QuarkTS.c:802:6:qSchedulerSysTick	4	static
QuarkTS.c:804:10:qSchedulerGetTick	8	static
QuarkTS.c:815:6:qSchedulerRun	16	static
QuarkTS.c:832:17:_qScheduler_GetNodeFromChain	16	static
QuarkTS.c:841:21:_qScheduler_Dispatch	16	static
QuarkTS.c:894:16:_qScheduler_ReadyTasksAvailable	16	static
QuarkTS.c:956:9:qStateMachine_Init	24	static
QuarkTS.c:970:13:qStatemachine_ExecSubStateIfAvailable	16	static
QuarkTS.c:986:6:qStateMachine_Run	32	static
QuarkTS.c:1029:6:qStateMachine_Attribute	24	static
QuarkTS.c:1080:9:qSTimerSet	24	static
QuarkTS.c:1112:9:qSTimerFreeRun	16	static
QuarkTS.c:1139:9:qSTimerExpired	16	static
QuarkTS.c:1157:10:qSTimerElapsed	16	static
QuarkTS.c:1175:10:qSTimerRemaining	24	static
QuarkTS.c:1190:6:qSTimerDisarm	16	static
QuarkTS.c:1208:9:qSTimerStatus	16	static
QuarkTS.c:1222:6:qSTimerChangeTime	24	static
QuarkTS.c:1242:7:qMemoryAlloc	32	static
QuarkTS.c:1294:6:qMemoryFree	24	static
QuarkTS.c:1313:16:_qQueueValidPowerOfTwo	24	static
QuarkTS.c:1344:9:qQueueCreate	24	static
QuarkTS.c:1362:6:qQueueReset	16	static
QuarkTS.c:1383:9:qQueueIsEmpty	16	static
QuarkTS.c:1399:9:qQueueCount	16	static
QuarkTS.c:1416:9:qQueueIsFull	16	static
QuarkTS.c:1432:7:qQueuePeek	24	static
QuarkTS.c:1456:9:qQueueRemoveFront	16	static
QuarkTS.c:1468:13:qQueueCopyDataToQueue	24	static
QuarkTS.c:1483:13:qQueueMoveReader	16	static
QuarkTS.c:1488:13:qQueueCopyDataFromQueue	16	static
QuarkTS.c:1508:9:qQueueReceive	16	static
QuarkTS.c:1538:9:qQueueGenericSend	24	static
QuarkTS.c:1560:6:qSwapBytes	32	static
QuarkTS.c:1578:9:qCheckEndianness	16	static
QuarkTS.c:1595:6:qOutputRaw	32	static
QuarkTS.c:1613:6:qInputRaw	40	static
QuarkTS.c:1630:6:qOutputString	32	static
QuarkTS.c:1635:13:qNibbleToX	24	static
QuarkTS.c:1641:6:qPrintXData	32	static
QuarkTS.c:1668:7:qU32toX	40	static
QuarkTS.c:1691:10:qXtoU32	24	static
QuarkTS.c:1731:8:qAtoF	48	static
QuarkTS.c:1797:5:qAtoI	24	static
QuarkTS.c:1821:16:__q_revuta	32	static
QuarkTS.c:1858:7:qUtoA	32	static
QuarkTS.c:1888:7:qItoA	32	static
QuarkTS.c:1918:7:qBtoA	16	static
QuarkTS.c:1945:7:qQBtoA	16	static
QuarkTS.c:1981:9:qIsNan	24	static
QuarkTS.c:2000:9:qIsInf	24	static
QuarkTS.c:2025:7:qFtoA	32	static
QuarkTS.c:2125:9:qBSBuffer_Count	16	static
QuarkTS.c:2141:9:qBSBuffer_IsFull	16	static
QuarkTS.c:2157:9:qBSBuffer_Empty	16	static
QuarkTS.c:2173:9:qBSBuffer_Peek	16	static
QuarkTS.c:2190:9:qBSBuffer_Get	16	static
QuarkTS.c:2212:9:qBSBuffer_Read	32	static
QuarkTS.c:2235:9:qBSBuffer_Put	24	static
QuarkTS.c:2258:6:qBSBuffer_Init	24	static
QuarkTS.c:2282:6:qResponseInitialize	16	static
QuarkTS.c:2304:9:qResponseReceived	24	static
QuarkTS.c:2327:9:qResponseReceivedWithTimeout	32	static
QuarkTS.c:2362:9:qResponseISRHandler	16	static
QuarkTS.c:2372:10:qStringHash	24	static
QuarkTS.c:2396:6:__qtrace_func	24	static
QuarkTS.c:2418:9:__qReg_32Bits	24	static
QuarkTS.c:2424:9:__qReg_16Bits	24	static
QuarkTS.c:2430:9:__qReg_08Bits	24	static
QuarkTS.c:2450:9:qEdgeCheck_Initialize	24	static
QuarkTS.c:2475:9:qEdgeCheck_InsertNode	24	static
QuarkTS.c:2498:9:qEdgeCheck_Update	24	static
QuarkTS.c:2550:9:qEdgeCheck_GetNodeStatus	16	static
QuarkTS.c:2565:13:_qATPutc_Wrapper	16	static
QuarkTS.c:2569:13:_qATPuts_Wrapper	24	static
QuarkTS.c:2603:9:qATParser_Setup	24	static
QuarkTS.c:2660:9:qATParser_CmdSubscribe	24	static
QuarkTS.c:2692:9:qATParser_ISRHandler	32	static
QuarkTS.c:2723:9:qATParser_ISRHandlerBlock	24	static
QuarkTS.c:2742:14:_qATParser_FixInput	32	static
QuarkTS.c:2772:9:qATParser_Raise	16	static
QuarkTS.c:2799:9:qSchedulerAdd_ATParserTask	32	static
QuarkTS.c:2804:13:qATParser_TaskCallback	16	static
QuarkTS.c:2821:9:qATParser_Run	48	static
QuarkTS.c:2866:16:_qATParser_PreProcessing	24	static
QuarkTS.c:2924:13:_qATParser_HandleCommandResponse	16	static
QuarkTS.c:2975:7:qATParser_GetArgString	32	static
QuarkTS.c:2995:16:qATParser_NumOfArgs	24	static
QuarkTS.c:3016:7:qATParser_GetArgPtr	24	static
QuarkTS.c:3048:5:qATParser_GetArgInt	16	static
QuarkTS.c:3068:7:qATParser_GetArgFlt	24	static
QuarkTS.c:3089:10:qATParser_GetArgHex	16	static
